07-08 01:32:47.089   635   635 I LineageSystemServer: Starting service org.lineageos.platform.internal.LineageWeatherManagerService
07-08 01:32:47.090   635   635 I SystemServiceManager: Starting org.lineageos.platform.internal.LineageWeatherManagerService
07-08 01:32:47.091   635   635 I LineageSystemServer: Attempting to start service org.lineageos.platform.internal.display.LiveDisplayService
07-08 01:32:47.097   635   635 I LineageSystemServer: Starting service org.lineageos.platform.internal.display.LiveDisplayService
07-08 01:32:47.097   635   635 I SystemServiceManager: Starting org.lineageos.platform.internal.display.LiveDisplayService
07-08 01:32:47.099   635   635 I LineageSystemServer: Attempting to start service org.lineageos.platform.internal.LineageAudioService
07-08 01:32:47.100   635   635 I LineageSystemServer: Starting service org.lineageos.platform.internal.LineageAudioService
07-08 01:32:47.100   635   635 I SystemServiceManager: Starting org.lineageos.platform.internal.LineageAudioService
07-08 01:32:47.107   635   635 I LineageSystemServer: Attempting to start service org.lineageos.platform.internal.StyleInterfaceService
07-08 01:32:47.111   635   635 I LineageSystemServer: Starting service org.lineageos.platform.internal.StyleInterfaceService
07-08 01:32:47.111   635   635 I SystemServiceManager: Starting org.lineageos.platform.internal.StyleInterfaceService
07-08 01:32:47.112   635   635 I LineageSystemServer: Attempting to start service org.lineageos.platform.internal.TrustInterfaceService
07-08 01:32:47.114   635   635 I LineageSystemServer: Starting service org.lineageos.platform.internal.TrustInterfaceService
07-08 01:32:47.115   635   635 I SystemServiceManager: Starting org.lineageos.platform.internal.TrustInterfaceService
07-08 01:32:47.116   635   635 I LineageSystemServer: Attempting to start service org.lineageos.platform.internal.LineageSettingsService
07-08 01:32:47.116   635   635 I LineageSystemServer: Starting service org.lineageos.platform.internal.LineageSettingsService
07-08 01:32:47.116   635   635 I SystemServiceManager: Starting org.lineageos.platform.internal.LineageSettingsService
07-08 01:32:47.116   635   635 I SystemServer: MakeVibratorServiceReady
07-08 01:32:47.118   635   635 I SystemServer: MakeLockSettingsServiceReady
07-08 01:32:47.130   635   635 I SyntheticPasswordManager: Device does not support weaver
07-08 01:32:47.131   635   635 E LockSettingsStorage: Cannot read file java.io.FileNotFoundException: /data/system/password.key: open failed: ENOENT (No such file or directory)
07-08 01:32:47.132   635   635 E LockSettingsStorage: Cannot read file java.io.FileNotFoundException: /data/system/gatekeeper.gesture.key: open failed: ENOENT (No such file or directory)
07-08 01:32:47.132   635   635 E LockSettingsStorage: Cannot read file java.io.FileNotFoundException: /data/system/gesture.key: open failed: ENOENT (No such file or directory)
07-08 01:32:47.132   635   635 I SystemServer: StartBootPhaseLockSettingsReady
07-08 01:32:47.132   635   635 I SystemServiceManager: Starting phase 480
07-08 01:32:47.145   635   635 I DevicePolicyManager: Set ro.device_owner property to false
07-08 01:32:47.155   635   635 I SystemServer: StartBootPhaseSystemServicesReady
07-08 01:32:47.155   635   635 I SystemServiceManager: Starting phase 500
07-08 01:32:47.156   635   635 W UsageStatsService: Missing procfs interface: /proc/uid_procstat/set
07-08 01:32:47.168   635   635 I VrManagerService: No default vr listener service found.
07-08 01:32:47.173   635   635 I WifiService: WifiService starting up with Wi-Fi enabled
07-08 01:32:47.186   635   635 D WifiService: setWifiEnabled: true pid=635, uid=1000, package=android
07-08 01:32:47.187   296   296 I android.hardware.wifi@1.0-service: Wifi HAL started
07-08 01:32:47.196   635  1572 D ConnectivityService: Got NetworkFactory Messenger for Ethernet
07-08 01:32:47.208   635   635 W SoundTriggerHelper: listModules status=0, # of modules=0
07-08 01:32:47.213   635   635 E PerformanceManager: System is not ready, dropping profile request
07-08 01:32:47.214   635   635 I SystemServer: MakeWindowManagerServiceReady
07-08 01:32:47.238   635   635 I ActivityManager: Config changes=20 {1.0 ?mcc?mnc [en_US] ldltr sw360dp w360dp h616dp 480dpi nrml long port finger -keyb/v/h -nav/h appBounds=Rect(0, 0 - 1080, 1920) s.5}
07-08 01:32:47.245   635   635 I ActivityManager: Override config changes=20 {1.0 ?mcc?mnc [en_US] ldltr sw360dp w360dp h616dp 480dpi nrml long port finger -keyb/v/h -nav/h appBounds=Rect(0, 0 - 1080, 1920) s.5} for displayId=0
07-08 01:32:47.263   635   635 I SystemServer: MakePowerManagerServiceReady
07-08 01:32:47.280   635   663 W KeyguardServiceDelegate: onScreenTurningOn(): no keyguard service!
07-08 01:32:47.280   635   635 I SystemServer: MakePackageManagerServiceReady
07-08 01:32:47.292   635   635 V UserDataPreparer: Found /data/user_de/0 with serial number 0
07-08 01:32:47.292   635   635 V UserDataPreparer: Found /data/user/0 with serial number 0
07-08 01:32:47.292   635   635 V UserDataPreparer: Found /data/system_de/0 with serial number 0
07-08 01:32:47.292   635   635 V UserDataPreparer: Found /data/system_ce/0 with serial number 0
07-08 01:32:47.292   635   635 V UserDataPreparer: Found /data/misc_ce/0 with serial number 0
07-08 01:32:47.300   635   635 I SystemServer: MakeDisplayManagerServiceReady
07-08 01:32:47.304   635   635 I ActivityManager: System now ready
07-08 01:32:47.307   635   635 I ActivityManager: Config changes=100 {1.0 ?mcc?mnc [en_US] ldltr sw360dp w360dp h616dp 480dpi nrml long port finger -keyb/v/h -nav/h appBounds=Rect(0, 0 - 1080, 1920) s.6}
07-08 01:32:47.314   635   635 I ActivityManager: Override config changes=100 {1.0 ?mcc?mnc [en_US] ldltr sw360dp w360dp h616dp 480dpi nrml long port finger -keyb/v/h -nav/h appBounds=Rect(0, 0 - 1080, 1920) s.6} for displayId=0
07-08 01:32:47.316   635   635 I SystemServer: Making services ready
07-08 01:32:47.316   635   635 I SystemServer: StartActivityManagerReadyPhase
07-08 01:32:47.316   635   635 I SystemServiceManager: Starting phase 550
07-08 01:32:47.319   635   635 D BluetoothManagerService: Bluetooth boot completed
07-08 01:32:47.319   635   635 D BluetoothManagerService: Auto-enabling Bluetooth.
07-08 01:32:47.320   635   659 D BluetoothManagerService: MESSAGE_ENABLE(0): mBluetooth = null
07-08 01:32:47.329   635   659 I ActivityManager: Start proc 2110:com.android.bluetooth/1002 for service com.android.bluetooth/.btservice.AdapterService
07-08 01:32:47.416   635   635 I ActivityManager: Start proc 2123:com.android.inputmethod.latin/u0a68 for service com.android.inputmethod.latin/.LatinIME
07-08 01:32:47.416   635   635 W SystemServiceManager: Service com.android.server.InputMethodManagerService$Lifecycle took 97 ms in onBootPhase
07-08 01:32:47.417   635  1465 D StorageManagerService: Thinking about init, mSystemReady=true, mDaemonConnected=true
07-08 01:32:47.417   635  1465 D StorageManagerService: Setting up emulation state, initlocked=false
07-08 01:32:47.417   635  1465 D CryptdConnector: SND -> {2 cryptfs unlock_user_key 0 0 ! !}
07-08 01:32:47.417   229   235 D vold    : e4crypt_unlock_user_key 0 serial=0 token_present=0
07-08 01:32:47.418   635  1467 D CryptdConnector: RCV <- {200 2 Command succeeded}
07-08 01:32:47.418   635  1465 D StorageManagerService: Thinking about reset, mSystemReady=true, mDaemonConnected=true
07-08 01:32:47.419   635  1465 D VoldConnector: SND -> {4 volume reset}
07-08 01:32:47.419   635   649 I ActivityManager: Force stopping com.android.providers.media appid=10010 user=-1: vold reset
07-08 01:32:47.419   635  1466 D VoldConnector: RCV <- {651 emulated 7}
07-08 01:32:47.419   635  1466 D VoldConnector: RCV <- {659 emulated}
07-08 01:32:47.419   635   635 W WallpaperManagerService: Invalid wallpaper data
07-08 01:32:47.419   635   635 E WallpaperManagerService: Unable to apply new wallpaper
07-08 01:32:47.420   635   635 V WallpaperManagerService: bindWallpaperComponentLocked: componentName=null
07-08 01:32:47.420   635  1466 D VoldConnector: RCV <- {650 emulated 2 "" ""}
07-08 01:32:47.420   635   635 V WallpaperManagerService: No default component; using image wallpaper
07-08 01:32:47.420   635  1466 D VoldConnector: RCV <- {654 emulated emulated}
07-08 01:32:47.420   635  1466 D VoldConnector: RCV <- {651 emulated 0}
07-08 01:32:47.420   635  1466 D VoldConnector: RCV <- {200 4 Command succeeded}
07-08 01:32:47.420   635  1465 D VoldConnector: SND -> {5 volume user_added 0 0}
07-08 01:32:47.421   635  1466 D VoldConnector: RCV <- {200 5 Command succeeded}
07-08 01:32:47.422   635   658 V StorageManagerService: Found primary storage at VolumeInfo{emulated}:
07-08 01:32:47.422   635   658 V StorageManagerService:     type=EMULATED diskId=null partGuid=null mountFlags=0 mountUserId=-1 
07-08 01:32:47.422   635   658 V StorageManagerService:     state=UNMOUNTED 
07-08 01:32:47.422   635   658 V StorageManagerService:     fsType=null fsUuid=null fsLabel=null 
07-08 01:32:47.422   635   658 V StorageManagerService:     path=null internalPath=null 
07-08 01:32:47.431   635   635 I ActivityManager: Start proc 2128:com.android.systemui/u0a28 for service com.android.systemui/.ImageWallpaper
07-08 01:32:47.432   635  1465 D VoldConnector: SND -> {6 volume mount emulated 3 -1}
07-08 01:32:47.435   635  1466 D VoldConnector: RCV <- {651 emulated 1}
07-08 01:32:47.435   635  1466 D VoldConnector: RCV <- {656 emulated /data/media}
07-08 01:32:47.435   635  1466 D VoldConnector: RCV <- {655 emulated /storage/emulated}
07-08 01:32:47.436   229   234 V vold    : Waiting for FUSE to spin up...
07-08 01:32:47.436   635   635 D UsbAlsaManager: Adding ALSA device AlsaDevice: [card: 0, device: 0, type: 2]
07-08 01:32:47.436   635   635 D UsbAlsaManager: Adding ALSA device AlsaDevice: [card: 0, device: 0, type: 1]
07-08 01:32:47.436   635   635 D UsbAlsaManager: Adding ALSA device AlsaDevice: [card: 0, device: 1, type: 2]
07-08 01:32:47.436   635   635 D UsbAlsaManager: Adding ALSA device AlsaDevice: [card: 0, device: 1, type: 1]
07-08 01:32:47.436   635   635 D UsbAlsaManager: Adding ALSA device AlsaDevice: [card: 0, device: 2, type: 2]
07-08 01:32:47.436   635   635 D UsbAlsaManager: Adding ALSA device AlsaDevice: [card: 0, device: 2, type: 1]
07-08 01:32:47.436   635   635 D UsbAlsaManager: Adding ALSA device AlsaDevice: [card: 0, device: 3, type: 2]
07-08 01:32:47.436   635   635 D UsbAlsaManager: Adding ALSA device AlsaDevice: [card: 0, device: 3, type: 1]
07-08 01:32:47.436   635   635 D UsbAlsaManager: Adding ALSA device AlsaDevice: [card: 0, device: 4, type: 1]
07-08 01:32:47.436   635   635 D UsbAlsaManager: Adding ALSA device AlsaDevice: [card: 0, device: 5, type: 2]
07-08 01:32:47.436   635   635 D UsbAlsaManager: Adding ALSA device AlsaDevice: [card: 0, device: 5, type: 1]
07-08 01:32:47.437   635   635 D UsbAlsaManager: Adding ALSA device AlsaDevice: [card: 0, device: 6, type: 2]
07-08 01:32:47.437   635   635 D UsbAlsaManager: Adding ALSA device AlsaDevice: [card: 0, device: 6, type: 1]
07-08 01:32:47.437   635   635 D UsbAlsaManager: Adding ALSA device AlsaDevice: [card: 0, device: 7, type: 1]
07-08 01:32:47.437   635   635 D UsbAlsaManager: Adding ALSA device AlsaDevice: [card: 0, device: 8, type: 2]
07-08 01:32:47.437   635   635 D UsbAlsaManager: Adding ALSA device AlsaDevice: [card: 0, device: 10, type: 2]
07-08 01:32:47.437   635   635 D UsbAlsaManager: Adding ALSA device AlsaDevice: [card: 0, device: 10, type: 1]
07-08 01:32:47.437   635   635 D UsbAlsaManager: Adding ALSA device AlsaDevice: [card: 0, device: 11, type: 2]
07-08 01:32:47.437   635   635 D UsbAlsaManager: Adding ALSA device AlsaDevice: [card: 0, device: 11, type: 1]
07-08 01:32:47.437   635   635 D UsbAlsaManager: Adding ALSA device AlsaDevice: [card: 0, device: 12, type: 2]
07-08 01:32:47.437   635   635 D UsbAlsaManager: Adding ALSA device AlsaDevice: [card: 0, device: 12, type: 1]
07-08 01:32:47.437   635   635 D UsbAlsaManager: Adding ALSA device AlsaDevice: [card: 0, device: 13, type: 2]
07-08 01:32:47.437   635   635 D UsbAlsaManager: Adding ALSA device AlsaDevice: [card: 0, device: 13, type: 1]
07-08 01:32:47.437   635   635 D UsbAlsaManager: Adding ALSA device AlsaDevice: [card: 0, device: 14, type: 2]
07-08 01:32:47.437   635   635 D UsbAlsaManager: Adding ALSA device AlsaDevice: [card: 0, device: 14, type: 1]
07-08 01:32:47.437   635   635 D UsbAlsaManager: Adding ALSA device AlsaDevice: [card: 0, device: 15, type: 2]
07-08 01:32:47.437   635   635 D UsbAlsaManager: Adding ALSA device AlsaDevice: [card: 0, device: 15, type: 1]
07-08 01:32:47.437   635   635 D UsbAlsaManager: Adding ALSA device AlsaDevice: [card: 0, device: 16, type: 2]
07-08 01:32:47.437   635   635 D UsbAlsaManager: Adding ALSA device AlsaDevice: [card: 0, device: 20, type: 2]
07-08 01:32:47.437   635   635 D UsbAlsaManager: Adding ALSA device AlsaDevice: [card: 0, device: 20, type: 1]
07-08 01:32:47.437   635   635 D UsbAlsaManager: Adding ALSA device AlsaDevice: [card: 0, device: 21, type: 1]
07-08 01:32:47.437   635   635 D UsbAlsaManager: Adding ALSA device AlsaDevice: [card: 0, device: 22, type: 2]
07-08 01:32:47.437   635   635 D UsbAlsaManager: Adding ALSA device AlsaDevice: [card: 0, device: 22, type: 1]
07-08 01:32:47.437   635   635 D UsbAlsaManager: Adding ALSA device AlsaDevice: [card: 0, device: 23, type: 2]
07-08 01:32:47.437   635   635 D UsbAlsaManager: Adding ALSA device AlsaDevice: [card: 0, device: 23, type: 1]
07-08 01:32:47.437   635   635 D UsbAlsaManager: Adding ALSA device AlsaDevice: [card: 0, device: 25, type: 2]
07-08 01:32:47.437   635   635 D UsbAlsaManager: Adding ALSA device AlsaDevice: [card: 0, device: 26, type: 2]
07-08 01:32:47.437   635   635 D UsbAlsaManager: Adding ALSA device AlsaDevice: [card: 0, device: 27, type: 2]
07-08 01:32:47.437   635   635 D UsbAlsaManager: Adding ALSA device AlsaDevice: [card: 0, device: 28, type: 2]
07-08 01:32:47.437   635   635 D UsbAlsaManager: Adding ALSA device AlsaDevice: [card: 0, device: 29, type: 2]
07-08 01:32:47.437   635   635 D UsbAlsaManager: Adding ALSA device AlsaDevice: [card: 0, device: 30, type: 2]
07-08 01:32:47.437   635   635 D UsbAlsaManager: Adding ALSA device AlsaDevice: [card: 0, device: 31, type: 2]
07-08 01:32:47.437   635   635 D UsbAlsaManager: Adding ALSA device AlsaDevice: [card: 0, device: 32, type: 2]
07-08 01:32:47.437   635   635 D UsbAlsaManager: Adding ALSA device AlsaDevice: [card: 0, device: 33, type: 1]
07-08 01:32:47.438   635   635 D UsbAlsaManager: Adding ALSA device AlsaDevice: [card: 0, device: 34, type: 2]
07-08 01:32:47.438   635   635 D UsbAlsaManager: Adding ALSA device AlsaDevice: [card: 0, device: 35, type: 2]
07-08 01:32:47.438   635   635 D UsbAlsaManager: Adding ALSA device AlsaDevice: [card: 0, device: 35, type: 1]
07-08 01:32:47.438   635   635 D UsbAlsaManager: Adding ALSA device AlsaDevice: [card: 0, device: 36, type: 2]
07-08 01:32:47.438   635   635 D UsbAlsaManager: Adding ALSA device AlsaDevice: [card: 0, device: 36, type: 1]
07-08 01:32:47.439   635  1655 D BluetoothManagerService: Creating new ProfileServiceConnections object for profile: 1
07-08 01:32:47.442   635   635 I SystemServer: StartObservingNativeCrashes
07-08 01:32:47.445   635   635 I SystemServer: StartSystemUI
07-08 01:32:47.445   635   647 I SystemServer: WebViewFactoryPreparation
07-08 01:32:47.447   635   635 I SystemServer: MakeNetworkScoreReady
07-08 01:32:47.448   635   635 I SystemServer: MakeNetworkManagementServiceReady
07-08 01:32:47.448   635   635 D NetworkManagement: enabling bandwidth control
07-08 01:32:47.469   635   635 I SystemServer: MakeNetworkStatsServiceReady
07-08 01:32:47.486   229   234 V vold    : Waiting for FUSE to spin up...
07-08 01:32:47.496   635  1505 D NetworkPolicy: setRestrictBackgroundUL(): false
07-08 01:32:47.516   635   647 I ActivityManager: Start proc 2171:WebViewLoader-armeabi-v7a/1037 [android.webkit.WebViewLibraryLoader$RelroFileCreator] for 
07-08 01:32:47.536   635   635 I SystemServer: MakeConnectivityServiceReady
07-08 01:32:47.537   635  1466 D VoldConnector: RCV <- {651 emulated 2}
07-08 01:32:47.537   635  1466 D VoldConnector: RCV <- {200 6 Command succeeded}
07-08 01:32:47.574   635   635 I SystemServer: MakeNetworkPolicyServiceReady
07-08 01:32:47.591   635   635 I SystemServer: StartWatchdog
07-08 01:32:47.592   635   635 I SystemServer: PhaseThirdPartyAppsCanStart
07-08 01:32:47.592   635   635 I SystemServiceManager: Starting phase 600
07-08 01:32:47.596   635   635 V WallpaperManagerService: bindWallpaperComponentLocked: componentName=ComponentInfo{com.android.systemui/com.android.systemui.ImageWallpaper}
07-08 01:32:47.668   635   635 W SystemServiceManager: Service com.android.server.trust.TrustManagerService took 62 ms in onBootPhase
07-08 01:32:47.679   635   635 I SystemServer: MakeLocationServiceReady
07-08 01:32:47.731  2123  2234 E ActivityThread: Failed to find provider info for user_dictionary
07-08 01:32:47.808   635   635 W LocationProviderProxy-network: Odd, no component found for service com.android.location.service.v3.NetworkLocationProvider
07-08 01:32:47.811   635   635 W GeocoderProxy: Odd, no component found for service com.android.location.service.GeocodeProvider
07-08 01:32:47.812   635   635 D LocationManagerService: FLP HAL not supported
07-08 01:32:47.816   635   635 W GeofenceProxy: Odd, no component found for service com.android.location.service.GeofenceProvider
07-08 01:32:47.817   635   635 D LocationManagerService: Hardware Activity-Recognition not supported.
07-08 01:32:47.817   635   635 W ActivityRecognitionProxy: Odd, no component found for service com.android.location.service.ActivityRecognitionProvider
07-08 01:32:47.819   635   649 W BroadcastQueue: Background execution not allowed: receiving Intent { act=android.location.PROVIDERS_CHANGED flg=0x10 } to com.google.android.gms/.chimera.GmsIntentOperationService$PersistentTrustedReceiver
07-08 01:32:47.819   635   649 W BroadcastQueue: Background execution not allowed: receiving Intent { act=android.location.MODE_CHANGED flg=0x10 } to com.google.android.gms/.chimera.GmsIntentOperationService$PersistentTrustedReceiver
07-08 01:32:47.821   635   635 I SystemServer: MakeCountryDetectionServiceReady
07-08 01:32:47.821   635   635 I SystemServer: MakeNetworkTimeUpdateReady
07-08 01:32:47.831   635   635 D ConnectivityService: requestNetwork for uid/pid:1000/635 NetworkRequest [ TRACK_DEFAULT id=6, [ Capabilities: INTERNET&NOT_RESTRICTED&TRUSTED&NOT_VPN] ]
07-08 01:32:47.832   635   635 I SystemServer: MakeCommonTimeManagementServiceReady
07-08 01:32:47.833   635   635 I SystemServer: MakeInputManagerServiceReady
07-08 01:32:47.834   635   635 I SystemServer: MakeTelephonyRegistryReady
07-08 01:32:47.834   635   635 I SystemServer: MakeMediaRouterServiceReady
07-08 01:32:47.834   635   635 I SystemServer: MakeMmsServiceReady
07-08 01:32:47.834   635   635 I MmsServiceBroker: Delay connecting to MmsService until an API is called
07-08 01:32:47.834   635   635 I SystemServer: MakeNetworkScoreServiceReady
07-08 01:32:47.834   635   635 I SystemServer: IncidentDaemonReady
07-08 01:32:47.835   635   635 I SystemServiceManager: Calling onStartUser u0
07-08 01:32:47.851   635   635 I ActivityManager: Start proc 2303:com.android.phone/1001 for added application com.android.phone
07-08 01:32:47.852   635   635 I ActivityManager: START u0 {act=android.intent.action.MAIN cat=[android.intent.category.HOME] flg=0x10000100 cmp=com.android.settings/.FallbackHome} from uid 0
07-08 01:32:47.995   635   635 I ActivityManager: Loaded persisted task ids for user 0
07-08 01:32:48.011   635   635 I ActivityManager: Start proc 2379:com.android.settings/1000 for activity com.android.settings/.FallbackHome
07-08 01:32:48.012   635   650 W Looper  : Dispatch took 174ms on android.ui, h=Handler (com.android.server.am.ActivityManagerService$UiHandler) {ae001b4} cb=null msg=53
07-08 01:32:48.014   635   635 D SystemServerInitThreadPool: Shutdown successful
07-08 01:32:48.015   635   635 E SystemServerTiming: SystemServer init took too long. uptimeMillis=84145
07-08 01:32:48.068   635   648 W LocationProviderProxy-network: Odd, no component found for service com.android.location.service.v3.NetworkLocationProvider
07-08 01:32:48.068   635   648 W GeocoderProxy: Odd, no component found for service com.android.location.service.GeocodeProvider
07-08 01:32:48.069   635   648 W GeofenceProxy: Odd, no component found for service com.android.location.service.GeofenceProvider
07-08 01:32:48.069   635   648 W ActivityRecognitionProxy: Odd, no component found for service com.android.location.service.ActivityRecognitionProvider
07-08 01:32:48.074   635  2233 I ActivityManager: Config changes=100 {1.0 ?mcc?mnc [en_US] ldltr sw360dp w360dp h616dp 480dpi nrml long port finger -keyb/v/h -nav/h appBounds=Rect(0, 0 - 1080, 1920) s.7}
07-08 01:32:48.089   635  2233 I ActivityManager: Override config changes=100 {1.0 ?mcc?mnc [en_US] ldltr sw360dp w360dp h616dp 480dpi nrml long port finger -keyb/v/h -nav/h appBounds=Rect(0, 0 - 1080, 1920) s.7} for displayId=0
07-08 01:32:48.108   635   635 D ConditionProviders.SCP: onConnected
07-08 01:32:48.118   635   635 D ConditionProviders: Subscribing to condition://android/event?userId=-10000&calendar=&reply=1 with ComponentInfo{android/com.android.server.notification.EventConditionProvider}
07-08 01:32:48.118   635   635 D ConditionProviders: Subscribing to condition://android/schedule?days=1.2.3.4.5&start=22.0&end=7.0&exitAtAlarm=false with ComponentInfo{android/com.android.server.notification.ScheduleConditionProvider}
07-08 01:32:48.119   635   635 D ConditionProviders: Subscribing to condition://android/schedule?days=6.7&start=23.30&end=10.0&exitAtAlarm=false with ComponentInfo{android/com.android.server.notification.ScheduleConditionProvider}
07-08 01:32:48.119   635   635 W ContextImpl: Calling a method in the system process without a qualified user: android.app.ContextImpl.startService:1476 com.android.server.content.SyncManager$13.run:722 android.os.Handler.handleCallback:790 android.os.Handler.dispatchMessage:99 android.os.Looper.loop:164 
07-08 01:32:48.259   635  2436 I Telecom : BluetoothRouteManager: getBluetoothAudioConnectedDevice: no headset service available.
07-08 01:32:48.265   635   635 I Telecom : SystemStateProvider: Registering car mode receiver: android.content.IntentFilter@ee78b3f: TS.init@AAA
07-08 01:32:48.286   635  2438 I Telecom : Logging.Events: Non-call EVENT: AUDIO_ROUTE, Entering state QuiescentEarpieceRoute
07-08 01:32:48.306   635  2446 I Telecom : CallAudioModeStateMachine: Message received: null.: TS.init->CAMSM.pM_1@AAA
07-08 01:32:48.355   635   649 W KeyguardServiceDelegate: onScreenTurningOn(): no keyguard service!
07-08 01:32:48.401   635   635 I Telecom : MissedCallNotifierImpl: Boot not yet complete -- call log db may not be available. Deferring loading until boot complete.: TS.init@AAA
07-08 01:32:48.416   635   635 I Telecom : Class: TelecomSystem.INSTANCE being set
07-08 01:32:48.416   635   635 W ContextImpl: Calling a method in the system process without a qualified user: android.app.ContextImpl.startService:1476 android.content.ContextWrapper.startService:650 com.android.server.telecom.components.TelecomService.initializeTelecomSystem:180 com.android.server.telecom.components.TelecomService.onBind:64 android.app.ActivityThread.handleBindService:3366 
07-08 01:32:48.435   635   635 D BluetoothManagerService: BluetoothServiceConnection: com.android.bluetooth.btservice.AdapterService
07-08 01:32:48.437   635   659 D BluetoothManagerService: MESSAGE_BLUETOOTH_SERVICE_CONNECTED: 1
07-08 01:32:48.439   635   659 D BluetoothManagerService: Broadcasting onBluetoothServiceUp() to 2 receivers.
07-08 01:32:48.441   635   659 D BluetoothManagerService: MESSAGE_BLUETOOTH_STATE_CHANGE: OFF > BLE_TURNING_ON
07-08 01:32:48.441   635   659 D BluetoothManagerService: Sending BLE State Change: OFF > BLE_TURNING_ON
07-08 01:32:48.677   635  2401 W WallpaperManagerService: Cannot extract colors because wallpaper could not be read.
07-08 01:32:48.677   635   646 W WallpaperManagerService: Cannot extract colors because wallpaper could not be read.
07-08 01:32:48.689   635   646 I StatusBarManagerService: registerStatusBar bar=com.android.internal.statusbar.IStatusBar$Stub$Proxy@a753820
07-08 01:32:48.692   635   635 V WiredAccessoryManager: notifyWiredAccessoryChanged: when=0 bits= mask=54
07-08 01:32:48.692   635   635 V WiredAccessoryManager: newName=h2w newState=0 headsetState=0 prev headsetState=0
07-08 01:32:48.692   635   635 V WiredAccessoryManager: init()
07-08 01:32:48.735   635  1572 D ConnectivityService: Got NetworkFactory Messenger for PhoneSwitcherNetworkRequstListener
07-08 01:32:48.741   635   635 V NotificationListeners: enabling notification listener for 0: ComponentInfo{org.lineageos.trebuchet/com.android.launcher3.notification.NotificationListener}
07-08 01:32:48.742   635   635 V NotificationListeners: binding: Intent { act=android.service.notification.NotificationListenerService cmp=org.lineageos.trebuchet/com.android.launcher3.notification.NotificationListener (has extras) }
07-08 01:32:48.742   635   635 W ActivityManager: Unable to start service Intent { act=android.service.notification.NotificationListenerService cmp=org.lineageos.trebuchet/com.android.launcher3.notification.NotificationListener } U=0: not found
07-08 01:32:48.742   635   635 W NotificationListeners: Unable to bind notification listener service: Intent { act=android.service.notification.NotificationListenerService cmp=org.lineageos.trebuchet/com.android.launcher3.notification.NotificationListener (has extras) }
07-08 01:32:48.744   635  1572 D ConnectivityService: Got NetworkFactory Messenger for TelephonyNetworkFactory[0]
07-08 01:32:48.757  2303  2560 E ActivityThread: Failed to find provider info for com.android.contacts
07-08 01:32:48.785   635   635 W BroadcastQueue: Background execution not allowed: receiving Intent { act=android.intent.action.ACTION_POWER_DISCONNECTED flg=0x4000010 (has extras) } to com.google.android.gms/.chimera.GmsIntentOperationService$PersistentTrustedReceiver
07-08 01:32:48.788   635   635 D ConditionProviders.SCP: onSubscribe condition://android/schedule?days=1.2.3.4.5&start=22.0&end=7.0&exitAtAlarm=false
07-08 01:32:48.788   635   635 D ConditionProviders.SCP: setRegistered true
07-08 01:32:48.789   635   635 D ConditionProviders.SCP: notifyCondition condition://android/schedule?days=1.2.3.4.5&start=22.0&end=7.0&exitAtAlarm=false STATE_TRUE reason=meetsSchedule
07-08 01:32:48.790   635  1612 E ActivityThread: Failed to find provider info for com.android.calendar
07-08 01:32:48.791   635  1612 E ActivityThread: Failed to find provider info for com.android.calendar
07-08 01:32:48.797  2303  2303 I TelecomFramework: TtyManager: updateUiTtyMode -1 -> 0
07-08 01:32:48.803   635   635 D ConditionProviders.SCP: Scheduling evaluate for Thu Jul 08 07:00:00 GMT+05:30 2021 (1625707800000), in +5h27m11s212ms, now=Thu Jul 08 01:32:48 GMT+05:30 2021 (1625688168788)
07-08 01:32:48.803   635   635 D ConditionProviders.SCP: onSubscribe condition://android/schedule?days=6.7&start=23.30&end=10.0&exitAtAlarm=false
07-08 01:32:48.804   635   635 D ConditionProviders.SCP: notifyCondition condition://android/schedule?days=6.7&start=23.30&end=10.0&exitAtAlarm=false STATE_FALSE reason=!meetsSchedule
07-08 01:32:48.804   635   635 D ConditionProviders.SCP: notifyCondition condition://android/schedule?days=1.2.3.4.5&start=22.0&end=7.0&exitAtAlarm=false STATE_TRUE reason=meetsSchedule
07-08 01:32:48.804   635   635 D ConditionProviders.SCP: Scheduling evaluate for Thu Jul 08 07:00:00 GMT+05:30 2021 (1625707800000), in +5h27m11s197ms, now=Thu Jul 08 01:32:48 GMT+05:30 2021 (1625688168803)
07-08 01:32:48.805   635   648 I SyncManager: Got SyncJobService instance.
07-08 01:32:48.808   635   635 I Telecom : WiredHeadsetManager: ACTION_HEADSET_PLUG event, plugged in: false, : WHC.oADA@AAE
07-08 01:32:48.814   635   635 I AutofillManagerService: Updating Autofill for user 0: disabled=false
07-08 01:32:48.940   635   635 D BluetoothManagerService: Bluetooth Adapter address changed to C0:EE:FB:3A:43:34
07-08 01:32:48.941   635   635 D BluetoothManagerService: Stored Bluetoothaddress: C0:EE:FB:3A:43:34
07-08 01:32:48.941   635   635 D BluetoothManagerService: Bluetooth Adapter name changed to OnePlus One
07-08 01:32:48.941   635   635 D BluetoothManagerService: Stored Bluetooth name: OnePlus One
07-08 01:32:48.967   635   659 D BluetoothManagerService: MESSAGE_BLUETOOTH_STATE_CHANGE: BLE_TURNING_ON > BLE_ON
07-08 01:32:48.967   635   659 D BluetoothManagerService: Bluetooth is in LE only mode
07-08 01:32:48.967   635   659 D BluetoothManagerService: Binding Bluetooth GATT service
07-08 01:32:48.969   635   659 D BluetoothManagerService: Sending BLE State Change: BLE_TURNING_ON > BLE_ON
07-08 01:32:48.969   635   635 D BluetoothManagerService: BluetoothServiceConnection: com.android.bluetooth.gatt.GattService
07-08 01:32:48.969   635   659 D BluetoothManagerService: MESSAGE_BLUETOOTH_SERVICE_CONNECTED: 2
07-08 01:32:48.970   635   659 D BluetoothManagerService: BluetoothGatt Service is Up
07-08 01:32:48.971   635   659 D BluetoothManagerService: Persisting Bluetooth Setting: 1
07-08 01:32:48.971   635   659 D BluetoothManagerService: MESSAGE_BLUETOOTH_STATE_CHANGE: BLE_ON > TURNING_ON
07-08 01:32:48.971   635   659 D BluetoothManagerService: Sending BLE State Change: BLE_ON > TURNING_ON
07-08 01:32:48.972   635   649 W BroadcastQueue: Background execution not allowed: receiving Intent { act=android.bluetooth.adapter.action.STATE_CHANGED flg=0x4000010 (has extras) } to com.google.android.gms/.chimera.GmsIntentOperationService$PersistentTrustedReceiver
07-08 01:32:48.972   635   649 W BroadcastQueue: Background execution not allowed: receiving Intent { act=android.bluetooth.adapter.action.STATE_CHANGED flg=0x4000010 (has extras) } to org.lineageos.settings.device/.Startup
07-08 01:32:48.980   635   635 I Telecom : : - Got BluetoothHeadset: com.android.server.telecom.BluetoothHeadsetProxy@d69ad3: BMSL.oSC@AAI
07-08 01:32:49.007   635   646 I Telecom : PhoneAccountRegistrar: Modify account: [ComponentInfo{com.android.phone/com.android.services.telephony.TelephonyConnectionService}, [****], UserHandle{0}]: TSI.rPA@AAM
07-08 01:32:49.011  2303  2303 I TelecomFramework: AccountEntry: Registered phoneAccount: [[ ] PhoneAccount: ComponentInfo{com.android.phone/com.android.services.telephony.TelephonyConnectionService}, [****], UserHandle{0} Capabilities: CallProvider MultiUser PlaceEmerg SimSub  Audio Routes: BESW Schemes: tel voicemail  Extras: Bundle[{android.telecom.extra.SUPPORTS_VIDEO_CALLING_FALLBACK=false}] GroupId: [****]] with handle: ComponentInfo{com.android.phone/com.android.services.telephony.TelephonyConnectionService}, [****], UserHandle{0}
07-08 01:32:49.011  2303  2303 I TelecomFramework: PstnIncomingCallNotifier: Registering: Handler (com.android.internal.telephony.GsmCdmaPhone) {70ee3a1}
07-08 01:32:49.029  2303  2303 I TelecomFramework: PstnPhoneCapabilitiesNotifier: handleVideoCapabilitesChanged. Video capability - false
07-08 01:32:49.036   635   645 I Telecom : PhoneAccountRegistrar: Modify account: [ComponentInfo{com.android.phone/com.android.services.telephony.TelephonyConnectionService}, [****], UserHandle{0}]: TSI.rPA@AAY
07-08 01:32:49.039   635  2233 I ActivityManager: Start proc 2701:com.google.android.gms.persistent/u0a32 for broadcast com.google.android.gms/.chimera.GmsIntentOperationService$PersistentTrustedReceiver
07-08 01:32:49.045  2303  2303 I TelecomFramework: PstnIncomingCallNotifier: Unregistering: Handler (com.android.internal.telephony.GsmCdmaPhone) {70ee3a1}
07-08 01:32:49.052   635  2233 I Telecom : PhoneAccountRegistrar: Modify account: [ComponentInfo{com.android.phone/com.android.services.telephony.TelephonyConnectionService}, [****], UserHandle{0}]: TSI.rPA@AAc
07-08 01:32:49.055  2303  2303 I TelecomFramework: AccountEntry: Registered phoneAccount: [[ ] PhoneAccount: ComponentInfo{com.android.phone/com.android.services.telephony.TelephonyConnectionService}, [****], UserHandle{0} Capabilities: CallProvider MultiUser PlaceEmerg SimSub  Audio Routes: BESW Schemes: tel voicemail  Extras: Bundle[{android.telecom.extra.SUPPORTS_VIDEO_CALLING_FALLBACK=false}] GroupId: [****]] with handle: ComponentInfo{com.android.phone/com.android.services.telephony.TelephonyConnectionService}, [****], UserHandle{0}
07-08 01:32:49.056  2303  2303 I TelecomFramework: PstnIncomingCallNotifier: Registering: Handler (com.android.internal.telephony.GsmCdmaPhone) {70ee3a1}
07-08 01:32:49.059  2303  2303 I TelecomFramework: PstnPhoneCapabilitiesNotifier: handleVideoCapabilitesChanged. Video capability - false
07-08 01:32:49.068   635  2233 I Telecom : PhoneAccountRegistrar: Modify account: [ComponentInfo{com.android.phone/com.android.services.telephony.TelephonyConnectionService}, [****], UserHandle{0}]: TSI.rPA@AAo
07-08 01:32:49.144  2128  2128 I StatusBar: isKeyguardShowing() called before startKeyguard(), returning true
07-08 01:32:49.145  2128  2128 W StatusBar: isKeyguardSecure() called before startKeyguard(), returning false
07-08 01:32:49.145  2128  2128 W StatusBar: java.lang.Throwable
07-08 01:32:49.145  2128  2128 W StatusBar: 	at com.android.systemui.statusbar.phone.StatusBar.isKeyguardSecure(StatusBar.java:7877)
07-08 01:32:49.145  2128  2128 W StatusBar: 	at com.android.systemui.statusbar.phone.StatusBar.isCameraAllowedByAdmin(StatusBar.java:5751)
07-08 01:32:49.145  2128  2128 W StatusBar: 	at com.android.systemui.statusbar.phone.KeyguardBottomAreaView$DefaultRightButton.getIcon(KeyguardBottomAreaView.java:856)
07-08 01:32:49.145  2128  2128 W StatusBar: 	at com.android.systemui.statusbar.phone.KeyguardBottomAreaView.updateCameraVisibility(KeyguardBottomAreaView.java:382)
07-08 01:32:49.145  2128  2128 W StatusBar: 	at com.android.systemui.statusbar.phone.KeyguardBottomAreaView.setStatusBar(KeyguardBottomAreaView.java:351)
07-08 01:32:49.145  2128  2128 W StatusBar: 	at com.android.systemui.statusbar.phone.NotificationPanelView.setStatusBar(NotificationPanelView.java:278)
07-08 01:32:49.145  2128  2128 W StatusBar: 	at com.android.systemui.statusbar.phone.StatusBar.makeStatusBarView(StatusBar.java:1140)
07-08 01:32:49.145  2128  2128 W StatusBar: 	at com.android.systemui.statusbar.phone.StatusBar.addStatusBarWindow(StatusBar.java:3931)
07-08 01:32:49.145  2128  2128 W StatusBar: 	at com.android.systemui.statusbar.phone.StatusBar.createAndAddWindows(StatusBar.java:3927)
07-08 01:32:49.145  2128  2128 W StatusBar: 	at com.android.systemui.statusbar.phone.StatusBar.start(StatusBar.java:987)
07-08 01:32:49.145  2128  2128 W StatusBar: 	at com.android.systemui.SystemBars.createStatusBarFromConfig(SystemBars.java:71)
07-08 01:32:49.145  2128  2128 W StatusBar: 	at com.android.systemui.SystemBars.start(SystemBars.java:42)
07-08 01:32:49.145  2128  2128 W StatusBar: 	at com.android.systemui.SystemUIApplication.startServicesIfNeeded(SystemUIApplication.java:215)
07-08 01:32:49.145  2128  2128 W StatusBar: 	at com.android.systemui.SystemUIApplication.startServicesIfNeeded(SystemUIApplication.java:164)
07-08 01:32:49.145  2128  2128 W StatusBar: 	at com.android.systemui.keyguard.KeyguardService.onCreate(KeyguardService.java:48)
07-08 01:32:49.145  2128  2128 W StatusBar: 	at android.app.ActivityThread.handleCreateService(ActivityThread.java:3339)
07-08 01:32:49.145  2128  2128 W StatusBar: 	at android.app.ActivityThread.-wrap4(Unknown Source:0)
07-08 01:32:49.145  2128  2128 W StatusBar: 	at android.app.ActivityThread$H.handleMessage(ActivityThread.java:1677)
07-08 01:32:49.145  2128  2128 W StatusBar: 	at android.os.Handler.dispatchMessage(Handler.java:106)
07-08 01:32:49.145  2128  2128 W StatusBar: 	at android.os.Looper.loop(Looper.java:164)
07-08 01:32:49.145  2128  2128 W StatusBar: 	at android.app.ActivityThread.main(ActivityThread.java:6494)
07-08 01:32:49.145  2128  2128 W StatusBar: 	at java.lang.reflect.Method.invoke(Native Method)
07-08 01:32:49.145  2128  2128 W StatusBar: 	at com.android.internal.os.RuntimeInit$MethodAndArgsCaller.run(RuntimeInit.java:440)
07-08 01:32:49.145  2128  2128 W StatusBar: 	at com.android.internal.os.ZygoteInit.main(ZygoteInit.java:807)
07-08 01:32:49.150   635   659 D BluetoothManagerService: MESSAGE_BLUETOOTH_STATE_CHANGE: TURNING_ON > ON
07-08 01:32:49.150   635   659 D BluetoothManagerService: Broadcasting onBluetoothStateChange(true) to 5 receivers.
07-08 01:32:49.151   635   659 D BluetoothManagerService: Sending BLE State Change: TURNING_ON > ON
07-08 01:32:49.152   635   635 I Telecom : BluetoothPhoneService: queryPhoneState: BPSI.qPS@AAs
07-08 01:32:49.153   635   635 I Telecom : BluetoothPhoneService: updateHeadsetWithCallState numActive 0, numHeld 0, callState 6, ringing number [****], ringing type 128: BPSI.qPS@AAs
07-08 01:32:49.175  2128  2128 I StatusBar: isKeyguardShowing() called before startKeyguard(), returning true
07-08 01:32:49.176  2128  2128 W StatusBar: isKeyguardSecure() called before startKeyguard(), returning false
07-08 01:32:49.176  2128  2128 W StatusBar: java.lang.Throwable
07-08 01:32:49.176  2128  2128 W StatusBar: 	at com.android.systemui.statusbar.phone.StatusBar.isKeyguardSecure(StatusBar.java:7877)
07-08 01:32:49.176  2128  2128 W StatusBar: 	at com.android.systemui.statusbar.phone.StatusBar.isCameraAllowedByAdmin(StatusBar.java:5751)
07-08 01:32:49.176  2128  2128 W StatusBar: 	at com.android.systemui.statusbar.phone.KeyguardBottomAreaView$DefaultRightButton.getIcon(KeyguardBottomAreaView.java:856)
07-08 01:32:49.176  2128  2128 W StatusBar: 	at com.android.systemui.statusbar.phone.KeyguardBottomAreaView.updateCameraVisibility(KeyguardBottomAreaView.java:382)
07-08 01:32:49.176  2128  2128 W StatusBar: 	at com.android.systemui.statusbar.phone.KeyguardBottomAreaView.setUserSetupComplete(KeyguardBottomAreaView.java:360)
07-08 01:32:49.176  2128  2128 W StatusBar: 	at com.android.systemui.statusbar.phone.NotificationPanelView.setUserSetupComplete(NotificationPanelView.java:2706)
07-08 01:32:49.176  2128  2128 W StatusBar: 	at com.android.systemui.statusbar.phone.StatusBar.makeStatusBarView(StatusBar.java:1284)
07-08 01:32:49.176  2128  2128 W StatusBar: 	at com.android.systemui.statusbar.phone.StatusBar.addStatusBarWindow(StatusBar.java:3931)
07-08 01:32:49.176  2128  2128 W StatusBar: 	at com.android.systemui.statusbar.phone.StatusBar.createAndAddWindows(StatusBar.java:3927)
07-08 01:32:49.176  2128  2128 W StatusBar: 	at com.android.systemui.statusbar.phone.StatusBar.start(StatusBar.java:987)
07-08 01:32:49.176  2128  2128 W StatusBar: 	at com.android.systemui.SystemBars.createStatusBarFromConfig(SystemBars.java:71)
07-08 01:32:49.176  2128  2128 W StatusBar: 	at com.android.systemui.SystemBars.start(SystemBars.java:42)
07-08 01:32:49.176  2128  2128 W StatusBar: 	at com.android.systemui.SystemUIApplication.startServicesIfNeeded(SystemUIApplication.java:215)
07-08 01:32:49.176  2128  2128 W StatusBar: 	at com.android.systemui.SystemUIApplication.startServicesIfNeeded(SystemUIApplication.java:164)
07-08 01:32:49.176  2128  2128 W StatusBar: 	at com.android.systemui.keyguard.KeyguardService.onCreate(KeyguardService.java:48)
07-08 01:32:49.176  2128  2128 W StatusBar: 	at android.app.ActivityThread.handleCreateService(ActivityThread.java:3339)
07-08 01:32:49.176  2128  2128 W StatusBar: 	at android.app.ActivityThread.-wrap4(Unknown Source:0)
07-08 01:32:49.176  2128  2128 W StatusBar: 	at android.app.ActivityThread$H.handleMessage(ActivityThread.java:1677)
07-08 01:32:49.176  2128  2128 W StatusBar: 	at android.os.Handler.dispatchMessage(Handler.java:106)
07-08 01:32:49.176  2128  2128 W StatusBar: 	at android.os.Looper.loop(Looper.java:164)
07-08 01:32:49.176  2128  2128 W StatusBar: 	at android.app.ActivityThread.main(ActivityThread.java:6494)
07-08 01:32:49.176  2128  2128 W StatusBar: 	at java.lang.reflect.Method.invoke(Native Method)
07-08 01:32:49.176  2128  2128 W StatusBar: 	at com.android.internal.os.RuntimeInit$MethodAndArgsCaller.run(RuntimeInit.java:440)
07-08 01:32:49.176  2128  2128 W StatusBar: 	at com.android.internal.os.ZygoteInit.main(ZygoteInit.java:807)
07-08 01:32:49.265  2128  2128 I StatusBar: isKeyguardShowing() called before startKeyguard(), returning true
07-08 01:32:49.266  2128  2128 W StatusBar: isKeyguardSecure() called before startKeyguard(), returning false
07-08 01:32:49.266  2128  2128 W StatusBar: java.lang.Throwable
07-08 01:32:49.266  2128  2128 W StatusBar: 	at com.android.systemui.statusbar.phone.StatusBar.isKeyguardSecure(StatusBar.java:7877)
07-08 01:32:49.266  2128  2128 W StatusBar: 	at com.android.systemui.statusbar.phone.StatusBar.isCameraAllowedByAdmin(StatusBar.java:5751)
07-08 01:32:49.266  2128  2128 W StatusBar: 	at com.android.systemui.statusbar.phone.KeyguardBottomAreaView$DefaultRightButton.getIcon(KeyguardBottomAreaView.java:856)
07-08 01:32:49.266  2128  2128 W StatusBar: 	at com.android.systemui.statusbar.phone.KeyguardBottomAreaView.updateCameraVisibility(KeyguardBottomAreaView.java:382)
07-08 01:32:49.266  2128  2128 W StatusBar: 	at com.android.systemui.statusbar.phone.KeyguardBottomAreaView.setUserSetupComplete(KeyguardBottomAreaView.java:360)
07-08 01:32:49.266  2128  2128 W StatusBar: 	at com.android.systemui.statusbar.phone.NotificationPanelView.setUserSetupComplete(NotificationPanelView.java:2706)
07-08 01:32:49.266  2128  2128 W StatusBar: 	at com.android.systemui.statusbar.phone.StatusBar$2.onUserSetupChanged(StatusBar.java:610)
07-08 01:32:49.266  2128  2128 W StatusBar: 	at com.android.systemui.statusbar.policy.DeviceProvisionedControllerImpl.addCallback(DeviceProvisionedControllerImpl.java:69)
07-08 01:32:49.266  2128  2128 W StatusBar: 	at com.android.systemui.statusbar.policy.DeviceProvisionedControllerImpl.addCallback(DeviceProvisionedControllerImpl.java:63)
07-08 01:32:49.266  2128  2128 W StatusBar: 	at com.android.systemui.statusbar.phone.StatusBar.makeStatusBarView(StatusBar.java:1375)
07-08 01:32:49.266  2128  2128 W StatusBar: 	at com.android.systemui.statusbar.phone.StatusBar.addStatusBarWindow(StatusBar.java:3931)
07-08 01:32:49.266  2128  2128 W StatusBar: 	at com.android.systemui.statusbar.phone.StatusBar.createAndAddWindows(StatusBar.java:3927)
07-08 01:32:49.266  2128  2128 W StatusBar: 	at com.android.systemui.statusbar.phone.StatusBar.start(StatusBar.java:987)
07-08 01:32:49.266  2128  2128 W StatusBar: 	at com.android.systemui.SystemBars.createStatusBarFromConfig(SystemBars.java:71)
07-08 01:32:49.266  2128  2128 W StatusBar: 	at com.android.systemui.SystemBars.start(SystemBars.java:42)
07-08 01:32:49.266  2128  2128 W StatusBar: 	at com.android.systemui.SystemUIApplication.startServicesIfNeeded(SystemUIApplication.java:215)
07-08 01:32:49.266  2128  2128 W StatusBar: 	at com.android.systemui.SystemUIApplication.startServicesIfNeeded(SystemUIApplication.java:164)
07-08 01:32:49.266  2128  2128 W StatusBar: 	at com.android.systemui.keyguard.KeyguardService.onCreate(KeyguardService.java:48)
07-08 01:32:49.266  2128  2128 W StatusBar: 	at android.app.ActivityThread.handleCreateService(ActivityThread.java:3339)
07-08 01:32:49.266  2128  2128 W StatusBar: 	at android.app.ActivityThread.-wrap4(Unknown Source:0)
07-08 01:32:49.266  2128  2128 W StatusBar: 	at android.app.ActivityThread$H.handleMessage(ActivityThread.java:1677)
07-08 01:32:49.266  2128  2128 W StatusBar: 	at android.os.Handler.dispatchMessage(Handler.java:106)
07-08 01:32:49.266  2128  2128 W StatusBar: 	at android.os.Looper.loop(Looper.java:164)
07-08 01:32:49.266  2128  2128 W StatusBar: 	at android.app.ActivityThread.main(ActivityThread.java:6494)
07-08 01:32:49.266  2128  2128 W StatusBar: 	at java.lang.reflect.Method.invoke(Native Method)
07-08 01:32:49.266  2128  2128 W StatusBar: 	at com.android.internal.os.RuntimeInit$MethodAndArgsCaller.run(RuntimeInit.java:440)
07-08 01:32:49.266  2128  2128 W StatusBar: 	at com.android.internal.os.ZygoteInit.main(ZygoteInit.java:807)
07-08 01:32:49.323  2128  2541 E ActivityThread: Failed to find provider info for com.android.contacts
07-08 01:32:49.364   635  2401 D CryptdConnector: SND -> {3 cryptfs getpw}
07-08 01:32:49.365   229   235 D VoldCryptCmdListener: cryptfs getpw
07-08 01:32:49.366   635  1467 D CryptdConnector: RCV <- {200 3 -1}
07-08 01:32:49.367   635  2401 D CryptdConnector: SND -> {4 cryptfs clearpw}
07-08 01:32:49.367   229   235 D VoldCryptCmdListener: cryptfs clearpw
07-08 01:32:49.367   635  1467 D CryptdConnector: RCV <- {200 4 0}
07-08 01:32:49.370  2128  2535 E ActivityThread: Failed to find provider info for com.android.contacts
07-08 01:32:49.508   229  1484 I vold    : Trimmed 39249272832 bytes on /data in 4033ms
07-08 01:32:49.508   635  1466 D VoldConnector: RCV <- {662 /data 39249272832 4033832642}
07-08 01:32:49.509   229  1484 D vold    : Starting trim of /cache
07-08 01:32:49.558  2128  2541 E ActivityThread: Failed to find provider info for com.android.contacts
07-08 01:32:49.565   229  1484 I vold    : Trimmed 507285504 bytes on /cache in 55ms
07-08 01:32:49.565   635  1466 D VoldConnector: RCV <- {662 /cache 507285504 55658390}
07-08 01:32:49.571  2128  2535 E ActivityThread: Failed to find provider info for com.android.contacts
07-08 01:32:49.647   635  1514 D WifiService: New client listening to asynchronous messages
07-08 01:32:49.684  2701  2701 E ActivityThread: Failed to find provider info for com.google.android.gsf.gservices
07-08 01:32:49.767  2701  2701 I chatty  : uid=10032 com.google.android.gms.persistent identical 18 lines
07-08 01:32:49.769  2701  2701 E ActivityThread: Failed to find provider info for com.google.android.gsf.gservices
07-08 01:32:49.780  2303  2303 I TelecomFramework: PstnIncomingCallNotifier: Unregistering: Handler (com.android.internal.telephony.GsmCdmaPhone) {70ee3a1}
07-08 01:32:49.787   635  2233 I Telecom : PhoneAccountRegistrar: Modify account: [ComponentInfo{com.android.phone/com.android.services.telephony.TelephonyConnectionService}, [****], UserHandle{0}]: TSI.rPA@AA4
07-08 01:32:49.790  2303  2303 I TelecomFramework: AccountEntry: Registered phoneAccount: [[ ] PhoneAccount: ComponentInfo{com.android.phone/com.android.services.telephony.TelephonyConnectionService}, [****], UserHandle{0} Capabilities: CallProvider MultiUser PlaceEmerg SimSub  Audio Routes: BESW Schemes: tel voicemail  Extras: Bundle[{android.telecom.extra.SUPPORTS_VIDEO_CALLING_FALLBACK=false}] GroupId: [****]] with handle: ComponentInfo{com.android.phone/com.android.services.telephony.TelephonyConnectionService}, [****], UserHandle{0}
07-08 01:32:49.790  2303  2303 I TelecomFramework: PstnIncomingCallNotifier: Registering: Handler (com.android.internal.telephony.GsmCdmaPhone) {70ee3a1}
07-08 01:32:49.793  2303  2303 I TelecomFramework: PstnPhoneCapabilitiesNotifier: handleVideoCapabilitesChanged. Video capability - false
07-08 01:32:49.799   635  2155 I Telecom : PhoneAccountRegistrar: Modify account: [ComponentInfo{com.android.phone/com.android.services.telephony.TelephonyConnectionService}, [****], UserHandle{0}]: TSI.rPA@ABE
07-08 01:32:49.842  2128  2128 I PowerUI.Notification: show low battery warning: level=13 [-1] playSound=true
07-08 01:32:49.877  2701  2701 E ActivityThread: Failed to find provider info for com.google.android.gsf.gservices
07-08 01:32:50.224  2701  2701 I chatty  : uid=10032 com.google.android.gms.persistent identical 58 lines
07-08 01:32:50.224  2701  2701 E ActivityThread: Failed to find provider info for com.google.android.gsf.gservices
07-08 01:32:50.227  2701  2827 E ActivityThread: Failed to find provider info for com.google.android.gsf.gservices
07-08 01:32:50.229  2701  2827 E ActivityThread: Failed to find provider info for com.google.android.gsf.gservices
07-08 01:32:50.230  2701  2701 E ActivityThread: Failed to find provider info for com.google.android.gsf.gservices
07-08 01:32:50.248  2701  2701 I chatty  : uid=10032 com.google.android.gms.persistent identical 6 lines
07-08 01:32:50.254  2701  2701 E ActivityThread: Failed to find provider info for com.google.android.gsf.gservices
07-08 01:32:50.254  2701  2827 E ActivityThread: Failed to find provider info for com.google.android.gsf.gservices
07-08 01:32:50.255  2701  2701 E ActivityThread: Failed to find provider info for com.google.android.gsf.gservices
07-08 01:32:50.255  2701  2827 E ActivityThread: Failed to find provider info for com.google.android.gsf.gservices
07-08 01:32:50.256  2701  2827 I chatty  : uid=10032 com.google.android.gms.persistent identical 1 line
07-08 01:32:50.256  2701  2827 E ActivityThread: Failed to find provider info for com.google.android.gsf.gservices
07-08 01:32:50.270  2701  2701 E ActivityThread: Failed to find provider info for com.google.android.gsf.gservices
07-08 01:32:50.272  2701  2701 I chatty  : uid=10032 com.google.android.gms.persistent identical 1 line
07-08 01:32:50.285  2701  2701 E ActivityThread: Failed to find provider info for com.google.android.gsf.gservices
07-08 01:32:50.294  2701  2831 E ActivityThread: Failed to find provider info for com.google.android.gsf.gservices
07-08 01:32:50.295  2701  2831 E ActivityThread: Failed to find provider info for com.google.android.gsf.gservices
07-08 01:32:50.298  2701  2701 E ActivityThread: Failed to find provider info for com.google.android.gsf.gservices
07-08 01:32:50.313  2701  2701 I chatty  : uid=10032 com.google.android.gms.persistent identical 6 lines
07-08 01:32:50.314  2701  2701 E ActivityThread: Failed to find provider info for com.google.android.gsf.gservices
07-08 01:32:50.317  2701  2831 E ActivityThread: Failed to find provider info for com.google.android.gsf.gservices
