07-08 01:33:07.342  3943  4156 I IOCanary.JNI: try to hook function in libopenjdkjvm.so.
07-08 01:33:07.346  3399  3513 W MediaCodec-JNI: try to release MediaCodec from JMediaCodec::~JMediaCodec()...
07-08 01:33:07.347  3399  3513 W MediaCodec-JNI: done releasing MediaCodec from JMediaCodec::~JMediaCodec().
07-08 01:33:07.358  3943  4156 I IOCanary.JNI: try to hook function in libjavacore.so.
07-08 01:33:07.373  3943  4156 I IOCanary.JNI: try to hook function in libopenjdk.so.
07-08 01:33:07.381  3943  4156 I IOCanary.JNI: doHook done.
07-08 01:33:07.413  4311  4326 D BluetoothHeadset: Proxy object connected
07-08 01:33:07.421  4372  4372 I Finsky  : [2] hkp.ay(5): Process created at version: 25.2.22-21 [0] [PR] 371378105
07-08 01:33:07.533  4311  4311 D BluetoothA2dp: Proxy object connected
07-08 01:33:07.533  4311  4311 D BluetoothHealth: Proxy object connected
07-08 01:33:07.728  3849  3867 I zygote  : Waiting for a blocking GC ProfileSaver
07-08 01:33:07.734  3849  3867 I zygote  : WaitForGcToComplete blocked ProfileSaver on AddRemoveAppImageSpace for 6.110ms
07-08 01:33:07.741   635  3244 W ActivityManager: Unable to start service Intent { act=com.tencent.soter.soterserver.ISoterService pkg=com.tencent.soter.soterserver } U=0: not found
07-08 01:33:07.753  3849  3859 I zygote  : WaitForGcToComplete blocked CollectorTransition on ProfileSaver for 13.177ms
07-08 01:33:07.821  4411  4411 W System  : ClassLoader referenced unknown path: 
07-08 01:33:07.839   635   644 I zygote  : Background concurrent copying GC freed 18608(1045KB) AllocSpace objects, 6(132KB) LOS objects, 42% free, 12MB/22MB, paused 153us total 916.407ms
07-08 01:33:07.851  4411  4411 W zygote  : Unsupported class loader
07-08 01:33:07.857  4411  4411 W zygote  : Skipping duplicate class check due to unsupported classloader
07-08 01:33:07.867  4372  4440 I Finsky  : [193] adva.a(18): Finished reading experiment flags from file [0tGUNCGIkbk4o6-fQ335kUYSKwVj4lusnHT-A5Dsy08].
07-08 01:33:07.879  3849  4467 E libc    : Access denied finding property "net.dns1"
07-08 01:33:07.879  3849  4467 E libc    : Access denied finding property "net.dns2"
07-08 01:33:07.956  4411  4411 I zygote  : Failed to add image file Failed to flatten class loader hierarchy 'Unknown class loader type com.tencent.tinker.loader.AndroidNClassLoader'
07-08 01:33:08.010  3849  4467 I mars::stn: [longlink_connect_monitor.cc, __LongLinkStateToSystemLog, 118]:longlink_progress longlink state: connecting time: 104141
07-08 01:33:08.023  3314  4341 I chatty  : uid=10032(com.google.android.gms) expire 10 lines
07-08 01:33:08.028  3849  4485 E libc    : Access denied finding property "net.dns1"
07-08 01:33:08.028  3849  4485 E libc    : Access denied finding property "net.dns2"
07-08 01:33:08.039  3849  4473 E libc    : Access denied finding property "net.dns1"
07-08 01:33:08.039  3849  4473 E libc    : Access denied finding property "net.dns2"
07-08 01:33:08.104   635  4310 D vndksupport: Loading /vendor/lib/hw/android.hardware.vibrator@1.0-impl.so from current namespace instead of sphal namespace.
07-08 01:33:08.105   635  4310 D vndksupport: Loading /vendor/lib/hw/vibrator.default.so from current namespace instead of sphal namespace.
07-08 01:33:08.106   635  4310 D         : Vibrator using timed_output
07-08 01:33:08.130  3912  3927 I zygote  : Waiting for a blocking GC ProfileSaver
07-08 01:33:08.150  2701  3390 I chatty  : uid=10032 com.google.android.gms.persistent expire 5 lines
07-08 01:33:08.153   635  1655 D AudioService: Stream muted, skip playback
07-08 01:33:08.154  3314  3314 I chatty  : uid=10032(com.google.android.gms) expire 76 lines
07-08 01:33:08.181  3912  3927 I zygote  : WaitForGcToComplete blocked ProfileSaver on AddRemoveAppImageSpace for 51.750ms
07-08 01:33:08.189  4372  4438 I Finsky  : [192] adva.a(18): Finished reading experiment flags from file [5_gLQfZBoMca5LjXuX5pLf8J3ogBxehw0cZ5QzLLy3o].
07-08 01:33:08.201  4372  4372 I Finsky  : [2] adva.a(18): Finished reading experiment flags from file [Se-xCc4LzNyh3UrKMIU2sUf-PUKz4oQEbpKZDMuaFno].
07-08 01:33:08.204  3849  4467 E libc    : Access denied finding property "net.dns1"
07-08 01:33:08.205  3849  4467 E libc    : Access denied finding property "net.dns2"
07-08 01:33:08.226  4372  4372 I Finsky  : [2] ahob.<init>(3): Resetting scheduler db
07-08 01:33:08.240  4372  4436 I Finsky  : [191] aqei.a(2): Not a unicorn account
07-08 01:33:08.257  3314  3665 I chatty  : uid=10032(com.google.android.gms) lowpool[2] expire 3 lines
07-08 01:33:08.263  3202  4243 I chatty  : uid=10043 com.google.android.googlequicksearchbox:search expire 6 lines
07-08 01:33:08.264   635  1655 D AudioService: Stream muted, skip playback
07-08 01:33:08.279  2701  2707 I chatty  : uid=10032(com.google.android.gms) Jit thread pool expire 5 lines
07-08 01:33:08.299  4411  4411 I MMKV    : <native-bridge.cpp:95::JNI_OnLoad> current API level = 27
07-08 01:33:08.299  4411  4411 I MMKV    : <MMKV.cpp:192::initialize> page size:4096
07-08 01:33:08.299  4411  4411 I MMKV    : <MMKV.cpp:206::initializeMMKV> root dir: /data/user/0/com.tencent.mm/files/mmkv
07-08 01:33:08.319  3849  4467 I mars::stn: [longlink_connect_monitor.cc, NetworkChange, 235]:longlink_progress network change time: 104450
07-08 01:33:08.319  3849  4467 I mars::stn: [longlink_connect_monitor.cc, __IntervalConnect, 248]:longlink_progress next connect interval: 0, process active state: true, process foreground: false
07-08 01:33:08.371  3849  4516 E libc    : Access denied finding property "net.dns1"
07-08 01:33:08.372  3849  4516 E libc    : Access denied finding property "net.dns2"
07-08 01:33:08.380  3943  4511 I Adreno-EGL: <qeglDrvAPI_eglInitialize:379>: EGL 1.4 QUALCOMM build: Nondeterministic_AU_msm8974_LA.BF.1.1.3_RB1__release_AU (I741a3d36ca)
07-08 01:33:08.380  3943  4511 I Adreno-EGL: OpenGL ES Shader Compiler Version: E031.29.00.00
07-08 01:33:08.380  3943  4511 I Adreno-EGL: Build Date: 04/04/16 Mon
07-08 01:33:08.380  3943  4511 I Adreno-EGL: Local Branch: mybranch19053788
07-08 01:33:08.380  3943  4511 I Adreno-EGL: Remote Branch: quic/LA.BF.1.1.3_rb1.12
07-08 01:33:08.380  3943  4511 I Adreno-EGL: Local Patches: NONE
07-08 01:33:08.380  3943  4511 I Adreno-EGL: Reconstruct Branch: NOTHING
07-08 01:33:08.381  3849  4509 E libc    : Access denied finding property "net.dns1"
07-08 01:33:08.381  3849  4509 E libc    : Access denied finding property "net.dns2"
07-08 01:33:08.401  4372  4436 I Finsky  : [191] acvc.<init>(3): PackageMonitorReceiverImpl - Registering in memory receiver for android.intent.action.PACKAGE_ADDED and android.intent.action.PACKAGE_REMOVED
07-08 01:33:08.403   635  1655 D AudioService: Stream muted, skip playback
07-08 01:33:08.404  3943  4511 I zygote  : android::hardware::configstore::V1_0::ISurfaceFlingerConfigs::hasWideColorDisplay retrieved: 0
07-08 01:33:08.411  3943  4511 W Adreno-EGL: <qeglDrvAPI_eglGetConfigAttrib:607>: EGL_BAD_ATTRIBUTE
07-08 01:33:08.428  4372  4438 I cr_CronetLibraryLoader: Cronet version: 92.0.4489.4, arch: armv7l
07-08 01:33:08.441  3849  4467 I mars::stn: [longlink_connect_monitor.cc, __LongLinkStateToSystemLog, 118]:longlink_progress longlink state: connect failed connect socket error, disconnected time: 104572
07-08 01:33:08.465  3943  4511 I zygote  : System.exit called, status: 0
07-08 01:33:08.465  3943  4511 I AndroidRuntime: VM exiting with result code 0, cleanup skipped.
07-08 01:33:08.488  4372  4436 I Finsky  : [191] anvm.a(2): SysUA: Disable SystemUpdateActivity, because Android is lower than Q
07-08 01:33:08.499   635  3244 I ActivityManager: Process com.tencent.mm:gpuhook (pid 3943) has died: svcb SVC 
07-08 01:33:08.499   635  3244 W ActivityManager: Scheduling restart of crashed service com.tencent.mm/.gpu.service.GpuHookServiceImpl in 1000ms
07-08 01:33:08.500   635   651 W zygote  : kill(-3943, 9) failed: No such process
07-08 01:33:08.500   635   651 I zygote  : Successfully killed process cgroup uid 10093 pid 3943 in 1ms
07-08 01:33:08.512  4411  4411 E ActivityThread: Failed to find provider info for com.tencent.mm.coolassist.debugprovider
07-08 01:33:08.517  4372  4468 I Finsky  : [196] anvl.run(4): SysUA: Set SystemUpdateActivity enabled state to 2
07-08 01:33:08.540   635  1655 D AudioService: Stream muted, skip playback
07-08 01:33:08.629  4372  4436 W Settings: Setting download_manager_max_bytes_over_mobile has moved from android.provider.Settings.Secure to android.provider.Settings.Global.
07-08 01:33:08.630  4372  4436 I Finsky  : [191] aaks.i(3): SettingNotFoundException, fall through to G.downloadBytesOverMobileMaximum
07-08 01:33:08.630  4372  4436 W Settings: Setting download_manager_recommended_max_bytes_over_mobile has moved from android.provider.Settings.Secure to android.provider.Settings.Global.
07-08 01:33:08.632  4372  4436 I Finsky  : [191] aaks.j(3): SettingNotFoundException, fall through to G.downloadBytesOverMobileRecommended
07-08 01:33:08.634  3849  4467 I mars::stn: [longlink_connect_monitor.cc, __LongLinkStateToSystemLog, 118]:longlink_progress longlink state: connecting time: 104765
07-08 01:33:08.638   635  1655 D AudioService: Stream muted, skip playback
07-08 01:33:08.690  4372  4436 I Finsky  : [191] bchc.c(2): registerListener
07-08 01:33:08.691  4372  4436 I Finsky  : [191] bchc.c(2): registerListener
07-08 01:33:08.694  4372  4436 I Finsky  : [191] xon.n(5): Enqueuing libraries load for 269922067
07-08 01:33:08.695  4372  4508 I Finsky  : [206] xon.o(1): Starting libraries load for 269922067
07-08 01:33:08.700  4372  4436 I Finsky  : [191] lsu.j(3): Subscription detail: N/A
07-08 01:33:08.710  4372  4436 I Finsky  : [191] asrg.v(2): Setup app restrictions monitor
07-08 01:33:08.714  4372  4436 I Finsky  : [191] astc.a(3): Device wide unknown source restriction is changed.
07-08 01:33:08.715  4372  4432 I Finsky  : [190] arux.a(1): Warm data store was already initialized.
07-08 01:33:08.749  4372  4503 I Finsky  : [203] wrj.<init>(2): Item store provider started.
07-08 01:33:08.757  3849  4563 E libc    : Access denied finding property "net.dns1"
07-08 01:33:08.757  3849  4563 E libc    : Access denied finding property "net.dns2"
07-08 01:33:08.766   635  1655 D AudioService: Stream muted, skip playback
07-08 01:33:08.772  4372  4503 I Finsky  : [203] wrj.a(5): Created new item store.
07-08 01:33:08.775  4372  4372 I Finsky  : [2] sdd.j(1): Scheduling NO_RECENT_SUCCESS in onApplicationCreate
07-08 01:33:08.783  4372  4372 I Finsky  : [2] nsr.a(3): Scheduling UploadDynamicConfig.
07-08 01:33:08.804  4372  4372 I Finsky  : [2] tnz.<init>(13): Installer: Setting Parallelism[DEFAULT]
07-08 01:33:08.805  4372  4372 I Finsky  : [2] tkm.v(2): Installer: Attempting to start installer
07-08 01:33:08.813   635   635 W ContextImpl: Calling a method in the system process without a qualified user: android.app.ContextImpl.startService:1476 android.content.ContextWrapper.startService:650 android.content.ContextWrapper.startService:650 com.dsi.ant.server.AntService.startService:129 com.dsi.ant.server.startup.BootCompletedReceiver.onReceive:41 
07-08 01:33:08.813   635   635 W ContextImpl: Implicit intents with startService are not safe: Intent { act=com.dsi.ant.server.IAntHal } android.content.ContextWrapper.startService:650 android.content.ContextWrapper.startService:650 com.dsi.ant.server.AntService.startService:129 
07-08 01:33:08.813  4372  4372 I Finsky  : [2] bchc.c(2): registerListener
07-08 01:33:08.825   635   635 I ActivityManager: Start proc 4570:com.google.android.apps.turbo/u0a41 for broadcast com.google.android.apps.turbo/.nudges.battery.BatteryChangedReceiver
07-08 01:33:08.829  4372  4372 I Finsky  : [2] arux.a(1): Warm data store was already initialized.
07-08 01:33:08.829  4372  4372 I Finsky  : [2] arux.a(1): Warm data store was already initialized.
07-08 01:33:08.831  4372  4372 I Finsky  : [2] uct.<init>(18): Not initializing pausers from value store because experiment is not enabled
07-08 01:33:08.832  4372  4372 I Finsky  : [2] lst.onSubscriptionsChanged(1): onSubscriptionsChanged
07-08 01:33:08.855  4372  4440 D NetworkSecurityConfig: No Network Security Config specified, using platform default
07-08 01:33:08.866  3849  4563 I mars::stn: [longlink_connect_monitor.cc, __LongLinkStateToSystemLog, 118]:longlink_progress longlink state: connecting time: 104998
07-08 01:33:08.874  3849  4590 E libc    : Access denied finding property "net.dns1"
07-08 01:33:08.875  3849  4590 E libc    : Access denied finding property "net.dns2"
07-08 01:33:08.875  3849  4591 E libc    : Access denied finding property "net.dns1"
07-08 01:33:08.875  3849  4591 E libc    : Access denied finding property "net.dns2"
07-08 01:33:08.886  3849  4583 E libc    : Access denied finding property "net.dns1"
07-08 01:33:08.886  3849  4583 E libc    : Access denied finding property "net.dns2"
07-08 01:33:08.939  4311  4398 I FA-Ads  : App measurement initialized, version: 40013
07-08 01:33:08.939  4311  4398 I FA-Ads  : To enable debug logging run: adb shell setprop log.tag.FA VERBOSE
07-08 01:33:08.988  4372  4372 I Finsky  : [2] ahob.a(5): SCH: Jobs in database: 1-1337 10-47 10-96 26-1414141414 29-29 
07-08 01:33:08.997  4372  4372 I Finsky  : [2] ahlz.h(37): SCH: ConstraintMapping: 10-47, 10-96,  -> L: 0ms, D: 0ms, C: false, I: false, N: 1
07-08 01:33:08.998  4372  4372 I Finsky  : [2] ahlz.h(37): SCH: ConstraintMapping: 1-1337, 26-1414141414, 29-29,  -> L: 0ms, D: 0ms, C: false, I: false, N: 0
07-08 01:33:09.001  4372  4510 I PlayCommon: [207] bcff.h(22): Preparing logs for uploading
07-08 01:33:09.018  4372  4372 I Finsky  : [2] ahlz.j(7): SCH: Cancelling existing jobscheduler jobs: 
07-08 01:33:09.019  4372  4372 I Finsky  : [2] ahlz.i(11): SCH: Scheduling job Id: 9000, L: 0, D: 0, C: false, I: false, N: 1
07-08 01:33:09.025  4372  4372 I Finsky  : [2] ahlz.i(11): SCH: Scheduling job Id: 9001, L: 0, D: 0, C: false, I: false, N: 0
07-08 01:33:09.055  4372  4372 I Finsky  : [2] ahlz.j(7): SCH: Cancelling existing jobscheduler jobs: 9000 9001 
07-08 01:33:09.056  4372  4372 I Finsky  : [2] ahlz.c(4): SCH: Scheduling immediate wakeup job with id: 9000
07-08 01:33:09.059   635  3245 I ActivityManager: Start proc 4618:com.google.android.configupdater/u0a36 for broadcast com.google.android.configupdater/.MainReceiver
07-08 01:33:09.061   635  1655 D AudioService: Stream muted, skip playback
07-08 01:33:09.078  4372  4510 I PlayCommon: [207] bcff.h(133): Connecting to server for timestamp: https://play.googleapis.com/play/log/timestamp
07-08 01:33:09.096  4372  4510 E PlayCommon: [207] bcff.h(134): Failed to connect to server for server timestamp: java.net.UnknownHostException: Unable to resolve host "play.googleapis.com": No address associated with hostname
07-08 01:33:09.103  4372  4372 I Finsky  : [2] ahob.a(5): SCH: Jobs in database: 1-1337 10-47 10-96 21-333333333 26-1414141414 29-29 
07-08 01:33:09.106  4372  4372 I Finsky  : [2] ahlz.h(37): SCH: ConstraintMapping: 10-47, 10-96, 21-333333333,  -> L: 0ms, D: 0ms, C: false, I: false, N: 1
07-08 01:33:09.106  4372  4372 I Finsky  : [2] ahlz.h(37): SCH: ConstraintMapping: 1-1337, 26-1414141414, 29-29,  -> L: 0ms, D: 0ms, C: false, I: false, N: 0
07-08 01:33:09.117  4372  4372 I Finsky  : [2] ahlz.j(7): SCH: Cancelling existing jobscheduler jobs: 9000 
07-08 01:33:09.117  4372  4372 I Finsky  : [2] ahlz.i(11): SCH: Scheduling job Id: 9001, L: 0, D: 0, C: false, I: false, N: 1
07-08 01:33:09.126   635  2401 E LockSettingsStorage: Cannot read file java.io.FileNotFoundException: /data/system_de/0/spblob/d49a4e6c58cb564b.weaver: open failed: ENOENT (No such file or directory)
07-08 01:33:09.130   331   331 D PermissionCache: checking android.permission.ACCESS_KEYGUARD_SECURE_STORAGE for uid=1000 => granted (2213 us)
07-08 01:33:09.130  4372  4372 I Finsky  : [2] ahlz.i(11): SCH: Scheduling job Id: 9002, L: 0, D: 0, C: false, I: false, N: 0
07-08 01:33:09.138  4372  4372 I Finsky  : [2] ahsc.a(4): SCH: onJobSchedulerWakeup with jobId 9002
07-08 01:33:09.147  4372  4372 I Finsky  : [2] ahsc.a(4): SCH: onJobSchedulerWakeup with jobId 9001
07-08 01:33:09.161  4372  4372 W Finsky  : [2] ahsc.a(10): SCH: onJobSchedulerWakeup while already running
07-08 01:33:09.165  4372  4372 I Finsky  : [2] ahob.a(5): SCH: Jobs in database: 1-1337 10-47 10-96 21-333333333 26-1414141414 29-29 
07-08 01:33:09.166  4372  4372 I Finsky  : [2] ahna.run(3): SCH: JobExecutor already running, not rescheduling
07-08 01:33:09.168  4372  4372 I Finsky  : [2] ahlh.handleMessage(4): SCH: DeviceState: DeviceState{currentTime=1625688189166, isCharging=false, isIdle=false, netAny=false, netNotRoaming=false, netUnmetered=false, batteryPercent=12.0}
07-08 01:33:09.197  4372  4500 I Finsky  : [200] ahob.a(5): SCH: Jobs in database: 1-1337 10-47 10-96 21-333333333 26-1414141414 29-29 
07-08 01:33:09.209  4372  4510 E PlayCommon: [207] bcff.m(5): Failed to get auth token: java.io.IOException: NetworkError
07-08 01:33:09.209  4372  4510 W PlayCommon: [207] bcff.h(227): Deferring log upload because couldn't retrieve auth token
07-08 01:33:09.243  3849  4646 E libc    : Access denied finding property "net.dns1"
07-08 01:33:09.243  3849  4646 E libc    : Access denied finding property "net.dns2"
07-08 01:33:09.261  4171  4387 D IOCanary.JNI: JNI_OnLoad
07-08 01:33:09.264  4171  4387 D IOCanary.JNI: JNI_OnLoad done
07-08 01:33:09.267  4171  4387 I IOCanary.JNI: doHook
07-08 01:33:09.267  4171  4387 I IOCanary.JNI: try to hook function in libopenjdkjvm.so.
07-08 01:33:09.285  4171  4387 I IOCanary.JNI: try to hook function in libjavacore.so.
07-08 01:33:09.333  4311  4398 I zygote  : Deoptimizing java.lang.Object hr.b(java.lang.Object) due to JIT inline cache
07-08 01:33:09.346  4411  4411 W CrashMonitor: JNI_OnLoad
07-08 01:33:09.346  4372  4372 I Finsky  : [2] ahli.m(8): SCH: Running job: 1-1337
07-08 01:33:09.347  4372  4510 W zygote  : Long monitor contention with owner Db-scheduler_main (4500) at boolean android.os.MessageQueue.enqueueMessage(android.os.Message, long)(MessageQueue.java:543) waiters=1 in boolean android.os.MessageQueue.enqueueMessage(android.os.Message, long) for 137ms
07-08 01:33:09.355  4411  4411 D CrashMonitor: crashInitForReport...
07-08 01:33:09.355  4411  4411 D CrashMonitor: setupMonitor...
07-08 01:33:09.363  4171  4387 I IOCanary.JNI: try to hook function in libopenjdk.so.
07-08 01:33:09.372  4411  4664 D CrashMonitor: WaitForSignal...
07-08 01:33:09.377  4171  4387 I IOCanary.JNI: doHook done.
07-08 01:33:09.412  4372  4508 I Finsky  : [206] xon.o(20): Loaded library for account: [b70xZrr9rbj2o51G2UFJtIFVl-5hlEmVsIyAJZeFz-E]
07-08 01:33:09.412  4372  4508 I Finsky  : [206] xon.o(24): Finished loading 1 libraries.
07-08 01:33:09.433  4164  4393 D IOCanary.JNI: JNI_OnLoad
07-08 01:33:09.433  4164  4393 D IOCanary.JNI: JNI_OnLoad done
07-08 01:33:09.435  4164  4393 I IOCanary.JNI: doHook
07-08 01:33:09.435  4164  4393 I IOCanary.JNI: try to hook function in libopenjdkjvm.so.
07-08 01:33:09.444  4164  4393 I IOCanary.JNI: try to hook function in libjavacore.so.
07-08 01:33:09.455  4618  4618 E ConfigUpdater: ignoring update request
07-08 01:33:09.460  4164  4393 I IOCanary.JNI: try to hook function in libopenjdk.so.
07-08 01:33:09.463  4372  4372 I Finsky  : [2] qri.c(3): Task 1 requested foreground
07-08 01:33:09.464  4372  4372 I Finsky  : [2] qri.c(9): Entering foreground
07-08 01:33:09.467  4372  4372 I Finsky  : [2] ahlh.handleMessage(29): SCH: RunningQueue size: 1, PendingQueue size: 3
07-08 01:33:09.467  4372  4372 I Finsky  : [2] ahlh.handleMessage(32): SCH: Running queue: 1-1337 
07-08 01:33:09.472  4164  4393 I IOCanary.JNI: doHook done.
07-08 01:33:09.473  4372  4372 I Finsky  : [2] qro.onServiceConnected(6): ForegroundServiceConnection connected for task 1
07-08 01:33:09.475  4618  4618 E ConfigUpdater: ignoring update request
07-08 01:33:09.490  3314  3621 W PackageParser: Unknown element under <manifest>: queries at /data/user_de/0/com.google.android.gms/app_chimera/m/000000b3/dl-Payments.integ_210990905000308.apk Binary XML file line #5
07-08 01:33:09.511   635   649 I ActivityManager: Start proc 4682:com.tencent.mm:gpuhook/u0a93 for service com.tencent.mm/.gpu.service.GpuHookServiceImpl
07-08 01:33:09.482  4618  4618 I chatty  : uid=10036(com.google.android.configupdater) identical 2 lines
07-08 01:33:09.509  4618  4618 E ConfigUpdater: ignoring update request
07-08 01:33:09.524  3849  4690 E libc    : Access denied finding property "net.dns1"
07-08 01:33:09.524  3849  4690 E libc    : Access denied finding property "net.dns2"
07-08 01:33:09.527  4618  4618 E ConfigUpdater: ignoring update request
07-08 01:33:09.538  3849  4674 E libc    : Access denied finding property "net.dns1"
07-08 01:33:09.538  3849  4674 E libc    : Access denied finding property "net.dns2"
07-08 01:33:09.542  4618  4618 E ConfigUpdater: ignoring update request
07-08 01:33:09.548   315   315 D keystore: AddAuthenticationToken: timestamp = 105261 (3286221452608536576), time_received = 105
07-08 01:33:09.563  4618  4618 E ConfigUpdater: ignoring update request
07-08 01:33:09.613   635  2155 I ActivityManager: Killing 3028:org.lineageos.settings.device/1000 (adj 906): empty #17
07-08 01:33:09.612  4618  4618 E ConfigUpdater: ignoring update request
07-08 01:33:09.614   635   651 W zygote  : kill(-3028, 9) failed: No such process
07-08 01:33:09.652  4050  4079 I zygote  : Waiting for a blocking GC ProfileSaver
07-08 01:33:09.662   635   651 W zygote  : kill(-3028, 9) failed: No such process
07-08 01:33:09.662   635   651 I zygote  : Successfully killed process cgroup uid 1000 pid 3028 in 47ms
07-08 01:33:09.680  4050  4079 I zygote  : WaitForGcToComplete blocked ProfileSaver on AddRemoveAppImageSpace for 28.159ms
07-08 01:33:09.750  3849  4717 E libc    : Access denied finding property "net.dns1"
07-08 01:33:09.750  3849  4717 E libc    : Access denied finding property "net.dns2"
07-08 01:33:09.752  4372  4372 I Finsky  : [2] aapv.a(19): Showing notification: [ID=NOTIFICATION_FOREGROUND_TASK_HYGIENE, Tag=null, Title=, Message=Checking for system and security updates, channelId=maintenance-v2, targetType=3, returnCode=-1, uiElementType=952]
07-08 01:33:09.780  4372  4372 I Finsky  : [2] sdq.a(6): Starting Hygiene for reason 15
07-08 01:33:09.799  4171  4385 I chromium: [0708/013309.799533:INFO:http_with_cronet.cc(94)] cronet chromium SetUserCertVerify
07-08 01:33:09.848  4372  4383 I zygote  : Background concurrent copying GC freed 36484(4MB) AllocSpace objects, 21(612KB) LOS objects, 59% free, 4MB/10MB, paused 26.510ms total 916.777ms
07-08 01:33:09.888   635  2155 I ActivityManager: Killing 2379:com.android.settings/1000 (adj 906): empty #17
07-08 01:33:09.892   635   651 W zygote  : kill(-2379, 9) failed: No such process
07-08 01:33:09.935   635   651 W zygote  : kill(-2379, 9) failed: No such process
07-08 01:33:09.954  3849  4740 E libc    : Access denied finding property "net.dns1"
07-08 01:33:09.954  3849  4740 E libc    : Access denied finding property "net.dns2"
07-08 01:33:09.979  3849  4734 E libc    : Access denied finding property "net.dns1"
07-08 01:33:09.979  3849  4734 E libc    : Access denied finding property "net.dns2"
07-08 01:33:09.979   635   651 W zygote  : kill(-2379, 9) failed: No such process
07-08 01:33:09.979   635   651 I zygote  : Successfully killed process cgroup uid 1000 pid 2379 in 87ms
07-08 01:33:09.993   315   315 D keystore: AddAuthenticationToken: timestamp = 105717 (17698021735170834432), time_received = 106
07-08 01:33:09.994   315   315 D keystore: AddAuthenticationToken: timestamp = 106125 (10204594905179750400), time_received = 106
07-08 01:33:09.999  4682  4682 W System  : ClassLoader referenced unknown path: 
07-08 01:33:10.000  4682  4682 W zygote  : Unsupported class loader
07-08 01:33:10.004  4682  4682 W zygote  : Skipping duplicate class check due to unsupported classloader
07-08 01:33:10.008   635  3244 I WifiService: getWifiEnabledState uid=10032
07-08 01:33:10.008   635  4310 I WifiService: getSupportedFeatures uid=10032
07-08 01:33:10.017  3314  4347 I chatty  : uid=10032(com.google.android.gms) expire 16 lines
07-08 01:33:10.029   296   296 E WifiHAL : wifi_get_logger_supported_feature_set: Error -3 happened. 
07-08 01:33:10.029   635  1515 E WifiVendorHal: getSupportedFeatureSet(l.891) failed {.code = ERROR_NOT_SUPPORTED, .description = }
07-08 01:33:10.029   296   296 E WifiHAL : wifi_get_logger_supported_feature_set: Error -3 happened. 
07-08 01:33:10.063   635   635 I ActivityManager: Start proc 4749:org.lineageos.profiles/u0a83 for service org.lineageos.profiles/.ProfilesTrustAgent
07-08 01:33:10.064  3202  3202 I chatty  : uid=10043 com.google.android.googlequicksearchbox:search expire 15 lines
07-08 01:33:10.074   635  2401 I LockSettingsService: Unlocking user 0 with secret only, length 64
07-08 01:33:10.075   635  2401 D LockSettingsService: unlockUser finished
07-08 01:33:10.075   635  2401 W ActivityManager: Expected user 0 in state RUNNING_LOCKED but was in state RUNNING_UNLOCKED
07-08 01:33:10.076   635  2401 I LockSettingsService: Disabling escrow token on user 0
07-08 01:33:10.090  4164  4391 I chromium: [0708/013310.090060:INFO:http_with_cronet.cc(94)] cronet chromium SetUserCertVerify
07-08 01:33:10.119  3202  3603 I chatty  : uid=10043 com.google.android.googlequicksearchbox:search expire 1 line
07-08 01:33:10.125   635   646 I WifiService: getWifiEnabledState uid=10032
07-08 01:33:10.125   635  2155 I WifiService: getWifiEnabledState uid=10032
07-08 01:33:10.131   635  2233 I WifiService: getSupportedFeatures uid=10032
07-08 01:33:10.131  4372  4372 I Finsky  : [2] sec.c(8): Probe [b70xZrr9rbj2o51G2UFJtIFVl-5hlEmVsIyAJZeFz-E] for hygiene pass
07-08 01:33:10.139   296   296 E WifiHAL : wifi_get_logger_supported_feature_set: Error -3 happened. 
07-08 01:33:10.140   635  1515 E WifiVendorHal: getSupportedFeatureSet(l.891) failed {.code = ERROR_NOT_SUPPORTED, .description = }
07-08 01:33:10.140   296   296 E WifiHAL : wifi_get_logger_supported_feature_set: Error -3 happened. 
07-08 01:33:10.146  2701  3540 I chatty  : uid=10032(com.google.android.gms) highpool[3] expire 27 lines
07-08 01:33:10.189  4372  4585 I Finsky  : [232] osd.e(1): getDownloads()
07-08 01:33:10.195  4682  4682 I zygote  : Failed to add image file Failed to flatten class loader hierarchy 'Unknown class loader type com.tencent.tinker.loader.AndroidNClassLoader'
07-08 01:33:10.209   635   645 I WifiService: getWifiEnabledState uid=10032
07-08 01:33:10.214  4372  4745 I PlayCommon: [238] bcff.h(22): Preparing logs for uploading
07-08 01:33:10.219   635  3245 I ActivityManager: Killing 3309:com.android.keychain/1000 (adj 906): empty #17
07-08 01:33:10.221   635   651 W zygote  : kill(-3309, 9) failed: No such process
07-08 01:33:10.244   635  2233 I ActivityManager: Start proc 4777:com.android.vending:download_service/u0a16 for service com.android.vending/com.google.android.finsky.ipcservers.downloadservice.DownloadServiceGrpcServerAndroidService
07-08 01:33:10.253  4372  4745 I PlayCommon: [238] bcff.h(133): Connecting to server for timestamp: https://play.googleapis.com/play/log/timestamp
07-08 01:33:10.254  4372  4745 E PlayCommon: [238] bcff.h(134): Failed to connect to server for server timestamp: java.net.UnknownHostException: Unable to resolve host "play.googleapis.com": No address associated with hostname
07-08 01:33:10.265   635   651 W zygote  : kill(-3309, 9) failed: No such process
07-08 01:33:10.266   635   651 I zygote  : Successfully killed process cgroup uid 1000 pid 3309 in 46ms
07-08 01:33:10.304   635  3245 W ActivityManager: Unable to start service Intent { act=com.google.android.gms.auth.key.retrieval.service.START pkg=com.google.android.gms } U=0: not found
07-08 01:33:10.309  3849  4783 E libc    : Access denied finding property "net.dns1"
07-08 01:33:10.309  3849  4783 E libc    : Access denied finding property "net.dns2"
07-08 01:33:10.336  3202  3511 I chatty  : uid=10043 com.google.android.googlequicksearchbox:search expire 1 line
07-08 01:33:10.344  4372  4745 W PlayCommon: [238] bcff.m(1): No account for auth token provided
07-08 01:33:10.345  4372  4745 I PlayCommon: [238] bcff.h(167): Connecting to server: https://play.googleapis.com/play/log?format=raw&proto_v2=true
07-08 01:33:10.345   635  3245 W ActivityManager: Unbind failed: could not find connection for android.os.BinderProxy@25bd28c
07-08 01:33:10.354  3314  3488 I chatty  : uid=10032(com.google.android.gms) GoogleApiHandle expire 3 lines
07-08 01:33:10.364  3202  3450 I DeviceDetector: Not bonded or not refresh cache.
07-08 01:33:10.367  3202  3202 I BgTaskExecutorImpl: Starting EXCLUSIVE background task OPA_NOTIFICATION_DELAYED_TRIGGER_SYNC.
07-08 01:33:10.368  3202  3202 I BgTaskExecutorImpl: Starting EXCLUSIVE background task UPDATE_NOTIFICATIONS.
07-08 01:33:10.370  4372  4745 E PlayCommon: [238] bcff.h(173): Failed to connect to server for log upload.
07-08 01:33:10.422  3202  3450 I DeviceDetector: Not bonded or not refresh cache.
07-08 01:33:10.466  3202  3603 W zygote  : Long monitor contention with owner Blocking Thread #2 (3428) at com.google.android.apps.gsa.v.h com.google.android.apps.gsa.v.h.a(int)(SourceFile:-1) waiters=1 in void com.google.android.apps.gsa.k.d.c(com.google.android.apps.gsa.k.c) for 165ms
07-08 01:33:10.517  3202  3202 E OverlaySController: Calling with an invalid UID, the interface will not work
07-08 01:33:10.520  3202  3503 W SearchServiceCore: Abort, client detached.
07-08 01:33:10.520  3202  3503 I chatty  : uid=10043(com.google.android.googlequicksearchbox) EventBus0 identical 12 lines
07-08 01:33:10.539  3849  4803 E libc    : Access denied finding property "net.dns1"
07-08 01:33:10.539  3849  4803 E libc    : Access denied finding property "net.dns2"
07-08 01:33:10.556  3849  4796 E libc    : Access denied finding property "net.dns1"
07-08 01:33:10.556  3849  4796 E libc    : Access denied finding property "net.dns2"
07-08 01:33:10.590   635   644 I zygote  : Background concurrent copying GC freed 37862(2046KB) AllocSpace objects, 28(1732KB) LOS objects, 42% free, 12MB/22MB, paused 133us total 752.947ms
07-08 01:33:10.596  3239  3353 W Adreno-EGL: <qeglDrvAPI_eglGetConfigAttrib:607>: EGL_BAD_ATTRIBUTE
07-08 01:33:10.629  3239  3353 D vndksupport: Loading /vendor/lib/hw/gralloc.msm8974.so from current namespace instead of sphal namespace.
07-08 01:33:10.676  3239  3353 D vndksupport: Loading /vendor/lib/hw/android.hardware.graphics.mapper@2.0-impl.so from current namespace instead of sphal namespace.
07-08 01:33:10.677  3239  3353 D vndksupport: Loading /vendor/lib/hw/gralloc.msm8974.so from current namespace instead of sphal namespace.
07-08 01:33:10.722   635   660 I ActivityManager: Displayed org.lineageos.trebuchet/com.android.launcher3.searchlauncher.SearchLauncher: +13s2ms (total +22s714ms)
07-08 01:33:10.722  2128  2128 D StatusBar: disable<e i a s b H R c s q >
07-08 01:33:10.723  2128  2128 I chatty  : uid=10028(com.android.systemui) identical 1 line
07-08 01:33:10.729  2128  2128 D StatusBar: disable<e i a s b H R c s q >
07-08 01:33:10.733  3134  3134 I chatty  : uid=10043 com.google.android.googlequicksearchbox:interactor expire 1 line
07-08 01:33:10.734  3156  3394 E NxpTml  : _i2c_write() errno : 5
07-08 01:33:10.735  3156  3394 E NxpTml  : PN54X - Error in I2C Write.....
07-08 01:33:10.735  3156  3396 E NxpHal  : write error status = 0x1ff
07-08 01:33:10.735  3156  3373 E NxpHal  : write_unlocked failed - PN54X Maybe in Standby Mode - Retry
07-08 01:33:10.754  2128  2128 D StatusBar: disable<e i a s b h!r!c s q >
07-08 01:33:10.769  4171  4237 I zygote  : Waiting for a blocking GC ProfileSaver
07-08 01:33:10.790  3156  4816 D NfcService: Discovery configuration equal, not updating.
07-08 01:33:10.798  4164  4241 I zygote  : Waiting for a blocking GC ProfileSaver
07-08 01:33:10.832  4682  4682 I MMKV    : <native-bridge.cpp:95::JNI_OnLoad> current API level = 27
07-08 01:33:10.833  4682  4682 I MMKV    : <MMKV.cpp:192::initialize> page size:4096
07-08 01:33:10.833  4682  4682 I MMKV    : <MMKV.cpp:206::initializeMMKV> root dir: /data/user/0/com.tencent.mm/files/mmkv
07-08 01:33:10.851  4171  4237 I zygote  : WaitForGcToComplete blocked ProfileSaver on AddRemoveAppImageSpace for 82.279ms
07-08 01:33:10.880  4777  4777 I Finsky:download_service: [2] hkp.ay(5): Process created at version: 25.2.22-21 [0] [PR] 371378105
07-08 01:33:10.898  3849  4824 E libc    : Access denied finding property "net.dns1"
07-08 01:33:10.898  3849  4824 E libc    : Access denied finding property "net.dns2"
07-08 01:33:10.957  4164  4241 I zygote  : WaitForGcToComplete blocked ProfileSaver on AddRemoveAppImageSpace for 159.018ms
07-08 01:33:11.056  4682  4682 E ActivityThread: Failed to find provider info for com.tencent.mm.coolassist.debugprovider
07-08 01:33:11.095  3849  4837 E libc    : Access denied finding property "net.dns1"
07-08 01:33:11.095  3849  4837 E libc    : Access denied finding property "net.dns2"
07-08 01:33:11.128  4372  4372 E Finsky  : [2] sdx.b(1): Unable to preload experiments: com.android.volley.AuthFailureError: Error while retrieving auth token
07-08 01:33:11.130  3239  3239 D android.widget.GridLayout: vertical constraints: y2-y0>=396, y2-y0<=384, y2-y1<=156 are inconsistent; permanently removing: y2-y0<=384. 
07-08 01:33:11.130  4372  4568 I Finsky  : [230] nrf.e(8): Token already exists - returning!
07-08 01:33:11.130  4372  4568 I Finsky  : [230] ryv.a(5): Request device config token was successful when fetching experiments.
07-08 01:33:11.148  3849  4834 E libc    : Access denied finding property "net.dns1"
07-08 01:33:11.148  3849  4834 E libc    : Access denied finding property "net.dns2"
07-08 01:33:11.153  4777  4777 I Finsky:download_service: [2] adva.a(18): Finished reading experiment flags from file [0tGUNCGIkbk4o6-fQ335kUYSKwVj4lusnHT-A5Dsy08].
07-08 01:33:11.177  4777  4777 I Finsky:download_service: [2] adva.a(18): Finished reading experiment flags from file [5_gLQfZBoMca5LjXuX5pLf8J3ogBxehw0cZ5QzLLy3o].
07-08 01:33:11.192  4777  4777 I Finsky:download_service: [2] wjz.onCreate(2): IPC-SERVER: Starting gRPC host service...
07-08 01:33:11.205  2128  2521 W Adreno-EGL: <qeglDrvAPI_eglGetConfigAttrib:607>: EGL_BAD_ATTRIBUTE
07-08 01:33:11.205  4164  4810 I zygote  : The ClassLoaderContext is a special shared library.
07-08 01:33:11.206  2128  2521 D vndksupport: Loading /vendor/lib/hw/gralloc.msm8974.so from current namespace instead of sphal namespace.
07-08 01:33:11.214  4164  4810 D cr_XWalkViewDelegate: [XWalkViewDelegate.java:480] load :/data/user/0/com.tencent.mm/app_xwalk_2576/extracted_xwalkcore/libxwalkcore.so
07-08 01:33:11.250  4164  4810 I chromium: [0708/013311.250332:INFO:webview_entry_point.cc(25)] JNI_OnLoad
07-08 01:33:11.250  4164  4810 D cr_XWalkViewDelegate: [XWalkViewDelegate.java:492] Native library is built for ARM
07-08 01:33:11.251  4164  4810 D cr_XWalkViewDelegate: [XWalkViewDelegate.java:620] Device ABI: armeabi-v7a
07-08 01:33:11.254   635  2155 D ConnectivityService: requestNetwork for uid/pid:10016/4777 NetworkRequest [ TRACK_DEFAULT id=11, [ Capabilities: INTERNET&NOT_RESTRICTED&TRUSTED&NOT_VPN] ]
07-08 01:33:11.255   635  2086 D Ethernet: got request NetworkRequest [ TRACK_DEFAULT id=11, [ Capabilities: INTERNET&NOT_RESTRICTED&TRUSTED&NOT_VPN] ] with score 0
07-08 01:33:11.255  2303  2303 D PhoneSwitcherNetworkRequstListener: got request NetworkRequest [ TRACK_DEFAULT id=11, [ Capabilities: INTERNET&NOT_RESTRICTED&TRUSTED&NOT_VPN] ] with score 0
07-08 01:33:11.255   635  1515 D WIFI    : got request NetworkRequest [ TRACK_DEFAULT id=11, [ Capabilities: INTERNET&NOT_RESTRICTED&TRUSTED&NOT_VPN] ] with score 0
07-08 01:33:11.256   635  1515 D WIFI_UT : got request NetworkRequest [ TRACK_DEFAULT id=11, [ Capabilities: INTERNET&NOT_RESTRICTED&TRUSTED&NOT_VPN] ] with score 0
07-08 01:33:11.260  3202  4850 I chatty  : uid=10043(com.google.android.googlequicksearchbox) RenderThread expire 10 lines
07-08 01:33:11.323   302   302 D SurfaceFlinger: duplicate layer name: changing org.lineageos.trebuchet/com.android.launcher3.searchlauncher.SearchLauncher to org.lineageos.trebuchet/com.android.launcher3.searchlauncher.SearchLauncher#1
07-08 01:33:11.451  4777  4872 I Finsky:download_service: [219] oke.c(1): getDownloads()
07-08 01:33:11.464  4164  4164 I chromium: [0708/013311.464198:INFO:xweb_common_logic.cc(63)] [XWEB] DIR_MODULE:/data/app/com.tencent.mm-UpL09FKLbgBlnyJ4aEQM4w==/lib/arm/libwechatxlog.so
07-08 01:33:11.467  4164  4164 I xweb:fake_dlfcn: 86947000-8696c000 r-xp 00000000 b3:1c 1540315    /data/app/com.tencent.mm-UpL09FKLbgBlnyJ4aEQM4w==/lib/arm/libwechatxlog.so
07-08 01:33:11.467  4164  4164 I xweb:fake_dlfcn: /data/app/com.tencent.mm-UpL09FKLbgBlnyJ4aEQM4w==/lib/arm/libwechatxlog.so loaded in Android at 0x86947000
07-08 01:33:11.471  4164  4164 I xweb:fake_dlfcn: xlogger_IsEnabledFor found at 0x869538b9
07-08 01:33:11.471  4164  4164 I xweb:fake_dlfcn: xlogger_VPrint found at 0x86953989
07-08 01:33:11.471  4164  4164 I chromium: [0708/013311.471941:INFO:xweb_common_logic.cc(79)] [XWEB] initNativeXlog success
07-08 01:33:11.475  4171  4849 I skiacanvas: setLogHandler
07-08 01:33:11.483  3849  4867 E libc    : Access denied finding property "net.dns1"
07-08 01:33:11.483  3849  4867 E libc    : Access denied finding property "net.dns2"
07-08 01:33:11.526  4372  4438 I Finsky  : [192] osd.e(1): getDownloads()
07-08 01:33:11.528  4777  4872 I Finsky:download_service: [219] oke.c(1): getDownloads()
07-08 01:33:11.545  3202  3496 I chatty  : uid=10043(com.google.android.googlequicksearchbox) Lite Thread #0 expire 1 line
07-08 01:33:11.546  3202  3498 I chatty  : uid=10043(com.google.android.googlequicksearchbox) Lite Thread #1 expire 2 lines
07-08 01:33:11.575  4372  4575 I Finsky  : [231] tfr.run(2): Installer: Installer starting
07-08 01:33:11.575  4372  4575 I Finsky  : [231] tfr.run(4): Installer: Installer started
07-08 01:33:11.581  4372  4372 I Finsky  : [2] tkm.O(7): Installer: found apps to install. isMultiUserMode=false, apps=[]
07-08 01:33:11.584  4171  4746 I zygote  : The ClassLoaderContext is a special shared library.
07-08 01:33:11.599  4411  4652 D IOCanary.JNI: JNI_OnLoad
07-08 01:33:11.600  4411  4652 D IOCanary.JNI: JNI_OnLoad done
07-08 01:33:11.601  4411  4652 I IOCanary.JNI: doHook
07-08 01:33:11.601  4411  4652 I IOCanary.JNI: try to hook function in libopenjdkjvm.so.
07-08 01:33:11.616  3202  3503 W A       : Queue length for executor EventBus is now 11. Perhaps some tasks are too long, or the pool is too small.
07-08 01:33:11.617  4411  4652 I IOCanary.JNI: try to hook function in libjavacore.so.
07-08 01:33:11.632  4411  4652 I IOCanary.JNI: try to hook function in libopenjdk.so.
07-08 01:33:11.643  4411  4652 I IOCanary.JNI: doHook done.
07-08 01:33:11.658  3314  3621 W PackageParser: Unknown element under <manifest>: queries at /data/user_de/0/com.google.android.gms/app_chimera/m/0000009c/dl-AdsFdrDynamite.integ_210402101000000.apk Binary XML file line #5
07-08 01:33:11.729  3202  3510 W zygote  : Verification of java.lang.Object com.google.android.libraries.gsa.c.a.c.ai.a() took 245.007ms
07-08 01:33:11.734  3849  4867 I mars::stn: [longlink_connect_monitor.cc, __LongLinkStateToSystemLog, 118]:longlink_progress longlink state: connecting time: 107865
07-08 01:33:11.755  3849  4908 E libc    : Access denied finding property "net.dns1"
07-08 01:33:11.755  3849  4908 E libc    : Access denied finding property "net.dns2"
07-08 01:33:11.778  3202  4802 W WearStatusSyncerImpl: Error while sending opt-in status
07-08 01:33:11.778  3202  4802 W WearStatusSyncerImpl: com.google.android.apps.gsa.shared.t.b: Failed to connect: 16
07-08 01:33:11.778  3202  4802 W WearStatusSyncerImpl: 	at com.google.android.apps.gsa.shared.t.c.g(SourceFile:12)
07-08 01:33:11.778  3202  4802 W WearStatusSyncerImpl: 	at com.google.android.apps.gsa.staticplugins.z.c.d(SourceFile:3)
07-08 01:33:11.778  3202  4802 W WearStatusSyncerImpl: 	at com.google.android.apps.gsa.clockwork.b.a(Unknown Source:2)
07-08 01:33:11.778  3202  4802 W WearStatusSyncerImpl: 	at com.google.android.apps.gsa.staticplugins.s.a.a.b(SourceFile:1)
07-08 01:33:11.778  3202  4802 W WearStatusSyncerImpl: 	at com.google.android.apps.gsa.staticplugins.s.a.b.a(Unknown Source:1)
07-08 01:33:11.778  3202  4802 W WearStatusSyncerImpl: 	at com.google.android.libraries.gsa.k.a.n.a(Unknown Source:2)
07-08 01:33:11.778  3202  4802 W WearStatusSyncerImpl: 	at com.google.common.w.a.dr.c(SourceFile:1)
07-08 01:33:11.778  3202  4802 W WearStatusSyncerImpl: 	at com.google.common.w.a.co.run(SourceFile:4)
07-08 01:33:11.778  3202  4802 W WearStatusSyncerImpl: 	at com.google.common.w.a.dt.run(SourceFile:1)
07-08 01:33:11.778  3202  4802 W WearStatusSyncerImpl: 	at com.google.android.libraries.g.ad.run(SourceFile:1)
07-08 01:33:11.778  3202  4802 W WearStatusSyncerImpl: 	at java.util.concurrent.ThreadPoolExecutor.runWorker(ThreadPoolExecutor.java:1162)
07-08 01:33:11.778  3202  4802 W WearStatusSyncerImpl: 	at java.util.concurrent.ThreadPoolExecutor$Worker.run(ThreadPoolExecutor.java:636)
07-08 01:33:11.778  3202  4802 W WearStatusSyncerImpl: 	at com.google.android.libraries.g.q.run(Unknown Source:2)
07-08 01:33:11.778  3202  4802 W WearStatusSyncerImpl: 	at com.google.android.libraries.g.c.run(Unknown Source:2)
07-08 01:33:11.778  3202  4802 W WearStatusSyncerImpl: 	at java.lang.Thread.run(Thread.java:764)
07-08 01:33:11.784  3202  3429 I WM-GreedyScheduler: Ignoring schedule request in a secondary process
07-08 01:33:11.785  3202  3202 I BgTaskExecutorImpl: Starting EXCLUSIVE background task TNG_MINUS_ONE_SYNC.
07-08 01:33:11.805   635  3246 I WifiService: getWifiEnabledState uid=10032
07-08 01:33:11.805   635  4310 I WifiService: getSupportedFeatures uid=10032
07-08 01:33:11.806   296   296 E WifiHAL : wifi_get_logger_supported_feature_set: Error -3 happened. 
07-08 01:33:11.806   635  1515 E WifiVendorHal: getSupportedFeatureSet(l.891) failed {.code = ERROR_NOT_SUPPORTED, .description = }
07-08 01:33:11.806   296   296 E WifiHAL : wifi_get_logger_supported_feature_set: Error -3 happened. 
07-08 01:33:11.808  4164  4888 I skiacanvas: setLogHandler
07-08 01:33:11.860   635  3256 I WifiService: getWifiEnabledState uid=10043
07-08 01:33:11.874  3849  4902 E libc    : Access denied finding property "net.dns1"
07-08 01:33:11.874  3849  4902 E libc    : Access denied finding property "net.dns2"
07-08 01:33:11.888  2701  2835 I chatty  : uid=10032(com.google.android.gms) highpool[0] expire 6 lines
07-08 01:33:11.892  3849  4907 E libc    : Access denied finding property "net.dns1"
07-08 01:33:11.892  3849  4907 E libc    : Access denied finding property "net.dns2"
07-08 01:33:11.894  4372  4372 I Finsky  : [2] ajwj.a(1): Connecting InstallListener to SplitInstallService broadcaster...
07-08 01:33:11.899  3202  3202 I BgTaskExecutorImpl: Starting EXCLUSIVE background task TNG_VOICE_SEARCH_SYNC.
07-08 01:33:11.919  4372  4440 E Finsky  : [193] ryr.b(8): Failed to get auth token
07-08 01:33:11.919  4372  4440 E Finsky  : com.android.volley.AuthFailureError: Error while retrieving auth token
07-08 01:33:11.919  4372  4440 E Finsky  : 	at eam.a(PG:3)
07-08 01:33:11.919  4372  4440 E Finsky  : 	at ryr.b(PG:7)
07-08 01:33:11.919  4372  4440 E Finsky  : 	at bazk.a(PG:1)
07-08 01:33:11.919  4372  4440 E Finsky  : 	at axnq.m(PG:2)
07-08 01:33:11.919  4372  4440 E Finsky  : 	at axnq.l(PG:15)
07-08 01:33:11.919  4372  4440 E Finsky  : 	at bayr.call(Unknown Source:4)
07-08 01:33:11.919  4372  4440 E Finsky  : 	at bfpx.c(Unknown Source:2)
07-08 01:33:11.919  4372  4440 E Finsky  : 	at bfoz.run(PG:3)
07-08 01:33:11.919  4372  4440 E Finsky  : 	at bfpy.run(Unknown Source:4)
07-08 01:33:11.919  4372  4440 E Finsky  : 	at java.util.concurrent.ThreadPoolExecutor.runWorker(ThreadPoolExecutor.java:1162)
07-08 01:33:11.919  4372  4440 E Finsky  : 	at java.util.concurrent.ThreadPoolExecutor$Worker.run(ThreadPoolExecutor.java:636)
07-08 01:33:11.919  4372  4440 E Finsky  : 	at arpe.run(Unknown Source:7)
07-08 01:33:11.919  4372  4440 E Finsky  : 	at java.lang.Thread.run(Thread.java:764)
07-08 01:33:11.919  4372  4440 E Finsky  : Caused by: java.io.IOException: NetworkError
07-08 01:33:11.919  4372  4440 E Finsky  : 	at android.accounts.AccountManager.convertErrorToException(AccountManager.java:2499)
07-08 01:33:11.919  4372  4440 E Finsky  : 	at android.accounts.AccountManager.-wrap0(Unknown Source:0)
07-08 01:33:11.919  4372  4440 E Finsky  : 	at android.accounts.AccountManager$AmsTask$Response.onError(AccountManager.java:2350)
07-08 01:33:11.919  4372  4440 E Finsky  : 	at android.accounts.IAccountManagerResponse$Stub.onTransact(IAccountManagerResponse.java:69)
07-08 01:33:11.919  4372  4440 E Finsky  : 	at android.os.Binder.execTransact(Binder.java:697)
07-08 01:33:11.989  4682  4682 W CrashMonitor: JNI_OnLoad
07-08 01:33:11.990  4682  4682 D CrashMonitor: crashInitForReport...
07-08 01:33:11.990  4682  4682 D CrashMonitor: setupMonitor...
07-08 01:33:11.991  4682  4935 D CrashMonitor: WaitForSignal...
07-08 01:33:12.005   635  3244 I WifiService: getWifiEnabledState uid=10032
07-08 01:33:12.139  3849  4907 I mars::stn: [longlink_connect_monitor.cc, __LongLinkStateToSystemLog, 118]:longlink_progress longlink state: connecting time: 108271
07-08 01:33:12.173  3849  4941 E libc    : Access denied finding property "net.dns1"
07-08 01:33:12.173  3849  4941 E libc    : Access denied finding property "net.dns2"
07-08 01:33:12.202  3202  3510 I A       : Network connection not available
07-08 01:33:12.257  3849  4937 E libc    : Access denied finding property "net.dns1"
07-08 01:33:12.257  3849  4937 E libc    : Access denied finding property "net.dns2"
07-08 01:33:12.264  3314  3666 I chatty  : uid=10032(com.google.android.gms) expire 76 lines
07-08 01:33:12.268  3202  3202 W NowVeViewportMonitor: Attempting to report viewport hidden that is already hidden.
07-08 01:33:12.439  3202  3450 I cr_CronetLibraryLoader: Cronet version: 91.0.4472.8, arch: armv7l
07-08 01:33:12.441  4171  4849 I MagicBrush: [mbruntime.cc, BindTo, 82]:[MBRuntime] Binding to specific JsContext...
07-08 01:33:12.441  4171  4849 I MagicBrush: [mbruntime.cc, BindTo, 84]:hy: init with uv looper
07-08 01:33:12.457  4171  4950 I Adreno-EGL: <qeglDrvAPI_eglInitialize:379>: EGL 1.4 QUALCOMM build: Nondeterministic_AU_msm8974_LA.BF.1.1.3_RB1__release_AU (I741a3d36ca)
07-08 01:33:12.457  4171  4950 I Adreno-EGL: OpenGL ES Shader Compiler Version: E031.29.00.00
07-08 01:33:12.457  4171  4950 I Adreno-EGL: Build Date: 04/04/16 Mon
07-08 01:33:12.457  4171  4950 I Adreno-EGL: Local Branch: mybranch19053788
07-08 01:33:12.457  4171  4950 I Adreno-EGL: Remote Branch: quic/LA.BF.1.1.3_rb1.12
07-08 01:33:12.457  4171  4950 I Adreno-EGL: Local Patches: NONE
07-08 01:33:12.457  4171  4950 I Adreno-EGL: Reconstruct Branch: NOTHING
07-08 01:33:12.500  3202  3450 W LocationOracle: No location history returned by ContextManager
07-08 01:33:12.508   635  4772 I WifiService: getWifiEnabledState uid=10043
07-08 01:33:12.547  4171  4950 I zygote  : android::hardware::configstore::V1_0::ISurfaceFlingerConfigs::hasWideColorDisplay retrieved: 0
07-08 01:33:12.555  4171  4950 W Adreno-EGL: <qeglDrvAPI_eglGetConfigAttrib:607>: EGL_BAD_ATTRIBUTE
07-08 01:33:12.556  4171  4950 I MagicBrush: [glcontext_manager.cc, Create, 161]:[GLContextManager] GLContext created [1]
07-08 01:33:12.597  2701  3493 I chatty  : uid=10032(com.google.android.gms) FlpThread expire 3 lines
07-08 01:33:12.611  4372  4440 I Finsky  : [193] ryt.a(1): Sending Heterodyne sync request for package com.android.vending
07-08 01:33:12.623  3202  3495 W LocationOracle: No location returned by GMS core getLastLocation()
07-08 01:33:12.632  3202  3503 I MicroDetectionState: Should stop hotword detection immediately - true
07-08 01:33:12.654  4372  4440 W ProxyAndroidLoggerBackend: Too many Flogger logs received before configuration. Dropping old logs.
07-08 01:33:12.654   635  2233 I WifiService: getWifiEnabledState uid=10032
07-08 01:33:12.655   635  3256 I WifiService: getConnectionInfo uid=10032
07-08 01:33:12.706  4372  4440 I Finsky  : [193] ryt.b(1): Received Heterodyne sync response. StatusCode=-1
07-08 01:33:12.708  4372  4440 W ProxyAndroidLoggerBackend: Too many Flogger logs received before configuration. Dropping old logs.
07-08 01:33:12.730  4372  4440 I chatty  : uid=10016(com.android.vending) identical 5 lines
07-08 01:33:12.733  3202  3503 I TngMinusOneSync: Syncing TNG:-1
07-08 01:33:12.743  3202  3503 I TngVoiceSearchSync: Syncing TNG:VoiceSearch
07-08 01:33:12.763   635  3246 I WifiService: getWifiEnabledState uid=10043
07-08 01:33:12.790  4411  4464 I zygote  : Waiting for a blocking GC ProfileSaver
07-08 01:33:12.796  3202  4805 W ReqSchedEval: Unknown account name
07-08 01:33:12.802  3849  4965 E libc    : Access denied finding property "net.dns1"
07-08 01:33:12.802  3849  4965 E libc    : Access denied finding property "net.dns2"
07-08 01:33:12.899  4411  4972 D NetworkSecurityConfig: Using Network Security Config from resource bi debugBuild: false
07-08 01:33:12.919  4411  4464 I zygote  : WaitForGcToComplete blocked ProfileSaver on AddRemoveAppImageSpace for 128.779ms
07-08 01:33:12.928  3849  4965 I mars::stn: [longlink_connect_monitor.cc, __LongLinkStateToSystemLog, 118]:longlink_progress longlink state: connecting time: 109059
07-08 01:33:12.943  4164  4973 I Adreno-EGL: <qeglDrvAPI_eglInitialize:379>: EGL 1.4 QUALCOMM build: Nondeterministic_AU_msm8974_LA.BF.1.1.3_RB1__release_AU (I741a3d36ca)
07-08 01:33:12.943  4164  4973 I Adreno-EGL: OpenGL ES Shader Compiler Version: E031.29.00.00
07-08 01:33:12.943  4164  4973 I Adreno-EGL: Build Date: 04/04/16 Mon
07-08 01:33:12.943  4164  4973 I Adreno-EGL: Local Branch: mybranch19053788
07-08 01:33:12.943  4164  4973 I Adreno-EGL: Remote Branch: quic/LA.BF.1.1.3_rb1.12
