--------- beginning of system
03-18 17:32:14.868   229   229 I vold    : Vold 3.0 (the awakening) firing up
03-18 17:32:14.868   229   229 V vold    : Detected support for: ext4 f2fs ntfs vfat
03-18 17:32:14.880   229   235 D vold    : e4crypt_init_user0
03-18 17:32:14.880   229   235 D vold    : e4crypt_prepare_user_storage for volume null, user 0, serial 0, flags 1
03-18 17:32:14.880   229   235 D vold    : Preparing: /data/system/users/0
03-18 17:32:14.880   229   235 D vold    : Preparing: /data/misc/profiles/cur/0
03-18 17:32:14.881   229   235 D vold    : Preparing: /data/system_de/0
03-18 17:32:14.881   229   235 D vold    : Preparing: /data/misc_de/0
03-18 17:32:14.881   229   235 D vold    : Preparing: /data/user_de/0
03-18 17:32:14.881   229   235 D vold    : e4crypt_unlock_user_key 0 serial=0 token_present=0
03-18 17:33:17.937   307   307 I irsc_util: irsc tool created:0xa81a2000
03-18 17:33:17.937   307   307 I irsc_util: Starting irsc tool
03-18 17:33:17.937   307   307 I irsc_util: Trying to open sec config file
03-18 17:33:17.963   307   307 D irsc_util: file_parser Number of element :0
03-18 17:33:17.963   307   307 D irsc_util: file_parser Invalid Format or Comment - '/* IPC Security Config */
03-18 17:33:17.963   307   307 D irsc_util: '
03-18 17:33:17.963   307   307 D irsc_util: file_parser Number of element :0
03-18 17:33:17.963   307   307 D irsc_util: file_parser Invalid Format or Comment - '/* <GPS QMI Service ID - 16>:<GPS QMI Instance ID - all instances>:<Client Group ID> */
03-18 17:33:17.963   307   307 D irsc_util: '
03-18 17:33:17.963   307   307 D irsc_util: file_parser Number of element :4
03-18 17:33:17.963   307   307 D irsc_util: file_parser Number of element :0
03-18 17:33:17.963   307   307 D irsc_util: file_parser Invalid Format or Comment - '/* Allow SS CTL service to be used by system and net_raw processes */
03-18 17:33:17.963   307   307 D irsc_util: '
03-18 17:33:17.963   307   307 D irsc_util: file_parser Number of element :4
03-18 17:33:17.963   307   307 D irsc_util: file_parser Number of element :0
03-18 17:33:17.964   307   307 D irsc_util: file_parser Invalid Format or Comment - '/* Allow RCS service to aquire net_raw permission */
03-18 17:33:17.964   307   307 D irsc_util: '
03-18 17:33:17.964   307   307 D irsc_util: file_parser Number of element :4
03-18 17:33:17.964   307   307 D irsc_util: file_parser Number of element :0
03-18 17:33:17.964   307   307 D irsc_util: file_parser Invalid Format or Comment - '/* Allow QMID service to aquire net_raw permission */
03-18 17:33:17.964   307   307 D irsc_util: '
03-18 17:33:17.964   307   307 D irsc_util: file_parser Number of element :4
03-18 17:33:17.964   307   307 I chatty  : uid=0(root) /system/vendor/bin/irsc_util identical 6 lines
03-18 17:33:17.964   307   307 D irsc_util: file_parser Number of element :4
03-18 17:33:17.964   307   307 D irsc_util: file_parser Number of element :5
03-18 17:33:17.964   307   307 D irsc_util: file_parser Number of element :0
03-18 17:33:17.964   307   307 D irsc_util: file_parser Invalid Format or Comment - '/* DPM */
03-18 17:33:17.964   307   307 D irsc_util: '
03-18 17:33:17.964   307   307 D irsc_util: file_parser Number of element :4
03-18 17:33:17.964   307   307 D irsc_util: file_parser Number of element :0
03-18 17:33:17.964   307   307 D irsc_util: file_parser Invalid Format or Comment - '/* Allow communication to some QMI services with radio privilages */
03-18 17:33:17.964   307   307 D irsc_util: '
03-18 17:33:17.964   307   307 D irsc_util: file_parser Number of element :0
03-18 17:33:17.964   307   307 D irsc_util: file_parser Invalid Format or Comment - '/* Format is <Service id>:<all instances>:<radio> */
03-18 17:33:17.964   307   307 D irsc_util: '
03-18 17:33:17.964   307   307 D irsc_util: file_parser Number of element :0
03-18 17:33:17.964   307   307 D irsc_util: file_parser Invalid Format or Comment - '/* PBM */
03-18 17:33:17.964   307   307 D irsc_util: '
03-18 17:33:17.964   307   307 D irsc_util: file_parser Number of element :3
03-18 17:33:17.964   307   307 D irsc_util: file_parser Number of element :0
03-18 17:33:17.964   307   307 D irsc_util: file_parser Invalid Format or Comment - '/* WMS */
03-18 17:33:17.964   307   307 D irsc_util: '
03-18 17:33:17.964   307   307 D irsc_util: file_parser Number of element :3
03-18 17:33:17.964   307   307 D irsc_util: file_parser Number of element :0
03-18 17:33:17.964   307   307 D irsc_util: file_parser Invalid Format or Comment - '/* IMS VT */
03-18 17:33:17.964   307   307 D irsc_util: '
03-18 17:33:17.964   307   307 D irsc_util: file_parser Number of element :3
03-18 17:33:17.964   307   307 D irsc_util: file_parser Number of element :0
03-18 17:33:17.964   307   307 D irsc_util: file_parser Invalid Format or Comment - '/* IMSP */
03-18 17:33:17.964   307   307 D irsc_util: '
03-18 17:33:17.964   307   307 D irsc_util: file_parser Number of element :3
03-18 17:33:17.964   307   307 D irsc_util: file_parser Number of element :0
03-18 17:33:17.964   307   307 D irsc_util: file_parser Invalid Format or Comment - '/* PDC */
03-18 17:33:17.964   307   307 D irsc_util: '
03-18 17:33:17.964   307   307 D irsc_util: file_parser Number of element :3
03-18 17:33:17.964   307   307 D irsc_util: file_parser Number of element :0
03-18 17:33:17.964   307   307 D irsc_util: file_parser Invalid Format or Comment - '/* SAR */
03-18 17:33:17.964   307   307 D irsc_util: '
03-18 17:33:17.964   307   307 D irsc_util: file_parser Number of element :3
03-18 17:33:17.964   307   307 D irsc_util: file_parser Number of element :0
03-18 17:33:17.964   307   307 D irsc_util: file_parser Invalid Format or Comment - '/* RFRPE */
03-18 17:33:17.964   307   307 D irsc_util: '
03-18 17:33:17.964   307   307 D irsc_util: file_parser Number of element :3
03-18 17:33:17.964   307   307 D irsc_util: file_parser Number of element :0
03-18 17:33:17.964   307   307 D irsc_util: file_parser Invalid Format or Comment - '/*UIM*/
03-18 17:33:17.964   307   307 D irsc_util: '
03-18 17:33:17.964   307   307 D irsc_util: file_parser Number of element :3
03-18 17:33:17.964   307   307 D irsc_util: file_parser Number of element :0
03-18 17:33:17.964   307   307 D irsc_util: file_parser Invalid Format or Comment - '/*CAT*/
03-18 17:33:17.964   307   307 D irsc_util: '
03-18 17:33:17.964   307   307 D irsc_util: file_parser Number of element :3
03-18 17:33:17.964   307   307 D irsc_util: file_parser Number of element :0
03-18 17:33:17.964   307   307 D irsc_util: file_parser Invalid Format or Comment - '/*IMSA*/
03-18 17:33:17.964   307   307 D irsc_util: '
03-18 17:33:17.964   307   307 D irsc_util: file_parser Number of element :3
03-18 17:33:17.964   307   307 D irsc_util: file_parser Number of element :0
03-18 17:33:17.964   307   307 D irsc_util: file_parser Invalid Format or Comment - '/* Allow Data dpmd to access QMI DFS */
03-18 17:33:17.964   307   307 D irsc_util: '
03-18 17:33:17.964   307   307 D irsc_util: file_parser Number of element :4
03-18 17:33:17.964   307   307 D irsc_util: file_parser Number of element :0
03-18 17:33:17.964   307   307 D irsc_util: file_parser Invalid Format or Comment - '/* DIAG */
03-18 17:33:17.964   307   307 D irsc_util: '
03-18 17:33:17.964   307   307 D irsc_util: file_parser Number of element :3
03-18 17:33:17.964   307   307 D irsc_util: file_parser Number of element :0
03-18 17:33:17.964   307   307 D irsc_util: file_parser Invalid Format or Comment - '/* IPC Security Config */
03-18 17:33:17.964   307   307 D irsc_util: '
03-18 17:33:17.964   307   307 D irsc_util: file_parser Number of element :0
03-18 17:33:17.964   307   307 D irsc_util: file_parser Invalid Format or Comment - '/* <GPS QMI Service ID - 16>:<GPS QMI Instance ID - all instances>:<Client Group ID> */
03-18 17:33:17.964   307   307 D irsc_util: '
03-18 17:33:17.964   307   307 D irsc_util: file_parser Number of element :4
03-18 17:33:17.964   307   307 D irsc_util: file_parser Number of element :0
03-18 17:33:17.964   307   307 D irsc_util: file_parser Invalid Format or Comment - '/* Allow SS CTL service to be used by system and net_raw processes */
03-18 17:33:17.964   307   307 D irsc_util: '
03-18 17:33:17.964   307   307 D irsc_util: file_parser Number of element :4
03-18 17:33:17.964   307   307 D irsc_util: file_parser Number of element :0
03-18 17:33:17.964   307   307 D irsc_util: file_parser Invalid Format or Comment - '/* Allow RCS service to aquire net_raw permission */
03-18 17:33:17.964   307   307 D irsc_util: '
03-18 17:33:17.964   307   307 D irsc_util: file_parser Number of element :4
03-18 17:33:17.964   307   307 D irsc_util: file_parser Number of element :0
03-18 17:33:17.964   307   307 D irsc_util: file_parser Invalid Format or Comment - '/* Allow QMID service to aquire net_raw permission */
03-18 17:33:17.964   307   307 D irsc_util: '
03-18 17:33:17.964   307   307 D irsc_util: file_parser Number of element :4
03-18 17:33:17.964   307   307 I chatty  : uid=0(root) /system/vendor/bin/irsc_util identical 6 lines
03-18 17:33:17.965   307   307 D irsc_util: file_parser Number of element :4
03-18 17:33:17.965   307   307 D irsc_util: file_parser Number of element :5
03-18 17:33:17.965   307   307 D irsc_util: file_parser Number of element :0
03-18 17:33:17.965   307   307 D irsc_util: file_parser Invalid Format or Comment - '/* DPM */
03-18 17:33:17.965   307   307 D irsc_util: '
03-18 17:33:17.965   307   307 D irsc_util: file_parser Number of element :4
03-18 17:33:17.965   307   307 D irsc_util: file_parser Number of element :0
03-18 17:33:17.965   307   307 D irsc_util: file_parser Invalid Format or Comment - '/* Allow communication to some QMI services with radio privilages */
03-18 17:33:17.965   307   307 D irsc_util: '
03-18 17:33:17.965   307   307 D irsc_util: file_parser Number of element :0
03-18 17:33:17.965   307   307 D irsc_util: file_parser Invalid Format or Comment - '/* Format is <Service id>:<all instances>:<radio> */
03-18 17:33:17.965   307   307 D irsc_util: '
03-18 17:33:17.965   307   307 D irsc_util: file_parser Number of element :0
03-18 17:33:17.965   307   307 D irsc_util: file_parser Invalid Format or Comment - '/* PBM */
03-18 17:33:17.965   307   307 D irsc_util: '
03-18 17:33:17.965   307   307 D irsc_util: file_parser Number of element :3
03-18 17:33:17.965   307   307 D irsc_util: file_parser Number of element :0
03-18 17:33:17.965   307   307 D irsc_util: file_parser Invalid Format or Comment - '/* WMS */
03-18 17:33:17.965   307   307 D irsc_util: '
03-18 17:33:17.965   307   307 D irsc_util: file_parser Number of element :3
03-18 17:33:17.965   307   307 D irsc_util: file_parser Number of element :0
03-18 17:33:17.965   307   307 D irsc_util: file_parser Invalid Format or Comment - '/* IMS VT */
03-18 17:33:17.965   307   307 D irsc_util: '
03-18 17:33:17.965   307   307 D irsc_util: file_parser Number of element :3
03-18 17:33:17.965   307   307 D irsc_util: file_parser Number of element :0
03-18 17:33:17.965   307   307 D irsc_util: file_parser Invalid Format or Comment - '/* IMSP */
03-18 17:33:17.965   307   307 D irsc_util: '
03-18 17:33:17.965   307   307 D irsc_util: file_parser Number of element :3
03-18 17:33:17.965   307   307 D irsc_util: file_parser Number of element :0
03-18 17:33:17.965   307   307 D irsc_util: file_parser Invalid Format or Comment - '/* PDC */
03-18 17:33:17.965   307   307 D irsc_util: '
03-18 17:33:17.965   307   307 D irsc_util: file_parser Number of element :3
03-18 17:33:17.965   307   307 D irsc_util: file_parser Number of element :0
03-18 17:33:17.965   307   307 D irsc_util: file_parser Invalid Format or Comment - '/* SAR */
03-18 17:33:17.965   307   307 D irsc_util: '
03-18 17:33:17.965   307   307 D irsc_util: file_parser Number of element :3
03-18 17:33:17.965   307   307 D irsc_util: file_parser Number of element :0
03-18 17:33:17.965   307   307 D irsc_util: file_parser Invalid Format or Comment - '/* RFRPE */
03-18 17:33:17.965   307   307 D irsc_util: '
03-18 17:33:17.965   307   307 D irsc_util: file_parser Number of element :3
03-18 17:33:17.965   307   307 D irsc_util: file_parser Number of element :0
03-18 17:33:17.965   307   307 D irsc_util: file_parser Invalid Format or Comment - '/*UIM*/
03-18 17:33:17.965   307   307 D irsc_util: '
03-18 17:33:17.965   307   307 D irsc_util: file_parser Number of element :3
03-18 17:33:17.965   307   307 D irsc_util: file_parser Number of element :0
03-18 17:33:17.965   307   307 D irsc_util: file_parser Invalid Format or Comment - '/*CAT*/
03-18 17:33:17.965   307   307 D irsc_util: '
03-18 17:33:17.965   307   307 D irsc_util: file_parser Number of element :3
03-18 17:33:17.965   307   307 D irsc_util: file_parser Number of element :0
03-18 17:33:17.965   307   307 D irsc_util: file_parser Invalid Format or Comment - '/*IMSA*/
03-18 17:33:17.965   307   307 D irsc_util: '
03-18 17:33:17.965   307   307 D irsc_util: file_parser Number of element :3
03-18 17:33:17.965   307   307 D irsc_util: file_parser Number of element :0
03-18 17:33:17.965   307   307 D irsc_util: file_parser Invalid Format or Comment - '/* Allow Data dpmd to access QMI DFS */
03-18 17:33:17.965   307   307 D irsc_util: '
03-18 17:33:17.965   307   307 D irsc_util: file_parser Number of element :4
03-18 17:33:17.965   307   307 D irsc_util: file_parser Number of element :0
03-18 17:33:17.965   307   307 D irsc_util: file_parser Invalid Format or Comment - '/* DIAG */
03-18 17:33:17.965   307   307 D irsc_util: '
03-18 17:33:17.965   307   307 D irsc_util: file_parser Number of element :3
03-18 17:33:17.965   307   307 I irsc_util: Feed the sec config info to the router
03-18 17:33:17.965   307   307 I irsc_util: Num of entries:25
03-18 17:33:18.168   314   314 I installd: installd firing up
07-08 01:32:39.947   296   296 I android.hardware.wifi@1.0-service: Wifi Hal is booting up...
07-08 01:32:40.032   321   321 I wificond: wificond is starting up...
07-08 01:32:40.289   320   428 I /system/bin/storaged: storaged: Start
07-08 01:32:41.736   635   635 I SystemServer: InitBeforeStartServices
07-08 01:32:41.736   635   635 I SystemServer: Entered the Android system server!
07-08 01:32:41.963   635   635 I SystemServer: StartServices
07-08 01:32:41.964   635   635 I SystemServer: Reading configuration...
07-08 01:32:41.964   635   635 I SystemServer: ReadingSystemConfig
07-08 01:32:41.965   635   635 I SystemServer: StartInstaller
07-08 01:32:41.965   635   635 I SystemServiceManager: Starting com.android.server.pm.Installer
07-08 01:32:41.970   635   635 I SystemServer: DeviceIdentifiersPolicyService
07-08 01:32:41.970   635   635 I SystemServiceManager: Starting com.android.server.os.DeviceIdentifiersPolicyService
07-08 01:32:41.971   635   635 I SystemServer: StartActivityManager
07-08 01:32:41.971   635   635 I SystemServiceManager: Starting com.android.server.am.ActivityManagerService$Lifecycle
07-08 01:32:41.994   635   635 I ActivityManager: Memory class: 192
07-08 01:32:42.024   635   635 D BatteryStatsImpl: Reading daily items from /data/system/batterystats-daily.xml
07-08 01:32:42.046   635   652 E BatteryExternalStatsWorker: no controller energy info supplied for telephony
07-08 01:32:42.047   635   652 E KernelUidCpuFreqTimeReader: Failed to read /proc/uid_time_in_state: java.io.FileNotFoundException: /proc/uid_time_in_state (No such file or directory)
07-08 01:32:42.050   635   652 W KernelMemoryBandwidthStats: No kernel memory bandwidth stats available
07-08 01:32:42.153   635   635 I IntentFirewall: Read new rules (A:0 B:0 S:0)
07-08 01:32:42.210   635   635 D AppOps  : AppOpsService published
07-08 01:32:42.211   635   635 W SystemServiceManager: Service com.android.server.am.ActivityManagerService$Lifecycle took 54 ms in onStart
07-08 01:32:42.211   635   635 I SystemServer: StartPowerManager
07-08 01:32:42.211   635   635 I SystemServiceManager: Starting com.android.server.power.PowerManagerService
07-08 01:32:42.229   635   635 I SystemServer: InitPowerManagement
07-08 01:32:42.230   635   635 I SystemServer: StartRecoverySystemService
07-08 01:32:42.230   635   635 I SystemServiceManager: Starting com.android.server.RecoverySystemService
07-08 01:32:42.234   635   635 W RescueParty: Noticed 1 events for UID 0 in last 78 sec
07-08 01:32:42.234   635   635 I SystemServer: StartLightsService
07-08 01:32:42.234   635   635 I SystemServiceManager: Starting com.android.server.lights.LightsService
07-08 01:32:42.235   635   635 I SystemServer: StartDisplayManager
07-08 01:32:42.235   635   635 I SystemServiceManager: Starting com.android.server.display.DisplayManagerService
07-08 01:32:42.238   635   635 I SystemServer: WaitForDisplay
07-08 01:32:42.238   635   635 I SystemServiceManager: Starting phase 100
07-08 01:32:42.240   635   660 I DisplayManagerService: Display device added: DisplayDeviceInfo{"Built-in Screen": uniqueId="local:0", 1080 x 1920, modeId 1, defaultModeId 1, supportedModes [{id=1, width=1080, height=1920, fps=63.0}], colorMode 0, supportedColorModes [0], HdrCapabilities android.view.Display$HdrCapabilities@a69d6308, density 480, 403.411 x 403.041 dpi, appVsyncOff 1000000, presDeadline 15873016, touch INTERNAL, rotation 0, type BUILT_IN, state UNKNOWN, FLAG_DEFAULT_DISPLAY, FLAG_ROTATES_WITH_CONTENT, FLAG_SECURE, FLAG_SUPPORTS_PROTECTED_BUFFERS}
07-08 01:32:42.259   635   660 I DisplayManagerService: Display device changed state: "Built-in Screen", ON
07-08 01:32:42.259   635   635 I SystemServer: StartPackageManagerService
07-08 01:32:42.276   635   635 D SELinuxMMAC: Using policy file /system/etc/selinux/plat_mac_permissions.xml
07-08 01:32:42.278   635   635 D SELinuxMMAC: Using policy file /vendor/etc/selinux/nonplat_mac_permissions.xml
07-08 01:32:42.474   635   635 W PackageManager: Failed to parse /system/framework/arm: Missing base APK in /system/framework/arm
07-08 01:32:42.474   635   635 W PackageManager: Failed to parse /system/framework/oat: Missing base APK in /system/framework/oat
07-08 01:32:42.612   635   635 W PackageManager: Failed to scan /system/priv-app/Phonesky: Package com.android.vending at /system/priv-app/Phonesky ignored: updated version 82522210 better than this 81331600
07-08 01:32:42.660   635   635 W PackageManager: Failed to scan /system/priv-app/twrpapp: Package me.twrp.twrpapp at /system/priv-app/twrpapp ignored: updated version 35 better than this 1
07-08 01:32:42.681   635   635 W PackageManager: Failed to scan /system/priv-app/Velvet: Package com.google.android.googlequicksearchbox at /system/priv-app/Velvet ignored: updated version 301143294 better than this 300900080
07-08 01:32:42.735   635   635 W PackageManager: Failed to scan /system/priv-app/PrebuiltGmsCorePix: Package com.google.android.gms at /system/priv-app/PrebuiltGmsCorePix ignored: updated version 211515018 better than this 14847042
07-08 01:32:42.813   635   635 W PackageManager: Failed to scan /system/app/GoogleTTS: Package com.google.android.tts at /system/app/GoogleTTS ignored: updated version 210316593 better than this 210315243
07-08 01:32:42.834   635   635 I PackageManager: Finished scanning system apps. Time: 365 ms, packageCount: 121 , timePerPackage: 3 , cached: 126
07-08 01:32:43.130   635   635 I PackageManager: Finished scanning non-system apps. Time: 297 ms, packageCount: 33 , timePerPackage: 9 , cached: 33
07-08 01:32:43.133   635   635 E PackageManager: updateAllSharedLibrariesLPw failed: Package com.google.android.carriersetup requires unavailable shared library com.verizon.provider; failing!
07-08 01:32:43.146   635   635 I PackageManager: Time to scan packages: 0.677 seconds
07-08 01:32:43.147   635   635 I PackageManager: Un-granting permission android.permission.INSTALL_GRANT_RUNTIME_PERMISSIONS from package com.android.vending (protectionLevel=770 flags=0x384abec5)
07-08 01:32:43.147   635   635 I PackageManager: Un-granting permission android.permission.GRANT_RUNTIME_PERMISSIONS from package com.android.vending (protectionLevel=770 flags=0x384abec5)
07-08 01:32:43.147   635   635 I PackageManager: Un-granting permission android.permission.REVOKE_RUNTIME_PERMISSIONS from package com.android.vending (protectionLevel=770 flags=0x384abec5)
07-08 01:32:43.147   635   635 I PackageManager: Un-granting permission android.permission.SET_PREFERRED_APPLICATIONS from package com.android.vending (protectionLevel=514 flags=0x384abec5)
07-08 01:32:43.147   635   635 I PackageManager: Un-granting permission android.permission.ACCESS_INSTANT_APPS from package com.android.vending (protectionLevel=770 flags=0x384abec5)
07-08 01:32:43.149   635   635 I PackageManager: Un-granting permission android.permission.CLEAR_APP_USER_DATA from package com.google.android.packageinstaller (protectionLevel=258 flags=0x38483e45)
07-08 01:32:43.149   635   635 I PackageManager: Un-granting permission android.permission.GRANT_RUNTIME_PERMISSIONS from package com.google.android.packageinstaller (protectionLevel=770 flags=0x38483e45)
07-08 01:32:43.149   635   635 I PackageManager: Un-granting permission android.permission.REVOKE_RUNTIME_PERMISSIONS from package com.google.android.packageinstaller (protectionLevel=770 flags=0x38483e45)
07-08 01:32:43.149   635   635 I PackageManager: Un-granting permission android.permission.INSTALL_GRANT_RUNTIME_PERMISSIONS from package com.google.android.packageinstaller (protectionLevel=770 flags=0x38483e45)
07-08 01:32:43.149   635   635 I PackageManager: Un-granting permission android.permission.INTERACT_ACROSS_USERS_FULL from package com.google.android.packageinstaller (protectionLevel=258 flags=0x38483e45)
07-08 01:32:43.149   635   635 I PackageManager: Un-granting permission android.permission.KILL_UID from package com.google.android.packageinstaller (protectionLevel=258 flags=0x38483e45)
07-08 01:32:43.149   635   635 I PackageManager: Un-granting permission android.permission.MANAGE_APP_OPS_RESTRICTIONS from package com.google.android.packageinstaller (protectionLevel=258 flags=0x38483e45)
07-08 01:32:43.149   635   635 I PackageManager: Un-granting permission android.permission.HIDE_NON_SYSTEM_OVERLAY_WINDOWS from package com.google.android.packageinstaller (protectionLevel=258 flags=0x38483e45)
07-08 01:32:43.149   635   635 I PackageManager: Un-granting permission android.permission.ACCESS_INSTANT_APPS from package com.google.android.packageinstaller (protectionLevel=770 flags=0x38483e45)
07-08 01:32:43.152   635   635 V PackageManager: reconcileAppsData for null u0 0x3 migrateAppData=true
07-08 01:32:43.438   635   635 V PackageManager: reconcileAppsData finished 21 packages
07-08 01:32:44.391   635   635 V PackageManager: Disabling com.google.android.gsf/com.google.android.gsf.update.SystemUpdateActivity
07-08 01:32:44.391   635   635 W PackageManager: Unable to disable com.google.android.gsf/com.google.android.gsf.update.SystemUpdateActivity
07-08 01:32:44.391   635   635 V PackageManager: Disabling com.google.android.gsf/com.google.android.gsf.update.SystemUpdateService$Receiver
07-08 01:32:44.391   635   635 W PackageManager: Unable to disable com.google.android.gsf/com.google.android.gsf.update.SystemUpdateService$Receiver
07-08 01:32:44.392   635   635 V PackageManager: Disabling com.google.android.gsf/com.google.android.gsf.update.SystemUpdateService$SecretCodeReceiver
07-08 01:32:44.392   635   635 W PackageManager: Unable to disable com.google.android.gsf/com.google.android.gsf.update.SystemUpdateService$SecretCodeReceiver
07-08 01:32:44.392   635   635 V PackageManager: Disabling com.google.android.gsf/com.google.android.gsf.update.SystemUpdateServiceReceiver
07-08 01:32:44.392   635   635 W PackageManager: Unable to disable com.google.android.gsf/com.google.android.gsf.update.SystemUpdateServiceReceiver
07-08 01:32:44.392   635   635 V PackageManager: Disabling com.google.android.gms/com.google.android.gms.update.SystemUpdateActivity
07-08 01:32:44.392   635   635 V PackageManager: Disabling com.google.android.gms/com.google.android.gms.update.SystemUpdateService$Receiver
07-08 01:32:44.393   635   635 W PackageManager: Unable to disable com.google.android.gms/com.google.android.gms.update.SystemUpdateService$Receiver
07-08 01:32:44.393   635   635 V PackageManager: Disabling com.google.android.gms/com.google.android.gms.update.SystemUpdateService$ActiveReceiver
07-08 01:32:44.393   635   635 W PackageManager: Unable to disable com.google.android.gms/com.google.android.gms.update.SystemUpdateService$ActiveReceiver
07-08 01:32:44.394   635   635 V PackageManager: Disabling com.google.android.gms/com.google.android.gms.update.SystemUpdateService$SecretCodeReceiver
07-08 01:32:44.394   635   635 W PackageManager: Unable to disable com.google.android.gms/com.google.android.gms.update.SystemUpdateService$SecretCodeReceiver
07-08 01:32:44.394   635   635 V PackageManager: Disabling com.google.android.gms/com.google.android.gms.update.SystemUpdateServiceReceiver
07-08 01:32:44.394   635   635 W PackageManager: Unable to disable com.google.android.gms/com.google.android.gms.update.SystemUpdateServiceReceiver
07-08 01:32:44.394   635   635 V PackageManager: Disabling com.google.android.setupwizard/com.google.android.setupwizard.time.DateTimeCheck
07-08 01:32:44.394   635   635 V PackageManager: Enabling com.google.android.gsf/com.google.android.gsf.update.SystemUpdateService
07-08 01:32:44.394   635   635 W PackageManager: Unable to enable com.google.android.gsf/com.google.android.gsf.update.SystemUpdateService
07-08 01:32:44.395   635   635 V PackageManager: Enabling com.google.android.gms/com.google.android.gms.update.SystemUpdateService
07-08 01:32:44.753   635   635 I SystemServer: StartOtaDexOptService
07-08 01:32:44.754   635   635 D OTADexopt: No upgrade, skipping A/B artifacts check.
07-08 01:32:44.754   635   635 I SystemServer: StartUserManagerService
07-08 01:32:44.754   635   635 I SystemServiceManager: Starting com.android.server.pm.UserManagerService$LifeCycle
07-08 01:32:44.754   635   635 I SystemServer: InitAttributerCache
07-08 01:32:44.755   635   635 I SystemServer: SetSystemProcess
07-08 01:32:44.771   635   635 I SystemServer: StartOverlayManagerService
07-08 01:32:44.775   635   635 I SystemServer: StartDropBoxManager
07-08 01:32:44.775   635   635 I SystemServiceManager: Starting com.android.server.DropBoxManagerService
07-08 01:32:44.780   635   635 I SystemServer: StartBatteryService
07-08 01:32:44.780   635   635 I SystemServiceManager: Starting com.android.server.BatteryService
07-08 01:32:44.800   635   635 I SystemServer: StartUsageService
07-08 01:32:44.804   635   635 I SystemServiceManager: Starting com.android.server.usage.UsageStatsService
07-08 01:32:44.805   635   652 E BatteryExternalStatsWorker: no controller energy info supplied for telephony
07-08 01:32:44.806   635   652 E KernelUidCpuFreqTimeReader: Failed to read /proc/uid_time_in_state: java.io.FileNotFoundException: /proc/uid_time_in_state (No such file or directory)
07-08 01:32:44.814   635   652 E KernelUidCpuFreqTimeReader: Failed to read /proc/uid_time_in_state: java.io.FileNotFoundException: /proc/uid_time_in_state (No such file or directory)
07-08 01:32:44.823   635   635 I SystemServer: StartWebViewUpdateService
07-08 01:32:44.827   635   635 I SystemServiceManager: Starting com.android.server.webkit.WebViewUpdateService
07-08 01:32:44.833   635   647 I SystemServer: SecondaryZygotePreload
07-08 01:32:44.833   635   635 I SystemServer: StartKeyAttestationApplicationIdProviderService
07-08 01:32:44.834   635   635 I SystemServer: StartKeyChainSystemService
07-08 01:32:44.834   635   635 I SystemServiceManager: Starting com.android.server.security.KeyChainSystemService
07-08 01:32:44.835   635   635 I SystemServer: StartSchedulingPolicyService
07-08 01:32:44.836   635   635 I SystemServer: StartTelecomLoaderService
07-08 01:32:44.838   635   635 I SystemServiceManager: Starting com.android.server.telecom.TelecomLoaderService
07-08 01:32:44.839   635   635 I SystemServer: StartTelephonyRegistry
07-08 01:32:44.847   635   635 I SystemServer: StartEntropyMixer
07-08 01:32:44.851   635   635 I EntropyMixer: Added HW RNG output to entropy pool
07-08 01:32:44.851   635   635 I EntropyMixer: Writing entropy...
07-08 01:32:44.855   635   647 E SystemServer: Unable to preload default resources
07-08 01:32:44.860   635   635 I SystemServer: StartAccountManagerService
07-08 01:32:44.860   635   635 I SystemServiceManager: Starting com.android.server.accounts.AccountManagerService$Lifecycle
07-08 01:32:44.866   635   635 I SystemServer: StartContentService
07-08 01:32:44.870   635   635 I SystemServiceManager: Starting com.android.server.content.ContentService$Lifecycle
07-08 01:32:44.872   635   635 I SystemServer: InstallSystemProviders
07-08 01:32:44.970   635   635 I SystemServer: StartVibratorService
07-08 01:32:44.987   635   635 I SystemServer: StartConsumerIrService
07-08 01:32:44.990   635   635 I SystemServer: StartAlarmManagerService
07-08 01:32:44.990   635   635 I SystemServiceManager: Starting com.android.server.AlarmManagerService
07-08 01:32:44.999   635   635 I SystemServer: InitWatchdog
07-08 01:32:44.999   635   635 I SystemServer: StartInputManagerService
07-08 01:32:44.999   635   635 I InputManager: Initializing input manager, mUseDevInputEventForAudioJack=true
07-08 01:32:45.000   635   635 I SystemServer: StartWindowManagerService
07-08 01:32:45.023   635   660 I WindowManager: No existing display settings /data/system/display_settings.xml; starting empty
07-08 01:32:45.256   635   650 W Looper  : Dispatch took 213ms on android.ui, h=Handler (android.os.Handler) {8677879} cb=android.os.Handler$BlockingRunnable@15959be msg=0
07-08 01:32:45.257   635   635 I SystemServer: StartVrManagerService
07-08 01:32:45.257   635   635 I SystemServiceManager: Starting com.android.server.vr.VrManagerService
07-08 01:32:45.264   635   635 I SystemServer: SetWindowManagerService
07-08 01:32:45.270   635   635 I SystemServer: StartInputManager
07-08 01:32:45.270   635   635 I InputManager: Starting input manager
07-08 01:32:45.276   635   635 I SystemServer: DisplayManagerWindowManagerAndInputReady
07-08 01:32:45.278   635   635 I SystemServer: StartBluetoothService
07-08 01:32:45.279   635   635 I SystemServiceManager: Starting com.android.server.BluetoothService
07-08 01:32:45.281   635   635 D BluetoothManagerService: Loading stored name and address
07-08 01:32:45.281   635   635 D BluetoothManagerService: Stored bluetooth Name=OnePlus One,Address=C0:EE:FB:3A:43:34
07-08 01:32:45.281   635   635 D BluetoothManagerService: Bluetooth persisted state: 1
07-08 01:32:45.281   635   635 D BluetoothManagerService: Startup: Bluetooth persisted state is ON.
07-08 01:32:45.282   635   635 I SystemServer: IpConnectivityMetrics
07-08 01:32:45.284   635   635 I SystemServiceManager: Starting com.android.server.connectivity.IpConnectivityMetrics
07-08 01:32:45.285   635   635 I SystemServer: PinnerService
07-08 01:32:45.285   635   635 I SystemServiceManager: Starting com.android.server.PinnerService
07-08 01:32:45.287   635   635 I SystemServer: StartInputMethodManagerLifecycle
07-08 01:32:45.287   635   635 I SystemServiceManager: Starting com.android.server.InputMethodManagerService$Lifecycle
07-08 01:32:45.297   635   635 I SystemServer: StartAccessibilityManagerService
07-08 01:32:45.301   635   635 I SystemServer: MakeDisplayReady
07-08 01:32:45.304   635   635 I ActivityManager: Config changes=5df8 {1.0 ?mcc?mnc [en_US] ldltr sw360dp w360dp h640dp 480dpi nrml long port ?uimode ?night -touch -keyb/h/h -nav/h appBounds=Rect(0, 0 - 1080, 1920) s.2}
07-08 01:32:45.310   635   635 I ActivityManager: Override config changes=40007dfc {1.0 ?mcc?mnc [en_US] ldltr sw360dp w360dp h640dp 480dpi nrml long port ?uimode ?night -touch -keyb/h/h -nav/h appBounds=Rect(0, 0 - 1080, 1920) s.2} for displayId=0
07-08 01:32:45.320   635   648 I UsageStatsService: User[0] Rollover scheduled @ 2021-06-02 16:15:30(1622630730611)
07-08 01:32:45.320   635   648 I UsageStatsService: User[0] Rolling over usage stats
07-08 01:32:45.323   635  1461 I ActivityManager: Config changes=408 {1.0 ?mcc?mnc [en_US] ldltr sw360dp w360dp h616dp 480dpi nrml long port ?uimode ?night finger -keyb/h/h -nav/h appBounds=Rect(0, 0 - 1080, 1920) s.3}
07-08 01:32:45.327   635  1461 I ActivityManager: Override config changes=408 {1.0 ?mcc?mnc [en_US] ldltr sw360dp w360dp h616dp 480dpi nrml long port ?uimode ?night finger -keyb/h/h -nav/h appBounds=Rect(0, 0 - 1080, 1920) s.3} for displayId=0
07-08 01:32:45.332   635   635 I SystemServer: StartStorageManagerService
07-08 01:32:45.332   635   635 I SystemServiceManager: Starting com.android.server.StorageManagerService$Lifecycle
07-08 01:32:45.338   635   635 I SystemServer: StartStorageStatsService
07-08 01:32:45.339   635   635 I SystemServiceManager: Starting com.android.server.usage.StorageStatsService$Lifecycle
07-08 01:32:45.339   635  1465 D StorageManagerService: Thinking about init, mSystemReady=false, mDaemonConnected=true
07-08 01:32:45.339   635  1465 D StorageManagerService: Thinking about reset, mSystemReady=false, mDaemonConnected=true
07-08 01:32:45.342   635   635 I SystemServer: StartUiModeManager
07-08 01:32:45.343   635   635 I SystemServiceManager: Starting com.android.server.UiModeManagerService
07-08 01:32:45.343   635  1465 D StorageManagerService: Thinking about init, mSystemReady=false, mDaemonConnected=true
07-08 01:32:45.343   635  1465 D StorageManagerService: Thinking about reset, mSystemReady=false, mDaemonConnected=true
07-08 01:32:45.343   635  1465 D CryptdConnector: SND -> {1 cryptfs getfield SystemLocale}
07-08 01:32:45.345   635   647 I ActivityManager: Config changes=200 {1.0 ?mcc?mnc [en_US] ldltr sw360dp w360dp h616dp 480dpi nrml long port finger -keyb/h/h -nav/h appBounds=Rect(0, 0 - 1080, 1920) s.4}
07-08 01:32:45.345   635   635 I SystemServer: UpdatePackagesIfNeeded
07-08 01:32:45.345   635   635 I SystemServer: PerformFstrimIfNeeded
07-08 01:32:45.346   635   635 W PackageManager: No disk maintenance in 3202655346; running immediately
07-08 01:32:45.346   635   635 I SystemServer: StartLockSettingsService
07-08 01:32:45.349   635   647 I ActivityManager: Override config changes=200 {1.0 ?mcc?mnc [en_US] ldltr sw360dp w360dp h616dp 480dpi nrml long port finger -keyb/h/h -nav/h appBounds=Rect(0, 0 - 1080, 1920) s.4} for displayId=0
07-08 01:32:45.349   635   635 I SystemServiceManager: Starting com.android.server.locksettings.LockSettingsService$Lifecycle
07-08 01:32:45.362   635   635 I OemLock : OemLock HAL not present on device
07-08 01:32:45.362   635   635 I SystemServer: StartDeviceIdleController
07-08 01:32:45.363   635   635 I SystemServiceManager: Starting com.android.server.DeviceIdleController
07-08 01:32:45.376   635   635 I SystemServer: StartDevicePolicyManager
07-08 01:32:45.376   635   635 I SystemServiceManager: Starting com.android.server.devicepolicy.DevicePolicyManagerService$Lifecycle
07-08 01:32:45.377   635  1467 D CryptdConnector: RCV <- {200 1 -1}
07-08 01:32:45.378   635  1465 W StorageManagerService: No primary storage mounted!
07-08 01:32:45.378   635  1465 D VoldConnector: SND -> {1 asec list}
07-08 01:32:45.379   635  1466 D VoldConnector: RCV <- {200 1 asec operation succeeded}
07-08 01:32:45.389   635   635 I SystemServer: StartStatusBarManagerService
07-08 01:32:45.391   635   635 I SystemServer: StartClipboardService
07-08 01:32:45.391   635   635 I SystemServiceManager: Starting com.android.server.clipboard.ClipboardService
07-08 01:32:45.393   635   635 I SystemServer: StartNetworkManagementService
07-08 01:32:45.400   635  1469 I NetworkManagement: onDaemonConnected()
07-08 01:32:45.406   635   635 I SystemServer: StartTextServicesManager
07-08 01:32:45.406   635   635 I SystemServiceManager: Starting com.android.server.TextServicesManagerService$Lifecycle
07-08 01:32:45.471   635  1465 W StorageManagerService: No primary storage mounted!
07-08 01:32:45.471   635  1465 D VoldConnector: SND -> {2 asec list}
07-08 01:32:45.471   635  1466 D VoldConnector: RCV <- {200 2 asec operation succeeded}
07-08 01:32:45.472   635  1465 I StorageManagerService: Running fstrim idle maintenance
07-08 01:32:45.472   635  1465 D VoldConnector: SND -> {3 fstrim dotrim}
07-08 01:32:45.473   635  1466 D VoldConnector: RCV <- {200 3 Command succeeded}
07-08 01:32:45.474   229  1484 D vold    : Starting trim of /data
07-08 01:32:45.571   635   635 I SystemServer: StartNetworkScoreService
07-08 01:32:45.576   635   635 I SystemServer: StartNetworkStatsService
07-08 01:32:45.585   635   635 I SystemServer: StartNetworkPolicyManagerService
07-08 01:32:45.598   635   635 I SystemServer: StartWifi
07-08 01:32:45.627   635   635 I SystemServiceManager: Starting com.android.server.wifi.WifiService
07-08 01:32:45.724   635   648 I UsageStatsService: User[0] Rollover scheduled @ 2021-07-09 01:32:45(1625774565303)
07-08 01:32:45.725   635   648 I UsageStatsService: User[0] Rolling over usage stats complete. Took 404 milliseconds
07-08 01:32:45.814   635   635 I SystemServer: StartWifiScanning
07-08 01:32:45.818   635   635 I SystemServiceManager: Starting com.android.server.wifi.scanner.WifiScanningService
07-08 01:32:45.821   635   635 I SystemServer: StartWifiRtt
07-08 01:32:45.821   635   635 I SystemServiceManager: Starting com.android.server.wifi.RttService
07-08 01:32:45.823   635   635 I SystemServer: No Wi-Fi Aware Service (Aware support Not Present)
07-08 01:32:45.823   635   635 I SystemServer: StartWifiP2P
07-08 01:32:45.823   635   635 I SystemServiceManager: Starting com.android.server.wifi.p2p.WifiP2pService
07-08 01:32:45.839   635   635 I SystemServer: StartEthernet
07-08 01:32:45.843   635   635 I SystemServiceManager: Starting com.android.server.ethernet.EthernetService
07-08 01:32:45.863   635   635 I SystemServer: StartConnectivityService
07-08 01:32:45.871   635   635 D ConnectivityService: ConnectivityService starting up
07-08 01:32:45.882   635   635 D ConnectivityService: wifiOnly=false
07-08 01:32:45.883   635   635 E ConnectivityService: Ignoring protectedNetwork 15
07-08 01:32:45.900   635   635 I SystemServer: StartNsdService
07-08 01:32:45.909   635   635 D NsdService: Network service discovery is enabled
07-08 01:32:45.911   635   635 I SystemServer: StartUpdateLockService
07-08 01:32:45.920   635   635 I SystemServer: WaitForAsecScan
07-08 01:32:45.920   635   635 I SystemServer: StartNotificationManager
07-08 01:32:45.921   635   635 I SystemServiceManager: Starting com.android.server.notification.NotificationManagerService
07-08 01:32:45.994   635   635 D ConditionProviders.SCP: new ScheduleConditionProvider()
07-08 01:32:46.019   635   635 I NotificationListeners: Read notification listener permissions from xml
07-08 01:32:46.019   635   635 I ConditionProviders: Read condition provider permissions from xml
07-08 01:32:46.019   635   635 I ConditionProviders: Read condition provider permissions from xml
07-08 01:32:46.092   635   635 W SystemServiceManager: Service com.android.server.notification.NotificationManagerService took 113 ms in onStart
07-08 01:32:46.101   635   635 I SystemServer: StartDeviceMonitor
07-08 01:32:46.101   635   635 I SystemServiceManager: Starting com.android.server.storage.DeviceStorageMonitorService
07-08 01:32:46.103   635   635 I SystemServer: StartLocationManagerService
07-08 01:32:46.111   635   635 I SystemServer: StartCountryDetectorService
07-08 01:32:46.112   635   635 I SystemServer: StartSearchManagerService
07-08 01:32:46.112   635   635 I SystemServiceManager: Starting com.android.server.search.SearchManagerService$Lifecycle
07-08 01:32:46.115   635   635 I SystemServer: StartWallpaperManagerService
07-08 01:32:46.116   635   635 I SystemServiceManager: Starting com.android.server.wallpaper.WallpaperManagerService$Lifecycle
07-08 01:32:46.119   635   635 I WallpaperManagerService: No static wallpaper imagery; defaults will be shown
07-08 01:32:46.122   635   635 I SystemServer: StartAudioService
07-08 01:32:46.122   635   635 I SystemServiceManager: Starting com.android.server.audio.AudioService$Lifecycle
07-08 01:32:46.202   635   635 I SystemServer: StartDockObserver
07-08 01:32:46.202   635   635 I SystemServiceManager: Starting com.android.server.DockObserver
07-08 01:32:46.202   635   635 W DockObserver: This kernel does not have dock station support
07-08 01:32:46.203   635   635 I SystemServer: StartWiredAccessoryManager
07-08 01:32:46.204   635   635 W WiredAccessoryManager: This kernel does not have usb audio support
07-08 01:32:46.204   635   635 W WiredAccessoryManager: This kernel does not have HDMI audio support
07-08 01:32:46.204   635   635 I SystemServer: StartMidiManager
07-08 01:32:46.204   635   635 I SystemServiceManager: Starting com.android.server.midi.MidiService$Lifecycle
07-08 01:32:46.206   635   635 I SystemServer: StartUsbService
07-08 01:32:46.206   635   635 I SystemServiceManager: Starting com.android.server.usb.UsbService$Lifecycle
07-08 01:32:46.232   635   635 E UsbPortManager: connectToProxy: usb hal service not found. Did the service fail to start?
07-08 01:32:46.232   635   635 E UsbPortManager: java.util.NoSuchElementException
07-08 01:32:46.232   635   635 E UsbPortManager: 	at android.os.HwBinder.getService(Native Method)
07-08 01:32:46.232   635   635 E UsbPortManager: 	at android.hardware.usb.V1_0.IUsb.getService(IUsb.java:44)
07-08 01:32:46.232   635   635 E UsbPortManager: 	at com.android.server.usb.UsbPortManager.connectToProxy(UsbPortManager.java:524)
07-08 01:32:46.232   635   635 E UsbPortManager: 	at com.android.server.usb.UsbPortManager.<init>(UsbPortManager.java:130)
07-08 01:32:46.232   635   635 E UsbPortManager: 	at com.android.server.usb.UsbService.<init>(UsbService.java:132)
07-08 01:32:46.232   635   635 E UsbPortManager: 	at com.android.server.usb.UsbService$Lifecycle.onStart(UsbService.java:68)
07-08 01:32:46.232   635   635 E UsbPortManager: 	at com.android.server.SystemServiceManager.startService(SystemServiceManager.java:124)
07-08 01:32:46.232   635   635 E UsbPortManager: 	at com.android.server.SystemServiceManager.startService(SystemServiceManager.java:111)
07-08 01:32:46.232   635   635 E UsbPortManager: 	at com.android.server.SystemServiceManager.startService(SystemServiceManager.java:70)
07-08 01:32:46.232   635   635 E UsbPortManager: 	at com.android.server.SystemServer.startOtherServices(SystemServer.java:1280)
07-08 01:32:46.232   635   635 E UsbPortManager: 	at com.android.server.SystemServer.run(SystemServer.java:411)
07-08 01:32:46.232   635   635 E UsbPortManager: 	at com.android.server.SystemServer.main(SystemServer.java:274)
07-08 01:32:46.232   635   635 E UsbPortManager: 	at java.lang.reflect.Method.invoke(Native Method)
07-08 01:32:46.232   635   635 E UsbPortManager: 	at com.android.internal.os.RuntimeInit$MethodAndArgsCaller.run(RuntimeInit.java:440)
07-08 01:32:46.232   635   635 E UsbPortManager: 	at com.android.internal.os.ZygoteInit.main(ZygoteInit.java:787)
07-08 01:32:46.236   635   635 I SystemServer: StartSerialService
07-08 01:32:46.236   635   635 I SystemServer: StartHardwarePropertiesManagerService
07-08 01:32:46.238   635   635 I SystemServer: StartTwilightService
07-08 01:32:46.238   635   635 I SystemServiceManager: Starting com.android.server.twilight.TwilightService
07-08 01:32:46.239   635   635 I SystemServer: StartJobScheduler
07-08 01:32:46.239   635   635 I SystemServiceManager: Starting com.android.server.job.JobSchedulerService
07-08 01:32:46.248   635   635 D JobStore: Start tag: job-info
07-08 01:32:46.261   635   635 I JobStore: Read 85 jobs
07-08 01:32:46.269   635   635 D ConnectivityService: requestNetwork for uid/pid:1000/635 NetworkRequest [ TRACK_DEFAULT id=3, [ Capabilities: INTERNET&NOT_RESTRICTED&TRUSTED&NOT_VPN] ]
07-08 01:32:46.273   635   635 I SystemServer: StartSoundTrigger
07-08 01:32:46.273   635   635 I SystemServiceManager: Starting com.android.server.soundtrigger.SoundTriggerService
07-08 01:32:46.277   635   635 I SystemServer: StartTrustManager
07-08 01:32:46.277   635   635 I SystemServiceManager: Starting com.android.server.trust.TrustManagerService
07-08 01:32:46.278   635   635 I SystemServer: StartBackupManager
07-08 01:32:46.279   635   635 I SystemServiceManager: Starting com.android.server.backup.BackupManagerService$Lifecycle
07-08 01:32:46.280   635   635 I SystemServer: StartAppWidgerService
07-08 01:32:46.281   635   635 I SystemServiceManager: Starting com.android.server.appwidget.AppWidgetService
07-08 01:32:46.286   635   635 I SystemServer: StartVoiceRecognitionManager
07-08 01:32:46.286   635   635 I SystemServiceManager: Starting com.android.server.voiceinteraction.VoiceInteractionManagerService
07-08 01:32:46.288   635   635 I SystemServer: StartGestureLauncher
07-08 01:32:46.288   635   635 I SystemServiceManager: Starting com.android.server.GestureLauncherService
07-08 01:32:46.289   635   635 I SystemServer: StartSensorNotification
07-08 01:32:46.289   635   635 I SystemServiceManager: Starting com.android.server.SensorNotificationService
07-08 01:32:46.289   635   635 I SystemServer: StartContextHubSystemService
07-08 01:32:46.289   635   635 I SystemServiceManager: Starting com.android.server.ContextHubSystemService
07-08 01:32:46.290   635   635 I SystemServer: StartDiskStatsService
07-08 01:32:46.294   635   635 I SystemServer: StartNetworkTimeUpdateService
07-08 01:32:46.295   635   635 I SystemServer: StartCommonTimeManagementService
07-08 01:32:46.299   635   635 I SystemServer: CertBlacklister
07-08 01:32:46.303   635   635 I SystemServer: StartEmergencyAffordanceService
07-08 01:32:46.304   635   635 I SystemServiceManager: Starting com.android.server.emergency.EmergencyAffordanceService
07-08 01:32:46.305   635   635 I SystemServer: StartDreamManager
07-08 01:32:46.305   635   635 I SystemServiceManager: Starting com.android.server.dreams.DreamManagerService
07-08 01:32:46.307   635   635 I SystemServer: AddGraphicsStatsService
07-08 01:32:46.311   635   635 I SystemServer: StartPrintManager
07-08 01:32:46.312   635   635 I SystemServiceManager: Starting com.android.server.print.PrintManagerService
07-08 01:32:46.314   635   635 I SystemServer: StartCompanionDeviceManager
07-08 01:32:46.314   635   635 I SystemServiceManager: Starting com.android.server.companion.CompanionDeviceManagerService
07-08 01:32:46.316   635   635 I SystemServer: StartRestrictionManager
07-08 01:32:46.316   635   635 I SystemServiceManager: Starting com.android.server.restrictions.RestrictionsManagerService
07-08 01:32:46.318   635   635 I SystemServer: StartMediaSessionService
07-08 01:32:46.319   635   635 I SystemServiceManager: Starting com.android.server.media.MediaSessionService
07-08 01:32:46.323   635   635 I SystemServer: StartMediaResourceMonitor
07-08 01:32:46.323   635   635 I SystemServiceManager: Starting com.android.server.media.MediaResourceMonitorService
07-08 01:32:46.325   635   635 I SystemServer: StartMediaRouterService
07-08 01:32:46.327   635   635 I SystemServer: StartBackgroundDexOptService
07-08 01:32:46.327   635   635 I SystemServer: StartPruneInstantAppsJobService
07-08 01:32:46.328   635   635 I SystemServer: StartShortcutServiceLifecycle
07-08 01:32:46.328   635   635 I SystemServiceManager: Starting com.android.server.pm.ShortcutService$Lifecycle
07-08 01:32:46.332   635   635 I SystemServer: StartLauncherAppsService
07-08 01:32:46.333   635   635 I SystemServiceManager: Starting com.android.server.pm.LauncherAppsService
07-08 01:32:46.335   635   635 I SystemServer: StartMediaProjectionManager
07-08 01:32:46.338   635   635 I SystemServiceManager: Starting com.android.server.media.projection.MediaProjectionManagerService
07-08 01:32:46.354   635   635 I SystemServer: StartCameraServiceProxy
07-08 01:32:46.355   635   635 I SystemServiceManager: Starting com.android.server.camera.CameraServiceProxy
07-08 01:32:46.448   635  1276 I PackageManager: Deferred reconcileAppsData finished 133 packages
07-08 01:32:47.026   635   635 I SystemServer: StartJitCompilation
07-08 01:32:47.026   635   635 I SystemServer: StartMmsService
07-08 01:32:47.027   635   635 I SystemServiceManager: Starting com.android.server.MmsServiceBroker
07-08 01:32:47.029   635   635 I SystemServer: StartAutoFillService
07-08 01:32:47.029   635   635 I SystemServiceManager: Starting com.android.server.autofill.AutofillManagerService
07-08 01:32:47.029   635   635 I AutofillManagerService: Setting debug to false
07-08 01:32:47.032   635   635 I LineageSystemServer: Attempting to start service org.lineageos.platform.internal.ProfileManagerService
07-08 01:32:47.040   635   635 I LineageSystemServer: Starting service org.lineageos.platform.internal.ProfileManagerService
07-08 01:32:47.040   635   635 I SystemServiceManager: Starting org.lineageos.platform.internal.ProfileManagerService
07-08 01:32:47.058   635   635 I LineageSystemServer: Attempting to start service org.lineageos.platform.internal.LineageHardwareService
07-08 01:32:47.079   635   635 I LineageSystemServer: Starting service org.lineageos.platform.internal.LineageHardwareService
07-08 01:32:47.079   635   635 I SystemServiceManager: Starting org.lineageos.platform.internal.LineageHardwareService
07-08 01:32:47.082   635   635 I LineageSystemServer: Attempting to start service org.lineageos.platform.internal.PerformanceManagerService
07-08 01:32:47.084   635   635 I LineageSystemServer: Starting service org.lineageos.platform.internal.PerformanceManagerService
07-08 01:32:47.084   635   635 I SystemServiceManager: Starting org.lineageos.platform.internal.PerformanceManagerService
07-08 01:32:47.086   635   635 I LineageSystemServer: Attempting to start service org.lineageos.platform.internal.LineageWeatherManagerService
