07-08 01:33:56.264  3398  3398 W MediaScannerSer: type=1400 audit(0.0:4619): avc: denied { setattr } for name="50-cm.sh" dev="mmcblk0p28" ino=811175 scontext=u:r:mediaprovider:s0:c512,c768 tcontext=u:object_r:system_file:s0 tclass=file permissive=0
07-08 01:33:56.264  3398  3398 W MediaScannerSer: type=1400 audit(0.0:4620): avc: denied { setattr } for name="blacklist" dev="mmcblk0p28" ino=811176 scontext=u:r:mediaprovider:s0:c512,c768 tcontext=u:object_r:system_file:s0 tclass=file permissive=0
07-08 01:33:56.264  3398  3398 W MediaScannerSer: type=1400 audit(0.0:4621): avc: denied { setattr } for name="app" dev="mmcblk0p28" ino=811177 scontext=u:r:mediaprovider:s0:c512,c768 tcontext=u:object_r:system_file:s0 tclass=dir permissive=0
07-08 01:33:56.264  3398  3398 W MediaScannerSer: type=1400 audit(0.0:4622): avc: denied { setattr } for name="AntHalService" dev="mmcblk0p28" ino=811178 scontext=u:r:mediaprovider:s0:c512,c768 tcontext=u:object_r:system_file:s0 tclass=dir permissive=0
07-08 01:33:56.268  3398  3398 W MediaScannerSer: type=1400 audit(0.0:4623): avc: denied { setattr } for name="AntHalService.apk" dev="mmcblk0p28" ino=811179 scontext=u:r:mediaprovider:s0:c512,c768 tcontext=u:object_r:system_file:s0 tclass=file permissive=0
07-08 01:33:56.268  3398  3398 W MediaScannerSer: type=1400 audit(0.0:4624): avc: denied { setattr } for name="Bluetooth" dev="mmcblk0p28" ino=811182 scontext=u:r:mediaprovider:s0:c512,c768 tcontext=u:object_r:system_file:s0 tclass=dir permissive=0
07-08 01:33:56.268  3398  3398 W MediaScannerSer: type=1400 audit(0.0:4625): avc: denied { setattr } for name="Bluetooth.apk" dev="mmcblk0p28" ino=811183 scontext=u:r:mediaprovider:s0:c512,c768 tcontext=u:object_r:system_file:s0 tclass=file permissive=0
07-08 01:33:56.268  3398  3398 W MediaScannerSer: type=1400 audit(0.0:4626): avc: denied { setattr } for name="lib" dev="mmcblk0p28" ino=811184 scontext=u:r:mediaprovider:s0:c512,c768 tcontext=u:object_r:system_file:s0 tclass=dir permissive=0
07-08 01:33:56.268  3398  3398 W MediaScannerSer: type=1400 audit(0.0:4627): avc: denied { setattr } for name="arm" dev="mmcblk0p28" ino=811185 scontext=u:r:mediaprovider:s0:c512,c768 tcontext=u:object_r:system_file:s0 tclass=dir permissive=0
07-08 01:33:56.271  3398  3398 W MediaScannerSer: type=1400 audit(0.0:4628): avc: denied { setattr } for name="BluetoothExt" dev="mmcblk0p28" ino=811187 scontext=u:r:mediaprovider:s0:c512,c768 tcontext=u:object_r:system_file:s0 tclass=dir permissive=0
07-08 01:33:56.271  3398  3398 W MediaScannerSer: type=1400 audit(0.0:4629): avc: denied { setattr } for name="BluetoothExt.apk" dev="mmcblk0p28" ino=811188 scontext=u:r:mediaprovider:s0:c512,c768 tcontext=u:object_r:system_file:s0 tclass=file permissive=0
07-08 01:33:56.271  3398  3398 W MediaScannerSer: type=1400 audit(0.0:4630): avc: denied { setattr } for name="lib" dev="mmcblk0p28" ino=811189 scontext=u:r:mediaprovider:s0:c512,c768 tcontext=u:object_r:system_file:s0 tclass=dir permissive=0
07-08 01:33:56.271  3398  3398 W MediaScannerSer: type=1400 audit(0.0:4631): avc: denied { setattr } for name="arm" dev="mmcblk0p28" ino=811190 scontext=u:r:mediaprovider:s0:c512,c768 tcontext=u:object_r:system_file:s0 tclass=dir permissive=0
07-08 01:33:56.271  3398  3398 W MediaScannerSer: type=1400 audit(0.0:4632): avc: denied { setattr } for name="BluetoothMidiService" dev="mmcblk0p28" ino=811192 scontext=u:r:mediaprovider:s0:c512,c768 tcontext=u:object_r:system_file:s0 tclass=dir permissive=0
07-08 01:33:56.274  3398  3398 W MediaScannerSer: type=1400 audit(0.0:4633): avc: denied { setattr } for name="BluetoothMidiService.apk" dev="mmcblk0p28" ino=811193 scontext=u:r:mediaprovider:s0:c512,c768 tcontext=u:object_r:system_file:s0 tclass=file permissive=0
07-08 01:33:56.274  3398  3398 W MediaScannerSer: type=1400 audit(0.0:4634): avc: denied { setattr } for name="CMFileManager" dev="mmcblk0p28" ino=811194 scontext=u:r:mediaprovider:s0:c512,c768 tcontext=u:object_r:system_file:s0 tclass=dir permissive=0
07-08 01:33:56.274  3398  3398 W MediaScannerSer: type=1400 audit(0.0:4635): avc: denied { setattr } for name="CMFileManager.apk" dev="mmcblk0p28" ino=811195 scontext=u:r:mediaprovider:s0:c512,c768 tcontext=u:object_r:system_file:s0 tclass=file permissive=0
07-08 01:33:56.274  3398  3398 W MediaScannerSer: type=1400 audit(0.0:4636): avc: denied { setattr } for name="CMWallpapers" dev="mmcblk0p28" ino=811196 scontext=u:r:mediaprovider:s0:c512,c768 tcontext=u:object_r:system_file:s0 tclass=dir permissive=0
07-08 01:33:56.274  3398  3398 W MediaScannerSer: type=1400 audit(0.0:4637): avc: denied { setattr } for name="CMWallpapers.apk" dev="mmcblk0p28" ino=811197 scontext=u:r:mediaprovider:s0:c512,c768 tcontext=u:object_r:system_file:s0 tclass=file permissive=0
07-08 01:33:56.274  3398  3398 W MediaScannerSer: type=1400 audit(0.0:4638): avc: denied { setattr } for name="Calendar" dev="mmcblk0p28" ino=811198 scontext=u:r:mediaprovider:s0:c512,c768 tcontext=u:object_r:system_file:s0 tclass=dir permissive=0
07-08 01:33:56.278  3398  3398 W MediaScannerSer: type=1400 audit(0.0:4639): avc: denied { setattr } for name="Calendar.apk" dev="mmcblk0p28" ino=811199 scontext=u:r:mediaprovider:s0:c512,c768 tcontext=u:object_r:system_file:s0 tclass=file permissive=0
07-08 01:33:56.278  3398  3398 W MediaScannerSer: type=1400 audit(0.0:4640): avc: denied { setattr } for name="CaptivePortalLogin" dev="mmcblk0p28" ino=811200 scontext=u:r:mediaprovider:s0:c512,c768 tcontext=u:object_r:system_file:s0 tclass=dir permissive=0
07-08 01:33:56.278  3398  3398 W MediaScannerSer: type=1400 audit(0.0:4641): avc: denied { setattr } for name="CaptivePortalLogin.apk" dev="mmcblk0p28" ino=811201 scontext=u:r:mediaprovider:s0:c512,c768 tcontext=u:object_r:system_file:s0 tclass=file permissive=0
07-08 01:33:56.278  3398  3398 W MediaScannerSer: type=1400 audit(0.0:4642): avc: denied { setattr } for name="CertInstaller" dev="mmcblk0p28" ino=811202 scontext=u:r:mediaprovider:s0:c512,c768 tcontext=u:object_r:system_file:s0 tclass=dir permissive=0
07-08 01:33:56.278  3398  3398 W MediaScannerSer: type=1400 audit(0.0:4643): avc: denied { setattr } for name="CertInstaller.apk" dev="mmcblk0p28" ino=811203 scontext=u:r:mediaprovider:s0:c512,c768 tcontext=u:object_r:system_file:s0 tclass=file permissive=0
07-08 01:33:56.278  3398  3398 W MediaScannerSer: type=1400 audit(0.0:4644): avc: denied { setattr } for name="ConfigPanel" dev="mmcblk0p28" ino=811204 scontext=u:r:mediaprovider:s0:c512,c768 tcontext=u:object_r:system_file:s0 tclass=dir permissive=0
07-08 01:33:56.281  3398  3398 W MediaScannerSer: type=1400 audit(0.0:4645): avc: denied { setattr } for name="ConfigPanel.apk" dev="mmcblk0p28" ino=811205 scontext=u:r:mediaprovider:s0:c512,c768 tcontext=u:object_r:system_file:s0 tclass=file permissive=0
07-08 01:33:56.281  3398  3398 W MediaScannerSer: type=1400 audit(0.0:4646): avc: denied { setattr } for name="DeskClock" dev="mmcblk0p28" ino=811206 scontext=u:r:mediaprovider:s0:c512,c768 tcontext=u:object_r:system_file:s0 tclass=dir permissive=0
07-08 01:33:56.281  3398  3398 W MediaScannerSer: type=1400 audit(0.0:4647): avc: denied { setattr } for name="DeskClock.apk" dev="mmcblk0p28" ino=811207 scontext=u:r:mediaprovider:s0:c512,c768 tcontext=u:object_r:system_file:s0 tclass=file permissive=0
07-08 01:33:56.281  3398  3398 W MediaScannerSer: type=1400 audit(0.0:4648): avc: denied { setattr } for name="Development" dev="mmcblk0p28" ino=811208 scontext=u:r:mediaprovider:s0:c512,c768 tcontext=u:object_r:system_file:s0 tclass=dir permissive=0
07-08 01:33:57.274  3398  3398 W MediaScannerSer: type=1400 audit(0.0:6111): avc: denied { setattr } for name="Rockin.ogg" dev="mmcblk0p28" ino=835788 scontext=u:r:mediaprovider:s0:c512,c768 tcontext=u:object_r:system_file:s0 tclass=file permissive=0
07-08 01:33:57.274  3398  3398 W MediaScannerSer: type=1400 audit(0.0:6112): avc: denied { setattr } for name="RomancingTheTone.ogg" dev="mmcblk0p28" ino=835789 scontext=u:r:mediaprovider:s0:c512,c768 tcontext=u:object_r:system_file:s0 tclass=file permissive=0
07-08 01:33:57.274  3398  3398 W MediaScannerSer: type=1400 audit(0.0:6113): avc: denied { setattr } for name="Safari.ogg" dev="mmcblk0p28" ino=835790 scontext=u:r:mediaprovider:s0:c512,c768 tcontext=u:object_r:system_file:s0 tclass=file permissive=0
07-08 01:33:57.278  3398  3398 W MediaScannerSer: type=1400 audit(0.0:6114): avc: denied { setattr } for name="Savannah.ogg" dev="mmcblk0p28" ino=835791 scontext=u:r:mediaprovider:s0:c512,c768 tcontext=u:object_r:system_file:s0 tclass=file permissive=0
07-08 01:33:57.278  3398  3398 W MediaScannerSer: type=1400 audit(0.0:6115): avc: denied { setattr } for name="Scarabaeus.ogg" dev="mmcblk0p28" ino=835792 scontext=u:r:mediaprovider:s0:c512,c768 tcontext=u:object_r:system_file:s0 tclass=file permissive=0
07-08 01:33:57.278  3398  3398 W MediaScannerSer: type=1400 audit(0.0:6116): avc: denied { setattr } for name="Sceptrum.ogg" dev="mmcblk0p28" ino=835793 scontext=u:r:mediaprovider:s0:c512,c768 tcontext=u:object_r:system_file:s0 tclass=file permissive=0
07-08 01:33:57.278  3398  3398 W MediaScannerSer: type=1400 audit(0.0:6117): avc: denied { setattr } for name="Sedna.ogg" dev="mmcblk0p28" ino=835794 scontext=u:r:mediaprovider:s0:c512,c768 tcontext=u:object_r:system_file:s0 tclass=file permissive=0
07-08 01:33:57.281  3398  3398 W MediaScannerSer: type=1400 audit(0.0:6118): avc: denied { setattr } for name="Seville.ogg" dev="mmcblk0p28" ino=835795 scontext=u:r:mediaprovider:s0:c512,c768 tcontext=u:object_r:system_file:s0 tclass=file permissive=0
07-08 01:33:57.281  3398  3398 W MediaScannerSer: type=1400 audit(0.0:6119): avc: denied { setattr } for name="Sheep.mp3" dev="mmcblk0p28" ino=835796 scontext=u:r:mediaprovider:s0:c512,c768 tcontext=u:object_r:system_file:s0 tclass=file permissive=0
07-08 01:33:57.281  3398  3398 W MediaScannerSer: type=1400 audit(0.0:6120): avc: denied { setattr } for name="Shes_All_That.ogg" dev="mmcblk0p28" ino=835797 scontext=u:r:mediaprovider:s0:c512,c768 tcontext=u:object_r:system_file:s0 tclass=file permissive=0
07-08 01:33:57.281  3398  3398 W MediaScannerSer: type=1400 audit(0.0:6121): avc: denied { setattr } for name="SilkyWay.ogg" dev="mmcblk0p28" ino=835798 scontext=u:r:mediaprovider:s0:c512,c768 tcontext=u:object_r:system_file:s0 tclass=file permissive=0
07-08 01:33:57.281  3398  3398 W MediaScannerSer: type=1400 audit(0.0:6122): avc: denied { setattr } for name="SitarVsSitar.ogg" dev="mmcblk0p28" ino=835799 scontext=u:r:mediaprovider:s0:c512,c768 tcontext=u:object_r:system_file:s0 tclass=file permissive=0
07-08 01:33:57.281  3398  3398 W MediaScannerSer: type=1400 audit(0.0:6123): avc: denied { setattr } for name="Solarium.ogg" dev="mmcblk0p28" ino=835800 scontext=u:r:mediaprovider:s0:c512,c768 tcontext=u:object_r:system_file:s0 tclass=file permissive=0
07-08 01:33:57.284  3398  3398 W MediaScannerSer: type=1400 audit(0.0:6124): avc: denied { setattr } for name="SpringyJalopy.ogg" dev="mmcblk0p28" ino=835801 scontext=u:r:mediaprovider:s0:c512,c768 tcontext=u:object_r:system_file:s0 tclass=file permissive=0
07-08 01:33:57.284  3398  3398 W MediaScannerSer: type=1400 audit(0.0:6125): avc: denied { setattr } for name="Steppin_Out.ogg" dev="mmcblk0p28" ino=835802 scontext=u:r:mediaprovider:s0:c512,c768 tcontext=u:object_r:system_file:s0 tclass=file permissive=0
07-08 01:33:57.288  3398  3398 W MediaScannerSer: type=1400 audit(0.0:6126): avc: denied { setattr } for name="Terminated.ogg" dev="mmcblk0p28" ino=835803 scontext=u:r:mediaprovider:s0:c512,c768 tcontext=u:object_r:system_file:s0 tclass=file permissive=0
07-08 01:33:57.288  3398  3398 W MediaScannerSer: type=1400 audit(0.0:6127): avc: denied { setattr } for name="Testudo.ogg" dev="mmcblk0p28" ino=835804 scontext=u:r:mediaprovider:s0:c512,c768 tcontext=u:object_r:system_file:s0 tclass=file permissive=0
07-08 01:33:57.288  3398  3398 W MediaScannerSer: type=1400 audit(0.0:6128): avc: denied { setattr } for name="Themos.ogg" dev="mmcblk0p28" ino=835805 scontext=u:r:mediaprovider:s0:c512,c768 tcontext=u:object_r:system_file:s0 tclass=file permissive=0
07-08 01:33:57.291  3398  3398 W MediaScannerSer: type=1400 audit(0.0:6129): avc: denied { setattr } for name="Third_Eye.ogg" dev="mmcblk0p28" ino=835806 scontext=u:r:mediaprovider:s0:c512,c768 tcontext=u:object_r:system_file:s0 tclass=file permissive=0
07-08 01:33:57.291  3398  3398 W MediaScannerSer: type=1400 audit(0.0:6130): avc: denied { setattr } for name="Thunderfoot.ogg" dev="mmcblk0p28" ino=835807 scontext=u:r:mediaprovider:s0:c512,c768 tcontext=u:object_r:system_file:s0 tclass=file permissive=0
07-08 01:33:57.578  3329  3398 W MediaScanner: Error opening directory '/storage/emulated/0/multirom/roms/cm-13.0-20160819-SNAPSHOT-/data/misc/keystore/', skipping: Permission denied.
07-08 01:33:57.601  3329  3398 W MediaScanner: Error opening directory '/storage/emulated/0/multirom/roms/cm-13.0-20160819-SNAPSHOT-/data/misc/vold/', skipping: Permission denied.
07-08 01:33:57.614  3329  3398 W MediaScanner: Error opening directory '/storage/emulated/0/multirom/roms/cm-13.0-20160819-SNAPSHOT-/data/local/tmp/', skipping: Permission denied.
07-08 01:33:57.814   635  2155 I ActivityManager: Killing 5275:org.lineageos.lockclock/u0a76 (adj 906): empty #17
07-08 01:33:57.818   635   651 W zygote  : kill(-5275, 9) failed: No such process
07-08 01:33:57.862   635   651 W zygote  : kill(-5275, 9) failed: No such process
07-08 01:33:57.862   635   651 I zygote  : Successfully killed process cgroup uid 10076 pid 5275 in 43ms
07-08 01:34:00.344  2110  2620 W bt_btif : bta_gattc_conn_cback() - cif=3 connected=0 conn_id=3 reason=0x0100
07-08 01:34:00.344  2110  2620 W bt_btif : bta_gattc_conn_cback() - cif=4 connected=0 conn_id=4 reason=0x0100
07-08 01:34:00.344  2110  2620 W bt_btif : bta_gattc_conn_cback() - cif=5 connected=0 conn_id=5 reason=0x0100
07-08 01:34:00.344  2110  2620 W bt_btif : bta_gattc_conn_cback() - cif=6 connected=0 conn_id=6 reason=0x0100
07-08 01:34:00.344  2110  2620 W bt_btif : bta_gattc_conn_cback() - cif=7 connected=0 conn_id=7 reason=0x0100
07-08 01:34:01.216  5233  5248 D QcrilMsgTunnelSocket: readRilMessage: Buffer = [B@adc6c18 HexData = [010000000404000011000000514f454d484f4f4bef0308000100000003]
07-08 01:34:01.216  5233  5248 D QcrilMsgTunnelSocket: Rcvd UNSOL response with 28 bytes data for SUB0
07-08 01:34:01.217  5233  5248 D QcrilMsgTunnelSocket: Response ID 525295 is not served in this process.
07-08 01:34:01.217  5233  5248 D QcrilMsgTunnelSocket: To broadcast an Intent via the notifier to external apps
07-08 01:34:01.217  5233  5233 D QcrilMsgTunnelIfaceManager: handleMessage what = 0
07-08 01:34:02.954  4372  4372 I Finsky  : [2] ahsc.a(4): SCH: onJobSchedulerWakeup with jobId 9003
07-08 01:34:02.972  4372  4372 I Finsky  : [2] ahlh.handleMessage(4): SCH: DeviceState: DeviceState{currentTime=1625688242966, isCharging=false, isIdle=false, netAny=false, netNotRoaming=false, netUnmetered=false, batteryPercent=11.0}
07-08 01:34:02.978  4372  6363 I Finsky  : [272] ahob.a(5): SCH: Jobs in database: 1-1337 10-11 21-333333333 24-77777777 26-1414141414 29-29 
07-08 01:34:02.980  4372  4372 I Finsky  : [2] ahli.m(8): SCH: Running job: 29-29
07-08 01:34:02.989  4372  4372 I Finsky  : [2] ahlh.handleMessage(29): SCH: RunningQueue size: 1, PendingQueue size: 0
07-08 01:34:02.989  4372  4372 I Finsky  : [2] ahlh.handleMessage(32): SCH: Running queue: 29-29 
07-08 01:34:02.990  4372  6364 I Finsky  : [273] arob.a(0): ProcessRecoveryLogsUtil: No files in recovery directory
07-08 01:34:02.990  4372  6364 I Finsky  : [273] ahmo.n(4): SCH: jobFinished: 29-29. TimeElapsed: 11ms.
07-08 01:34:02.991  4372  4372 I Finsky  : [2] ahli.b(3): SCH: Job 29-29 finished. Not rescheduling.
07-08 01:34:02.992  4372  4372 I Finsky  : [2] ahlh.handleMessage(29): SCH: RunningQueue size: 0, PendingQueue size: 0
07-08 01:34:02.992  4372  4372 I Finsky  : [2] ahlh.handleMessage(10): SCH: Executor finished
07-08 01:34:03.011  4372  4372 I Finsky  : [2] ahob.a(5): SCH: Jobs in database: 1-1337 10-11 21-333333333 24-77777777 26-1414141414 
07-08 01:34:03.012  4372  4372 I Finsky  : [2] ahlz.h(37): SCH: ConstraintMapping: 24-77777777,  -> L: 0ms, D: 82757240ms, C: false, I: true, N: 0
07-08 01:34:03.013  4372  4372 I Finsky  : [2] ahlz.h(37): SCH: ConstraintMapping: 1-1337, 21-333333333,  -> L: 0ms, D: 33745578ms, C: false, I: false, N: 1
07-08 01:34:03.013  4372  4372 I Finsky  : [2] ahlz.h(37): SCH: ConstraintMapping: 10-11, 26-1414141414,  -> L: 551818ms, D: 44051965ms, C: false, I: false, N: 0
07-08 01:34:03.016  4372  4372 I Finsky  : [2] ahlz.j(7): SCH: Cancelling existing jobscheduler jobs: 9001 9002 
07-08 01:34:03.016  4372  4372 I Finsky  : [2] ahlz.e(4): SCH: Throttling wakeup for job 9000 (expected to run in 0 ms) due to recent wakeup
07-08 01:34:03.017  4372  4372 I Finsky  : [2] ahlz.i(11): SCH: Scheduling job Id: 9000, L: 30000, D: 82757240, C: false, I: true, N: 0
07-08 01:34:03.017  4372  4372 I Finsky  : [2] ahlz.e(4): SCH: Throttling wakeup for job 9004 (expected to run in 0 ms) due to recent wakeup
07-08 01:34:03.018  4372  4372 I Finsky  : [2] ahlz.i(11): SCH: Scheduling job Id: 9004, L: 30000, D: 33745578, C: false, I: false, N: 1
07-08 01:34:03.018  4372  4372 I Finsky  : [2] ahlz.i(11): SCH: Scheduling job Id: 9005, L: 551818, D: 44051965, C: false, I: false, N: 0
07-08 01:34:04.567   635  3244 D WificondControl: Scan result ready event
07-08 01:34:04.575   635  1515 W WifiConfigManager: Looking up network with invalid networkId -1
07-08 01:34:07.452  4372  4428 I Finsky  : [189] pqn.run(3): Stats for Executor: BlockingExecutor pst@f0328[Running, pool size = 6, active threads = 0, queued tasks = 0, completed tasks = 182]
07-08 01:34:07.453  4372  4428 I Finsky  : [189] pqn.run(3): Stats for Executor: LightweightExecutor pst@24ab841[Running, pool size = 3, active threads = 0, queued tasks = 0, completed tasks = 384]
07-08 01:34:07.553   635   635 I ActivityManager: Start proc 6374:me.twrp.twrpapp/u0a95 for service me.twrp.twrpapp/com.p3group.insight.service.InsightJobService
07-08 01:34:07.607  6374  6374 I MultiDex: VM with version 2.1.0 has multidex support
07-08 01:34:07.607  6374  6374 I MultiDex: Installing application
07-08 01:34:07.608  6374  6374 I MultiDex: VM has multidex support, MultiDex support library is disabled.
07-08 01:34:07.649  6374  6389 V TimeServer: Syncing TimeServer
07-08 01:34:07.679  6374  6389 D a       : request time failed: java.net.UnknownHostException: Unable to resolve host "0.de.pool.ntp.org": No address associated with hostname
07-08 01:34:07.679  6374  6389 V TimeServer: Syncing TimeServer failed
07-08 01:34:07.692  6374  6397 W DynamiteModule: Local module descriptor class for com.google.android.gms.measurement.dynamite not found.
07-08 01:34:07.698  6374  6388 W zygote  : Unsupported class loader
07-08 01:34:07.702  6374  6388 W zygote  : Skipping duplicate class check due to unsupported classloader
07-08 01:34:07.704  6374  6388 I DynamiteModule: Considering local module com.google.android.gms.ads.dynamite:0 and remote module com.google.android.gms.ads.dynamite:210890500
07-08 01:34:07.704  6374  6388 I DynamiteModule: Selected remote version of com.google.android.gms.ads.dynamite, version >= 210890500
07-08 01:34:07.705  6374  6388 V DynamiteModule: Dynamite loader version >= 2, using loadModule2NoCrashUtils
07-08 01:34:07.706  6374  6397 I DynamiteModule: Considering local module com.google.android.gms.measurement.dynamite:0 and remote module com.google.android.gms.measurement.dynamite:49
07-08 01:34:07.706  6374  6397 I DynamiteModule: Selected remote version of com.google.android.gms.measurement.dynamite, version >= 49
07-08 01:34:07.706  6374  6397 V DynamiteModule: Dynamite loader version >= 2, using loadModule2NoCrashUtils
07-08 01:34:07.725  6374  6388 W zygote  : Unsupported class loader
07-08 01:34:07.727  6374  6388 W zygote  : Skipping duplicate class check due to unsupported classloader
07-08 01:34:07.729  6374  6374 I zygote  : Rejecting re-init on previously-failed class java.lang.Class<com.p3group.insight.controller.WifiController$2>: java.lang.NoClassDefFoundError: Failed resolution of: Landroid/net/wifi/rtt/RangingResultCallback;
07-08 01:34:07.729  6374  6374 I zygote  :   at void com.p3group.insight.InsightCore.a() (:-1)
07-08 01:34:07.729  6374  6374 I zygote  :   at void com.p3group.insight.InsightCore.init(android.content.Context, byte[]) (:-1)
07-08 01:34:07.729  6374  6374 I zygote  :   at void com.p3group.insight.InsightCore.init(android.content.Context, int) (:-1)
07-08 01:34:07.729  6374  6374 I zygote  :   at void me.twrp.officialtwrpapp.TwrpApplication.onCreate() (:-1)
07-08 01:34:07.729  6374  6374 I zygote  :   at void android.app.Instrumentation.callApplicationOnCreate(android.app.Application) (Instrumentation.java:1119)
07-08 01:34:07.729  6374  6374 I zygote  :   at void android.app.ActivityThread.handleBindApplication(android.app.ActivityThread$AppBindData) (ActivityThread.java:5740)
07-08 01:34:07.729  6374  6374 I zygote  :   at void android.app.ActivityThread.-wrap1(android.app.ActivityThread, android.app.ActivityThread$AppBindData) (ActivityThread.java:-1)
07-08 01:34:07.729  6374  6374 I zygote  :   at void android.app.ActivityThread$H.handleMessage(android.os.Message) (ActivityThread.java:1656)
07-08 01:34:07.729  6374  6374 I zygote  :   at void android.os.Handler.dispatchMessage(android.os.Message) (Handler.java:106)
07-08 01:34:07.729  6374  6374 I zygote  :   at void android.os.Looper.loop() (Looper.java:164)
07-08 01:34:07.729  6374  6374 I zygote  :   at void android.app.ActivityThread.main(java.lang.String[]) (ActivityThread.java:6494)
07-08 01:34:07.729  6374  6374 I zygote  :   at java.lang.Object java.lang.reflect.Method.invoke(java.lang.Object, java.lang.Object[]) (Method.java:-2)
07-08 01:34:07.729  6374  6374 I zygote  :   at void com.android.internal.os.RuntimeInit$MethodAndArgsCaller.run() (RuntimeInit.java:440)
07-08 01:34:07.729  6374  6374 I zygote  :   at void com.android.internal.os.ZygoteInit.main(java.lang.String[]) (ZygoteInit.java:807)
07-08 01:34:07.729  6374  6374 I zygote  : Caused by: java.lang.ClassNotFoundException: Didn't find class "android.net.wifi.rtt.RangingResultCallback" on path: DexPathList[[zip file "/data/app/me.twrp.twrpapp-DqVWM7Tce9LDXtS_7cEpBg==/base.apk"],nativeLibraryDirectories=[/data/app/me.twrp.twrpapp-DqVWM7Tce9LDXtS_7cEpBg==/lib/arm, /system/lib, /system/vendor/lib]]
07-08 01:34:07.729  6374  6374 I zygote  :   at java.lang.Class dalvik.system.BaseDexClassLoader.findClass(java.lang.String) (BaseDexClassLoader.java:125)
07-08 01:34:07.729  6374  6374 I zygote  :   at java.lang.Class java.lang.ClassLoader.loadClass(java.lang.String, boolean) (ClassLoader.java:379)
07-08 01:34:07.729  6374  6374 I zygote  :   at java.lang.Class java.lang.ClassLoader.loadClass(java.lang.String) (ClassLoader.java:312)
07-08 01:34:07.729  6374  6374 I zygote  :   at void com.p3group.insight.InsightCore.a() (:-1)
07-08 01:34:07.729  6374  6374 I zygote  :   at void com.p3group.insight.InsightCore.init(android.content.Context, byte[]) (:-1)
07-08 01:34:07.729  6374  6374 I zygote  :   at void com.p3group.insight.InsightCore.init(android.content.Context, int) (:-1)
07-08 01:34:07.729  6374  6374 I zygote  :   at void me.twrp.officialtwrpapp.TwrpApplication.onCreate() (:-1)
07-08 01:34:07.729  6374  6374 I zygote  :   at void android.app.Instrumentation.callApplicationOnCreate(android.app.Application) (Instrumentation.java:1119)
07-08 01:34:07.729  6374  6374 I zygote  :   at void android.app.ActivityThread.handleBindApplication(android.app.ActivityThread$AppBindData) (ActivityThread.java:5740)
07-08 01:34:07.729  6374  6374 I zygote  :   at void android.app.ActivityThread.-wrap1(android.app.ActivityThread, android.app.ActivityThread$AppBindData) (ActivityThread.java:-1)
07-08 01:34:07.729  6374  6374 I zygote  :   at void android.app.ActivityThread$H.handleMessage(android.os.Message) (ActivityThread.java:1656)
07-08 01:34:07.729  6374  6374 I zygote  :   at void android.os.Handler.dispatchMessage(android.os.Message) (Handler.java:106)
07-08 01:34:07.729  6374  6374 I zygote  :   at void android.os.Looper.loop() (Looper.java:164)
07-08 01:34:07.729  6374  6374 I zygote  :   at void android.app.ActivityThread.main(java.lang.String[]) (ActivityThread.java:6494)
07-08 01:34:07.729  6374  6374 I zygote  :   at java.lang.Object java.lang.reflect.Method.invoke(java.lang.Object, java.lang.Object[]) (Method.java:-2)
07-08 01:34:07.729  6374  6374 I zygote  :   at void com.android.internal.os.RuntimeInit$MethodAndArgsCaller.run() (RuntimeInit.java:440)
07-08 01:34:07.729  6374  6374 I zygote  :   at void com.android.internal.os.ZygoteInit.main(java.lang.String[]) (ZygoteInit.java:807)
07-08 01:34:07.729  6374  6374 I zygote  : 
07-08 01:34:07.730  6374  6374 I zygote  : Rejecting re-init on previously-failed class java.lang.Class<com.p3group.insight.controller.WifiController$2>: java.lang.NoClassDefFoundError: Failed resolution of: Landroid/net/wifi/rtt/RangingResultCallback;
07-08 01:34:07.730  6374  6374 I zygote  :   at void com.p3group.insight.InsightCore.a() (:-1)
07-08 01:34:07.730  6374  6374 I zygote  :   at void com.p3group.insight.InsightCore.init(android.content.Context, byte[]) (:-1)
07-08 01:34:07.730  6374  6374 I zygote  :   at void com.p3group.insight.InsightCore.init(android.content.Context, int) (:-1)
07-08 01:34:07.730  6374  6374 I zygote  :   at void me.twrp.officialtwrpapp.TwrpApplication.onCreate() (:-1)
07-08 01:34:07.730  6374  6374 I zygote  :   at void android.app.Instrumentation.callApplicationOnCreate(android.app.Application) (Instrumentation.java:1119)
07-08 01:34:07.730  6374  6374 I zygote  :   at void android.app.ActivityThread.handleBindApplication(android.app.ActivityThread$AppBindData) (ActivityThread.java:5740)
07-08 01:34:07.730  6374  6374 I zygote  :   at void android.app.ActivityThread.-wrap1(android.app.ActivityThread, android.app.ActivityThread$AppBindData) (ActivityThread.java:-1)
07-08 01:34:07.730  6374  6374 I zygote  :   at void android.app.ActivityThread$H.handleMessage(android.os.Message) (ActivityThread.java:1656)
07-08 01:34:07.730  6374  6374 I zygote  :   at void android.os.Handler.dispatchMessage(android.os.Message) (Handler.java:106)
07-08 01:34:07.730  6374  6374 I zygote  :   at void android.os.Looper.loop() (Looper.java:164)
07-08 01:34:07.730  6374  6374 I zygote  :   at void android.app.ActivityThread.main(java.lang.String[]) (ActivityThread.java:6494)
07-08 01:34:07.730  6374  6374 I zygote  :   at java.lang.Object java.lang.reflect.Method.invoke(java.lang.Object, java.lang.Object[]) (Method.java:-2)
07-08 01:34:07.730  6374  6374 I zygote  :   at void com.android.internal.os.RuntimeInit$MethodAndArgsCaller.run() (RuntimeInit.java:440)
07-08 01:34:07.730  6374  6374 I zygote  :   at void com.android.internal.os.ZygoteInit.main(java.lang.String[]) (ZygoteInit.java:807)
07-08 01:34:07.730  6374  6374 I zygote  : Caused by: java.lang.ClassNotFoundException: Didn't find class "android.net.wifi.rtt.RangingResultCallback" on path: DexPathList[[zip file "/data/app/me.twrp.twrpapp-DqVWM7Tce9LDXtS_7cEpBg==/base.apk"],nativeLibraryDirectories=[/data/app/me.twrp.twrpapp-DqVWM7Tce9LDXtS_7cEpBg==/lib/arm, /system/lib, /system/vendor/lib]]
07-08 01:34:07.730  6374  6374 I zygote  :   at java.lang.Class dalvik.system.BaseDexClassLoader.findClass(java.lang.String) (BaseDexClassLoader.java:125)
07-08 01:34:07.730  6374  6374 I zygote  :   at java.lang.Class java.lang.ClassLoader.loadClass(java.lang.String, boolean) (ClassLoader.java:379)
07-08 01:34:07.730  6374  6374 I zygote  :   at java.lang.Class java.lang.ClassLoader.loadClass(java.lang.String) (ClassLoader.java:312)
07-08 01:34:07.730  6374  6374 I zygote  :   at void com.p3group.insight.InsightCore.a() (:-1)
07-08 01:34:07.730  6374  6374 I zygote  :   at void com.p3group.insight.InsightCore.init(android.content.Context, byte[]) (:-1)
07-08 01:34:07.730  6374  6374 I zygote  :   at void com.p3group.insight.InsightCore.init(android.content.Context, int) (:-1)
07-08 01:34:07.730  6374  6374 I zygote  :   at void me.twrp.officialtwrpapp.TwrpApplication.onCreate() (:-1)
07-08 01:34:07.730  6374  6374 I zygote  :   at void android.app.Instrumentation.callApplicationOnCreate(android.app.Application) (Instrumentation.java:1119)
07-08 01:34:07.730  6374  6374 I zygote  :   at void android.app.ActivityThread.handleBindApplication(android.app.ActivityThread$AppBindData) (ActivityThread.java:5740)
07-08 01:34:07.730  6374  6374 I zygote  :   at void android.app.ActivityThread.-wrap1(android.app.ActivityThread, android.app.ActivityThread$AppBindData) (ActivityThread.java:-1)
07-08 01:34:07.730  6374  6374 I zygote  :   at void android.app.ActivityThread$H.handleMessage(android.os.Message) (ActivityThread.java:1656)
07-08 01:34:07.730  6374  6374 I zygote  :   at void android.os.Handler.dispatchMessage(android.os.Message) (Handler.java:106)
07-08 01:34:07.730  6374  6374 I zygote  :   at void android.os.Looper.loop() (Looper.java:164)
07-08 01:34:07.730  6374  6374 I zygote  :   at void android.app.ActivityThread.main(java.lang.String[]) (ActivityThread.java:6494)
07-08 01:34:07.730  6374  6374 I zygote  :   at java.lang.Object java.lang.reflect.Method.invoke(java.lang.Object, java.lang.Object[]) (Method.java:-2)
07-08 01:34:07.730  6374  6374 I zygote  :   at void com.android.internal.os.RuntimeInit$MethodAndArgsCaller.run() (RuntimeInit.java:440)
07-08 01:34:07.730  6374  6374 I zygote  :   at void com.android.internal.os.ZygoteInit.main(java.lang.String[]) (ZygoteInit.java:807)
07-08 01:34:07.730  6374  6374 I zygote  : 
07-08 01:34:07.730  6374  6374 I zygote  : Rejecting re-init on previously-failed class java.lang.Class<com.p3group.insight.controller.WifiController$2>: java.lang.NoClassDefFoundError: Failed resolution of: Landroid/net/wifi/rtt/RangingResultCallback;
07-08 01:34:07.730  6374  6374 I zygote  :   at void com.p3group.insight.InsightCore.a() (:-1)
07-08 01:34:07.730  6374  6374 I zygote  :   at void com.p3group.insight.InsightCore.init(android.content.Context, byte[]) (:-1)
07-08 01:34:07.730  6374  6374 I zygote  :   at void com.p3group.insight.InsightCore.init(android.content.Context, int) (:-1)
07-08 01:34:07.730  6374  6374 I zygote  :   at void me.twrp.officialtwrpapp.TwrpApplication.onCreate() (:-1)
07-08 01:34:07.730  6374  6374 I zygote  :   at void android.app.Instrumentation.callApplicationOnCreate(android.app.Application) (Instrumentation.java:1119)
07-08 01:34:07.730  6374  6374 I zygote  :   at void android.app.ActivityThread.handleBindApplication(android.app.ActivityThread$AppBindData) (ActivityThread.java:5740)
07-08 01:34:07.730  6374  6374 I zygote  :   at void android.app.ActivityThread.-wrap1(android.app.ActivityThread, android.app.ActivityThread$AppBindData) (ActivityThread.java:-1)
07-08 01:34:07.731  6374  6374 I zygote  :   at void android.app.ActivityThread$H.handleMessage(android.os.Message) (ActivityThread.java:1656)
07-08 01:34:07.731  6374  6374 I zygote  :   at void android.os.Handler.dispatchMessage(android.os.Message) (Handler.java:106)
07-08 01:34:07.731  6374  6374 I zygote  :   at void android.os.Looper.loop() (Looper.java:164)
07-08 01:34:07.731  6374  6374 I zygote  :   at void android.app.ActivityThread.main(java.lang.String[]) (ActivityThread.java:6494)
07-08 01:34:07.731  6374  6374 I zygote  :   at java.lang.Object java.lang.reflect.Method.invoke(java.lang.Object, java.lang.Object[]) (Method.java:-2)
07-08 01:34:07.731  6374  6374 I zygote  :   at void com.android.internal.os.RuntimeInit$MethodAndArgsCaller.run() (RuntimeInit.java:440)
07-08 01:34:07.731  6374  6374 I zygote  :   at void com.android.internal.os.ZygoteInit.main(java.lang.String[]) (ZygoteInit.java:807)
07-08 01:34:07.731  6374  6374 I zygote  : Caused by: java.lang.ClassNotFoundException: Didn't find class "android.net.wifi.rtt.RangingResultCallback" on path: DexPathList[[zip file "/data/app/me.twrp.twrpapp-DqVWM7Tce9LDXtS_7cEpBg==/base.apk"],nativeLibraryDirectories=[/data/app/me.twrp.twrpapp-DqVWM7Tce9LDXtS_7cEpBg==/lib/arm, /system/lib, /system/vendor/lib]]
07-08 01:34:07.731  6374  6374 I zygote  :   at java.lang.Class dalvik.system.BaseDexClassLoader.findClass(java.lang.String) (BaseDexClassLoader.java:125)
07-08 01:34:07.731  6374  6374 I zygote  :   at java.lang.Class java.lang.ClassLoader.loadClass(java.lang.String, boolean) (ClassLoader.java:379)
07-08 01:34:07.731  6374  6374 I zygote  :   at java.lang.Class java.lang.ClassLoader.loadClass(java.lang.String) (ClassLoader.java:312)
07-08 01:34:07.731  6374  6374 I zygote  :   at void com.p3group.insight.InsightCore.a() (:-1)
07-08 01:34:07.731  6374  6374 I zygote  :   at void com.p3group.insight.InsightCore.init(android.content.Context, byte[]) (:-1)
07-08 01:34:07.731  6374  6374 I zygote  :   at void com.p3group.insight.InsightCore.init(android.content.Context, int) (:-1)
07-08 01:34:07.731  6374  6374 I zygote  :   at void me.twrp.officialtwrpapp.TwrpApplication.onCreate() (:-1)
07-08 01:34:07.731  6374  6374 I zygote  :   at void android.app.Instrumentation.callApplicationOnCreate(android.app.Application) (Instrumentation.java:1119)
07-08 01:34:07.731  6374  6374 I zygote  :   at void android.app.ActivityThread.handleBindApplication(android.app.ActivityThread$AppBindData) (ActivityThread.java:5740)
07-08 01:34:07.731  6374  6374 I zygote  :   at void android.app.ActivityThread.-wrap1(android.app.ActivityThread, android.app.ActivityThread$AppBindData) (ActivityThread.java:-1)
07-08 01:34:07.731  6374  6374 I zygote  :   at void android.app.ActivityThread$H.handleMessage(android.os.Message) (ActivityThread.java:1656)
07-08 01:34:07.731  6374  6374 I zygote  :   at void android.os.Handler.dispatchMessage(android.os.Message) (Handler.java:106)
07-08 01:34:07.731  6374  6374 I zygote  :   at void android.os.Looper.loop() (Looper.java:164)
07-08 01:34:07.731  6374  6374 I zygote  :   at void android.app.ActivityThread.main(java.lang.String[]) (ActivityThread.java:6494)
07-08 01:34:07.731  6374  6374 I zygote  :   at java.lang.Object java.lang.reflect.Method.invoke(java.lang.Object, java.lang.Object[]) (Method.java:-2)
07-08 01:34:07.731  6374  6374 I zygote  :   at void com.android.internal.os.RuntimeInit$MethodAndArgsCaller.run() (RuntimeInit.java:440)
07-08 01:34:07.731  6374  6374 I zygote  :   at void com.android.internal.os.ZygoteInit.main(java.lang.String[]) (ZygoteInit.java:807)
07-08 01:34:07.731  6374  6374 I zygote  : 
07-08 01:34:07.739  6374  6397 W zygote  : Unsupported class loader
07-08 01:34:07.741  6374  6397 W zygote  : Skipping duplicate class check due to unsupported classloader
07-08 01:34:07.749   635   645 I WifiService: getWifiEnabledState uid=10095
07-08 01:34:07.750   635  2155 I WifiService: getConnectionInfo uid=10095
07-08 01:34:07.750   635  4310 I WifiService: getConnectionInfo uid=10095
07-08 01:34:07.752  6374  6397 W DynamiteModule: Local module descriptor class for com.google.android.gms.measurement.dynamite not found.
07-08 01:34:07.755  2701  2712 I zygote  : Background concurrent copying GC freed 171570(7MB) AllocSpace objects, 27(996KB) LOS objects, 50% free, 8MB/17MB, paused 79us total 148.212ms
07-08 01:34:07.786  6374  6404 D NetworkSecurityConfig: No Network Security Config specified, using platform default
07-08 01:34:07.795  6374  6374 D BluetoothA2dp: Proxy object connected
07-08 01:34:07.795  6374  6374 D BluetoothHealth: Proxy object connected
07-08 01:34:07.801   635  2401 I ActivityManager: Killing 5293:org.lineageos.updater/u0a31 (adj 906): empty #17
07-08 01:34:07.805   635   651 W zygote  : kill(-5293, 9) failed: No such process
07-08 01:34:07.848   635   651 W zygote  : kill(-5293, 9) failed: No such process
07-08 01:34:07.848   635   651 I zygote  : Successfully killed process cgroup uid 10031 pid 5293 in 43ms
07-08 01:34:07.853  6374  6402 I FA-Ads  : App measurement initialized, version: 40013
07-08 01:34:07.853  6374  6402 I FA-Ads  : To enable debug logging run: adb shell setprop log.tag.FA VERBOSE
07-08 01:34:07.856  4372  4428 I Finsky  : [189] pqn.run(3): Stats for Executor: bgExecutor pst@13a71e6[Running, pool size = 4, active threads = 0, queued tasks = 0, completed tasks = 501]
07-08 01:34:07.859  6374  6386 D BluetoothHeadset: Proxy object connected
07-08 01:34:07.873  6374  6402 I zygote  : Deoptimizing java.lang.Object hr.b(java.lang.Object) due to JIT inline cache
07-08 01:34:11.256  4777  4854 I Finsky:download_service: [216] pqn.run(3): Stats for Executor: bgExecutor pst@85ca1ec[Running, pool size = 0, active threads = 0, queued tasks = 0, completed tasks = 0]
07-08 01:34:12.611  6374  6387 I zygote  : Waiting for a blocking GC ProfileSaver
07-08 01:34:12.624  6374  6387 I zygote  : WaitForGcToComplete blocked ProfileSaver on AddRemoveAppImageSpace for 13.384ms
07-08 01:34:13.085   298   298 I rmt_storage: rmt_storage_connect_cb: clnt_h=0x7 conn_h=0xb1c99120
07-08 01:34:13.086   298   298 I rmt_storage: rmt_storage_rw_iovec_cb: /boot/modem_fs2: clnt_h=0x2: req_h=0xf msg_id=3: R/W request received
07-08 01:34:13.086   298   298 I rmt_storage: wakelock acquired: 1, error no: 42
07-08 01:34:13.086   298   495 I rmt_storage: rmt_storage_client_thread: /boot/modem_fs2: clnt_h=0x2 Unblock worker thread (th_id: -1313474192)
07-08 01:34:13.192   298   495 I rmt_storage: rmt_storage_client_thread: /boot/modem_fs2: clnt_h=0x2: req_h=0xf msg_id=3: Bytes written = 1572864
07-08 01:34:13.193   298   495 I rmt_storage: rmt_storage_client_thread: /boot/modem_fs2: clnt_h=0x2: req_h=0xf msg_id=3: Send response: res=0 err=0
07-08 01:34:13.193   298   495 I rmt_storage: rmt_storage_client_thread: /boot/modem_fs2: clnt_h=0x2 About to block rmt_storage client thread (th_id: -1313474192) wakelock released: 1, error no: 0
07-08 01:34:13.193   298   495 I rmt_storage: 
07-08 01:34:13.195   298   298 I rmt_storage: rmt_storage_disconnect_cb: clnt_h=0x0x7 conn_h=0x0xb1c99120
07-08 01:34:15.066   635   635 I ActivityManager: Killing 5430:com.android.keychain/1000 (adj 906): empty #17
07-08 01:34:15.067   635   651 W zygote  : kill(-5430, 9) failed: No such process
07-08 01:34:15.071  3202  3202 I BgTaskExecutorImpl: Starting NONEXCLUSIVE background task DOODLE_SCHEDULE_SYNC_TASK.
07-08 01:34:15.112   635   651 W zygote  : kill(-5430, 9) failed: No such process
07-08 01:34:15.112   635   651 I zygote  : Successfully killed process cgroup uid 1000 pid 5430 in 45ms
07-08 01:34:15.873  2701  6434 E WakeLock: GCM_HB_ALARM release without a matched acquire!
07-08 01:34:15.873  2701  6434 W WakeLock: GCM_HB_ALARM counter does not exist
07-08 01:34:18.056  2701  2701 D BoundBrokerSvc: onUnbind: Intent { act=com.google.android.gms.clearcut.service.START cmp=com.google.android.gms/.chimera.PersistentDirectBootAwareApiService }
07-08 01:34:23.970  5233  5248 D QcrilMsgTunnelSocket: readRilMessage: Buffer = [B@adc6c18 HexData = [010000000404000011000000514f454d484f4f4bef0308000100000003]
07-08 01:34:23.970  5233  5248 D QcrilMsgTunnelSocket: Rcvd UNSOL response with 28 bytes data for SUB0
07-08 01:34:23.970  5233  5248 D QcrilMsgTunnelSocket: Response ID 525295 is not served in this process.
07-08 01:34:23.970  5233  5248 D QcrilMsgTunnelSocket: To broadcast an Intent via the notifier to external apps
07-08 01:34:23.970  5233  5233 D QcrilMsgTunnelIfaceManager: handleMessage what = 0
07-08 01:34:23.994  5233  5248 D QcrilMsgTunnelSocket: readRilMessage: Buffer = [B@adc6c18 HexData = [010000000404000011000000514f454d484f4f4bef0308000100000003]
07-08 01:34:23.994  5233  5248 D QcrilMsgTunnelSocket: Rcvd UNSOL response with 28 bytes data for SUB0
07-08 01:34:23.994  5233  5248 D QcrilMsgTunnelSocket: Response ID 525295 is not served in this process.
07-08 01:34:23.994  5233  5248 D QcrilMsgTunnelSocket: To broadcast an Intent via the notifier to external apps
07-08 01:34:23.994  5233  5233 D QcrilMsgTunnelIfaceManager: handleMessage what = 0
07-08 01:34:27.280  5737  5737 W auxi    : Already started: auxi@17aeda1
07-08 01:34:27.394  5737  6485 W DynamiteModule: Local module descriptor class for com.google.android.gms.providerinstaller.dynamite not found.
07-08 01:34:27.396  2701  2714 W ProviderHelper: Unknown dynamite feature providerinstaller.dynamite
07-08 01:34:27.398  5737  6485 W ProviderInstaller: Failed to load providerinstaller module: No acceptable module found. Local version is 0 and remote version is 0.
07-08 01:34:27.424  2701  3602 E AuthPII : [GoogleAccountDataServiceImpl] getToken() -> NETWORK_ERROR. Account: Account {name=psobangalore@gmail.com, type=com.google}, App: com.google.android.gm, Service: oauth2:https://mail.google.com/ https://www.googleapis.com/auth/gmail.ads https://www.googleapis.com/auth/gmail.readonly https://www.googleapis.com/auth/taskassist.readonly https://www.googleapis.com/auth/reminders https://www.googleapis.com/auth/gmail.full_access https://www.googleapis.com/auth/gmail.locker.read https://www.googleapis.com/auth/gmail.publisher_first_party https://www.googleapis.com/auth/drive https://www.googleapis.com/auth/calendar.readonly https://www.googleapis.com/auth/chat 
07-08 01:34:27.424  2701  3602 E AuthPII : Message is Error when calling server.
07-08 01:34:27.424  2701  3602 W GetToken: [GetToken]GetToken failed with status code: NetworkError
07-08 01:34:27.427  5737  6485 W aryh    : Unexpected network exception for request (0) https://mail.google.com/mail/ads/main?rt=b&client=26
07-08 01:34:27.427  5737  6485 W aryh    : arzt: [/mail/ads/main] 2: Unknown network error: java.io.IOException: NetworkError
07-08 01:34:27.427  5737  6485 W aryh    : 	at arzq.b(PG:1)
07-08 01:34:27.427  5737  6485 W aryh    : 	at arzw.a(PG:11)
07-08 01:34:27.427  5737  6485 W aryh    : 	at arzv.a(Unknown Source:6)
07-08 01:34:27.427  5737  6485 W aryh    : 	at bjtg.a(Unknown Source:2)
07-08 01:34:27.427  5737  6485 W aryh    : 	at bjqm.e(Unknown Source:2)
07-08 01:34:27.427  5737  6485 W aryh    : 	at bmld.run(PG:7)
07-08 01:34:27.427  5737  6485 W aryh    : 	at bmki.execute(Unknown Source:0)
07-08 01:34:27.427  5737  6485 W aryh    : 	at bjue.execute(PG:3)
07-08 01:34:27.427  5737  6485 W aryh    : 	at bmit.n(PG:1)
07-08 01:34:27.427  5737  6485 W aryh    : 	at bmit.j(PG:8)
07-08 01:34:27.427  5737  6485 W aryh    : 	at bmit.setException(Unknown Source:17)
07-08 01:34:27.427  5737  6485 W aryh    : 	at com.google.common.util.concurrent.SettableFuture.setException(Unknown Source:0)
07-08 01:34:27.427  5737  6485 W aryh    : 	at bimi.a(Unknown Source:3)
07-08 01:34:27.427  5737  6485 W aryh    : 	at bjqm.e(Unknown Source:2)
07-08 01:34:27.427  5737  6485 W aryh    : 	at bmld.run(PG:7)
07-08 01:34:27.427  5737  6485 W aryh    : 	at axuk.run(Unknown Source:3)
07-08 01:34:27.427  5737  6485 W aryh    : 	at java.util.concurrent.Executors$RunnableAdapter.call(Executors.java:457)
07-08 01:34:27.427  5737  6485 W aryh    : 	at java.util.concurrent.FutureTask.run(FutureTask.java:266)
07-08 01:34:27.427  5737  6485 W aryh    : 	at java.util.concurrent.ScheduledThreadPoolExecutor$ScheduledFutureTask.run(ScheduledThreadPoolExecutor.java:301)
07-08 01:34:27.427  5737  6485 W aryh    : 	at java.util.concurrent.ThreadPoolExecutor.runWorker(ThreadPoolExecutor.java:1162)
07-08 01:34:27.427  5737  6485 W aryh    : 	at java.util.concurrent.ThreadPoolExecutor$Worker.run(ThreadPoolExecutor.java:636)
07-08 01:34:27.427  5737  6485 W aryh    : 	at java.lang.Thread.run(Thread.java:764)
07-08 01:34:27.427  5737  6485 W aryh    : Caused by: java.io.IOException: NetworkError
07-08 01:34:27.427  5737  6485 W aryh    : 	at rvx.e(PG:10)
07-08 01:34:27.427  5737  6485 W aryh    : 	at rvr.a(Unknown Source:8)
07-08 01:34:27.427  5737  6485 W aryh    : 	at rvx.l(PG:5)
07-08 01:34:27.427  5737  6485 W aryh    : 	at rvx.c(PG:15)
07-08 01:34:27.427  5737  6485 W aryh    : 	at rvx.s(Unknown Source:1)
07-08 01:34:27.427  5737  6485 W aryh    : 	at bivd.a(Unknown Source:14)
07-08 01:34:27.427  5737  6485 W aryh    : 	at bjsg.b(PG:1)
07-08 01:34:27.427  5737  6485 W aryh    : 	at bjro.run(PG:2)
07-08 01:34:27.427  5737  6485 W aryh    : 	... 7 more
07-08 01:34:27.428  5737  6482 W bioc    : Job(AdsStartupJob#0.16) Enqueued job 'AdsStartupJob' failed
07-08 01:34:27.428  5737  6482 W bioc    : arzt: [/mail/ads/main] 2: Unknown network error: java.io.IOException: NetworkError
07-08 01:34:27.428  5737  6482 W bioc    : 	at arzq.b(PG:1)
07-08 01:34:27.428  5737  6482 W bioc    : 	at arzw.a(PG:11)
07-08 01:34:27.428  5737  6482 W bioc    : 	at arzv.a(Unknown Source:6)
07-08 01:34:27.428  5737  6482 W bioc    : 	at bjtg.a(Unknown Source:2)
07-08 01:34:27.428  5737  6482 W bioc    : 	at bjqm.e(Unknown Source:2)
07-08 01:34:27.428  5737  6482 W bioc    : 	at bmld.run(PG:7)
07-08 01:34:27.428  5737  6482 W bioc    : 	at bmki.execute(Unknown Source:0)
07-08 01:34:27.428  5737  6482 W bioc    : 	at bjue.execute(PG:3)
07-08 01:34:27.428  5737  6482 W bioc    : 	at bmit.n(PG:1)
07-08 01:34:27.428  5737  6482 W bioc    : 	at bmit.j(PG:8)
07-08 01:34:27.428  5737  6482 W bioc    : 	at bmit.setException(Unknown Source:17)
07-08 01:34:27.428  5737  6482 W bioc    : 	at com.google.common.util.concurrent.SettableFuture.setException(Unknown Source:0)
07-08 01:34:27.428  5737  6482 W bioc    : 	at bimi.a(Unknown Source:3)
07-08 01:34:27.428  5737  6482 W bioc    : 	at bjqm.e(Unknown Source:2)
07-08 01:34:27.428  5737  6482 W bioc    : 	at bmld.run(PG:7)
07-08 01:34:27.428  5737  6482 W bioc    : 	at axuk.run(Unknown Source:3)
07-08 01:34:27.428  5737  6482 W bioc    : 	at java.util.concurrent.Executors$RunnableAdapter.call(Executors.java:457)
07-08 01:34:27.428  5737  6482 W bioc    : 	at java.util.concurrent.FutureTask.run(FutureTask.java:266)
07-08 01:34:27.428  5737  6482 W bioc    : 	at java.util.concurrent.ScheduledThreadPoolExecutor$ScheduledFutureTask.run(ScheduledThreadPoolExecutor.java:301)
07-08 01:34:27.428  5737  6482 W bioc    : 	at java.util.concurrent.ThreadPoolExecutor.runWorker(ThreadPoolExecutor.java:1162)
07-08 01:34:27.428  5737  6482 W bioc    : 	at java.util.concurrent.ThreadPoolExecutor$Worker.run(ThreadPoolExecutor.java:636)
07-08 01:34:27.428  5737  6482 W bioc    : 	at java.lang.Thread.run(Thread.java:764)
07-08 01:34:27.428  5737  6482 W bioc    : Caused by: java.io.IOException: NetworkError
07-08 01:34:27.428  5737  6482 W bioc    : 	at rvx.e(PG:10)
07-08 01:34:27.428  